Archive member included because of file (symbol)

/home/ensab/Pro/Git/RepRapFirmware/Release/arduino.ar(variant.cpp.o)
                              ./Libraries/SPI/SPI.cpp.o (g_APinDescription)
/home/ensab/Pro/Git/RepRapFirmware/Release/arduino.ar(IPAddress.cpp.o)
                              ./Libraries/Ethernet/Dhcp.cpp.o (_ZN9IPAddressC1Ehhhh)
/home/ensab/Pro/Git/RepRapFirmware/Release/arduino.ar(Print.cpp.o)
                              ./Libraries/SD/utility/SdFile.cpp.o (_ZN5Print5writeEPKhj)
/home/ensab/Pro/Git/RepRapFirmware/Release/arduino.ar(RingBuffer.cpp.o)
                              /home/ensab/Pro/Git/RepRapFirmware/Release/arduino.ar(variant.cpp.o) (_ZN10RingBufferC1Ev)
/home/ensab/Pro/Git/RepRapFirmware/Release/arduino.ar(UARTClass.cpp.o)
                              /home/ensab/Pro/Git/RepRapFirmware/Release/arduino.ar(variant.cpp.o) (_ZN9UARTClassC1EP4Uart4IRQnmP10RingBuffer)
/home/ensab/Pro/Git/RepRapFirmware/Release/arduino.ar(USARTClass.cpp.o)
                              /home/ensab/Pro/Git/RepRapFirmware/Release/arduino.ar(variant.cpp.o) (_ZN10USARTClassC1EP5Usart4IRQnmP10RingBuffer)
/home/ensab/Pro/Git/RepRapFirmware/Release/arduino.ar(WMath.cpp.o)
                              ./Libraries/Ethernet/Dhcp.cpp.o (_Z6randomll)
/home/ensab/Pro/Git/RepRapFirmware/Release/arduino.ar(WString.cpp.o)
                              /home/ensab/Pro/Git/RepRapFirmware/Release/arduino.ar(Print.cpp.o) (_ZNK6StringixEj)
/home/ensab/Pro/Git/RepRapFirmware/Release/arduino.ar(cxxabi-compat.cpp.o)
                              ./Libraries/SD/File.cpp.o (__cxa_pure_virtual)
/home/ensab/Pro/Git/RepRapFirmware/Release/arduino.ar(itoa.c.o)
                              /home/ensab/Pro/Git/RepRapFirmware/Release/arduino.ar(WString.cpp.o) (ltoa)
/home/ensab/Pro/Git/RepRapFirmware/Release/arduino.ar(wiring.c.o)
                              ./GCodes.cpp.o (micros)
/home/ensab/Pro/Git/RepRapFirmware/Release/arduino.ar(wiring_analog.c.o)
                              /home/ensab/Pro/Git/RepRapFirmware/Release/arduino.ar(variant.cpp.o) (analogOutputInit)
/home/ensab/Pro/Git/RepRapFirmware/Release/arduino.ar(wiring_digital.c.o)
                              ./Move.cpp.o (digitalRead)
/home/ensab/Pro/Git/RepRapFirmware/Release/arduino.ar(hooks.c.o)
                              /home/ensab/Pro/Git/RepRapFirmware/Release/arduino.ar(wiring.c.o) (yield)
/usr/local/arduino-1.5.2/hardware/arduino/sam/variants/arduino_due_x/libsam_sam3x8e_gcc_rel.a(pio.o)
                              /home/ensab/Pro/Git/RepRapFirmware/Release/arduino.ar(wiring_digital.c.o) (PIO_PullUp)
/usr/local/arduino-1.5.2/hardware/arduino/sam/variants/arduino_due_x/libsam_sam3x8e_gcc_rel.a(pmc.o)
                              ./Platform.cpp.o (pmc_enable_periph_clk)
/usr/local/arduino-1.5.2/hardware/arduino/sam/variants/arduino_due_x/libsam_sam3x8e_gcc_rel.a(pwmc.o)
                              /home/ensab/Pro/Git/RepRapFirmware/Release/arduino.ar(wiring_analog.c.o) (PWMC_ConfigureChannel)
/usr/local/arduino-1.5.2/hardware/arduino/sam/variants/arduino_due_x/libsam_sam3x8e_gcc_rel.a(spi.o)
                              ./Libraries/SPI/SPI.cpp.o (SPI_Enable)
/usr/local/arduino-1.5.2/hardware/arduino/sam/variants/arduino_due_x/libsam_sam3x8e_gcc_rel.a(tc.o)
                              ./Platform.cpp.o (TC_Configure)
/usr/local/arduino-1.5.2/hardware/arduino/sam/variants/arduino_due_x/libsam_sam3x8e_gcc_rel.a(timetick.o)
                              /home/ensab/Pro/Git/RepRapFirmware/Release/arduino.ar(wiring.c.o) (GetTickCount)
/usr/local/arduino-1.5.2/hardware/arduino/sam/variants/arduino_due_x/libsam_sam3x8e_gcc_rel.a(wdt.o)
                              /home/ensab/Pro/Git/RepRapFirmware/Release/arduino.ar(variant.cpp.o) (WDT_Disable)
/usr/local/arduino-1.5.2/hardware/arduino/sam/variants/arduino_due_x/libsam_sam3x8e_gcc_rel.a(system_sam3xa.o)
                              /home/ensab/Pro/Git/RepRapFirmware/Release/arduino.ar(variant.cpp.o) (SystemInit)
/usr/local/arduino-1.5.2/hardware/arduino/sam/variants/arduino_due_x/libsam_sam3x8e_gcc_rel.a(startup_sam3xa.o)
                              (Reset_Handler)
/usr/local/arduino-1.5.2/hardware/arduino/sam/variants/arduino_due_x/libsam_sam3x8e_gcc_rel.a(adc.o)
                              /home/ensab/Pro/Git/RepRapFirmware/Release/arduino.ar(variant.cpp.o) (adc_init)
/usr/local/arduino-1.5.2/hardware/arduino/sam/variants/arduino_due_x/libsam_sam3x8e_gcc_rel.a(uotghs.o)
                              /usr/local/arduino-1.5.2/hardware/arduino/sam/variants/arduino_due_x/libsam_sam3x8e_gcc_rel.a(startup_sam3xa.o) (UOTGHS_Handler)
/usr/local/arduino-1.5.2/hardware/arduino/sam/variants/arduino_due_x/libsam_sam3x8e_gcc_rel.a(dacc.o)
                              /home/ensab/Pro/Git/RepRapFirmware/Release/arduino.ar(wiring_analog.c.o) (dacc_reset)
/home/ensab/Pro/Git/RepRapFirmware/Release/arduino.ar(WInterrupts.c.o)
[...]
Memory Configuration

Name             Origin             Length             Attributes
rom              0x00080000         0x00080000         xr
sram0            0x20000000         0x00010000         xrw
sram1            0x20080000         0x00008000         xrw
ram              0x20070000         0x00018000         xrw
*default*        0x00000000         0xffffffff

Linker script and memory map

LOAD /usr/local/arduino-1.5.2/hardware/tools/g++_arm_none_eabi/bin/../lib/gcc/arm-none-eabi/4.4.1/thumb2/crti.o
LOAD /usr/local/arduino-1.5.2/hardware/tools/g++_arm_none_eabi/bin/../lib/gcc/arm-none-eabi/4.4.1/thumb2/crtbegin.o
LOAD /usr/local/arduino-1.5.2/hardware/tools/g++_arm_none_eabi/bin/../lib/gcc/arm-none-eabi/4.4.1/thumb2/libgcc.a
START GROUP
LOAD /home/ensab/Pro/Git/RepRapFirmware/Release/arduino/syscalls_sam3.c.o
LOAD ./Libraries/SPI/SPI.cpp.o
LOAD ./Libraries/SD/utility/Sd2Card.cpp.o
LOAD ./Libraries/SD/utility/SdFile.cpp.o
LOAD ./Libraries/SD/utility/SdVolume.cpp.o
LOAD ./Libraries/SD/File.cpp.o
LOAD ./Libraries/SD/SD.cpp.o
LOAD ./Libraries/Ethernet/utility/socket.cpp.o
LOAD ./Libraries/Ethernet/utility/w5100.cpp.o
LOAD ./Libraries/Ethernet/Dhcp.cpp.o
LOAD ./Libraries/Ethernet/Dns.cpp.o
LOAD ./Libraries/Ethernet/Ethernet.cpp.o
LOAD ./Libraries/Ethernet/EthernetClient.cpp.o
LOAD ./Libraries/Ethernet/EthernetServer.cpp.o
LOAD ./Libraries/Ethernet/EthernetUdp.cpp.o
LOAD ./GCodes.cpp.o
LOAD ./Heat.cpp.o
LOAD ./Move.cpp.o
LOAD ./Platform.cpp.o
LOAD ./RepRapFirmware.cpp.o
LOAD ./Webserver.cpp.o
LOAD /home/ensab/Pro/Git/RepRapFirmware/Release/arduino.ar
LOAD /usr/local/arduino-1.5.2/hardware/arduino/sam/variants/arduino_due_x/libsam_sam3x8e_gcc_rel.a
LOAD /home/ensab/Pro/Git/RepRapFirmware/Release/arduino.ar
END GROUP
LOAD /usr/local/arduino-1.5.2/hardware/tools/g++_arm_none_eabi/bin/../lib/gcc/arm-none-eabi/4.4.1/../../../../arm-none-eabi/lib/thumb2/libstdc++.a
LOAD /usr/local/arduino-1.5.2/hardware/tools/g++_arm_none_eabi/bin/../lib/gcc/arm-none-eabi/4.4.1/../../../../arm-none-eabi/lib/thumb2/libm.a
START GROUP
LOAD /usr/local/arduino-1.5.2/hardware/tools/g++_arm_none_eabi/bin/../lib/gcc/arm-none-eabi/4.4.1/thumb2/libgcc.a
LOAD /usr/local/arduino-1.5.2/hardware/tools/g++_arm_none_eabi/bin/../lib/gcc/arm-none-eabi/4.4.1/../../../../arm-none-eabi/lib/thumb2/libc.a
END GROUP
LOAD /usr/local/arduino-1.5.2/hardware/tools/g++_arm_none_eabi/bin/../lib/gcc/arm-none-eabi/4.4.1/thumb2/crtend.o
LOAD /usr/local/arduino-1.5.2/hardware/tools/g++_arm_none_eabi/bin/../lib/gcc/arm-none-eabi/4.4.1/thumb2/crtn.o

.text           0x00080000    0x1c0bc
                0x00080000                . = ALIGN (0x4)
                0x00080000                _sfixed = .
 *(.vectors .vectors.*)
 .vectors       0x00080000       0xf4 /usr/local/arduino-1.5.2/hardware/arduino/sam/variants/arduino_due_x/libsam_sam3x8e_gcc_rel.a(startup_sam3xa.o)
                0x00080000                exception_table
 *(.text .text.* .gnu.linkonce.t.*)
 .text          0x000800f4       0x30 /usr/local/arduino-1.5.2/hardware/tools/g++_arm_none_eabi/bin/../lib/gcc/arm-none-eabi/4.4.1/thumb2/crtbegin.o
 .text._sbrk    0x00080124       0x20 /home/ensab/Pro/Git/RepRapFirmware/Release/arduino/syscalls_sam3.c.o
                0x00080124                _sbrk
 .text._close   0x00080144        0x6 /home/ensab/Pro/Git/RepRapFirmware/Release/arduino/syscalls_sam3.c.o
                0x00080144                _close
 .text._fstat   0x0008014a        0xa /home/ensab/Pro/Git/RepRapFirmware/Release/arduino/syscalls_sam3.c.o
                0x0008014a                _fstat
 .text._isatty  0x00080154        0x4 /home/ensab/Pro/Git/RepRapFirmware/Release/arduino/syscalls_sam3.c.o
                0x00080154                _isatty
 .text._lseek   0x00080158        0x4 /home/ensab/Pro/Git/RepRapFirmware/Release/arduino/syscalls_sam3.c.o
                0x00080158                _lseek
 .text._read    0x0008015c        0x4 /home/ensab/Pro/Git/RepRapFirmware/Release/arduino/syscalls_sam3.c.o
                0x0008015c                _read
 .text._write   0x00080160       0x20 /home/ensab/Pro/Git/RepRapFirmware/Release/arduino/syscalls_sam3.c.o
                0x00080160                _write
 .text._kill    0x00080180        0x2 /home/ensab/Pro/Git/RepRapFirmware/Release/arduino/syscalls_sam3.c.o
                0x00080180                _kill
 .text._getpid  0x00080182        0x6 /home/ensab/Pro/Git/RepRapFirmware/Release/arduino/syscalls_sam3.c.o
                0x00080182                _getpid
 .text._exit    0x00080188       0x10 /home/ensab/Pro/Git/RepRapFirmware/Release/arduino/syscalls_sam3.c.o
                0x00080188                _exit
 .text._ZN8SPIClass11setBitOrderEh8BitOrder
                0x00080198       0x1e ./Libraries/SPI/SPI.cpp.o
                0x00080198                _ZN8SPIClass11setBitOrderEh8BitOrder
 .text._ZN8SPIClass8transferEhh15SPITransferMode
                0x000801b6       0x64 ./Libraries/SPI/SPI.cpp.o
                0x000801b6                _ZN8SPIClass8transferEhh15SPITransferMode
 *fill*         0x0008021a        0x2 00
 .text._ZL10SPI_0_Initv
                0x0008021c       0x48 ./Libraries/SPI/SPI.cpp.o
 .text._ZN8SPIClass15setClockDividerEhh
                0x00080264       0x2e ./Libraries/SPI/SPI.cpp.o
                0x00080264                _ZN8SPIClass15setClockDividerEhh
 .text._ZN8SPIClass11setDataModeEhh
                0x00080292       0x34 ./Libraries/SPI/SPI.cpp.o
                0x00080292                _ZN8SPIClass11setDataModeEhh
 *fill*         0x000802c6        0x2 00
 .text._ZN8SPIClass5beginEh
                0x000802c8       0x58 ./Libraries/SPI/SPI.cpp.o
                0x000802c8                _ZN8SPIClass5beginEh
 .text._ZN8SPIClass5beginEv
                0x00080320       0x24 ./Libraries/SPI/SPI.cpp.o
                0x00080320                _ZN8SPIClass5beginEv
 .text._ZN8SPIClassC1EP3SpimPFvvE
                0x00080344       0x20 ./Libraries/SPI/SPI.cpp.o
                0x00080344                _ZN8SPIClassC1EP3SpimPFvvE
 .text._GLOBAL__I__ZN8SPIClassC2EP3SpimPFvvE
                0x00080364       0x18 ./Libraries/SPI/SPI.cpp.o
 .text._ZL7spiSendh
                0x0008037c       0x10 ./Libraries/SD/utility/Sd2Card.cpp.o
 .text._ZL6spiRecv
                0x0008038c       0x10 ./Libraries/SD/utility/Sd2Card.cpp.o
 .text._ZN7Sd2Card11waitNotBusyEt
                0x0008039c       0x26 ./Libraries/SD/utility/Sd2Card.cpp.o
                0x0008039c                _ZN7Sd2Card11waitNotBusyEt
 *fill*         0x000803c2        0x2 00
 .text._ZN7Sd2Card10setSckRateEh
                0x000803c4       0x24 ./Libraries/SD/utility/Sd2Card.cpp.o
                0x000803c4                _ZN7Sd2Card10setSckRateEh
 .text._ZN7Sd2Card13chipSelectLowEv
                0x000803e8        0x8 ./Libraries/SD/utility/Sd2Card.cpp.o
                0x000803e8                _ZN7Sd2Card13chipSelectLowEv
 .text._ZN7Sd2Card14chipSelectHighEv
                0x000803f0        0x8 ./Libraries/SD/utility/Sd2Card.cpp.o
                0x000803f0                _ZN7Sd2Card14chipSelectHighEv
 .text._ZN7Sd2Card9writeDataEhPKh
                0x000803f8       0x48 ./Libraries/SD/utility/Sd2Card.cpp.o
                0x000803f8                _ZN7Sd2Card9writeDataEhPKh
 .text._ZN7Sd2Card14waitStartBlockEv
                0x00080440       0x3e ./Libraries/SD/utility/Sd2Card.cpp.o
                0x00080440                _ZN7Sd2Card14waitStartBlockEv
 .text._ZN7Sd2Card7readEndEv
                0x0008047e       0x28 ./Libraries/SD/utility/Sd2Card.cpp.o
                0x0008047e                _ZN7Sd2Card7readEndEv
 .text._ZN7Sd2Card11cardCommandEhm
                0x000804a6       0x6a ./Libraries/SD/utility/Sd2Card.cpp.o
                0x000804a6                _ZN7Sd2Card11cardCommandEhm
 .text._ZN7Sd2Card10writeBlockEmPKh
                0x00080510       0x6a ./Libraries/SD/utility/Sd2Card.cpp.o
                0x00080510                _ZN7Sd2Card10writeBlockEmPKh
 .text._ZN7Sd2Card8readDataEmttPh
                0x0008057a       0xae ./Libraries/SD/utility/Sd2Card.cpp.o
                0x0008057a                _ZN7Sd2Card8readDataEmttPh
 .text._ZN7Sd2Card9readBlockEmPh
                0x00080628       0x10 ./Libraries/SD/utility/Sd2Card.cpp.o
                0x00080628                _ZN7Sd2Card9readBlockEmPh
 .text._ZN7Sd2Card4initEhh
                0x00080638      0x134 ./Libraries/SD/utility/Sd2Card.cpp.o
                0x00080638                _ZN7Sd2Card4initEhh
 .text._ZN6SdFile7dirNameERK14directoryEntryPc
                0x0008076c       0x3c ./Libraries/SD/utility/SdFile.cpp.o
                0x0008076c                _ZN6SdFile7dirNameERK14directoryEntryPc
 .text._ZN6SdFile10make83NameEPKcPh
                0x000807a8       0x90 ./Libraries/SD/utility/SdFile.cpp.o
                0x000807a8                _ZN6SdFile10make83NameEPKcPh
 .text._ZN6SdFile7seekSetEm
                0x00080838       0x64 ./Libraries/SD/utility/SdFile.cpp.o
                0x00080838                _ZN6SdFile7seekSetEm
 .text._ZN6SdFile13cacheDirEntryEh
                0x0008089c       0x1c ./Libraries/SD/utility/SdFile.cpp.o
                0x0008089c                _ZN6SdFile13cacheDirEntryEh
 .text._ZN6SdFile4syncEv
                0x000808b8       0x7c ./Libraries/SD/utility/SdFile.cpp.o
                0x000808b8                _ZN6SdFile4syncEv
 .text._ZN6SdFile5closeEv
                0x00080934       0x14 ./Libraries/SD/utility/SdFile.cpp.o
                0x00080934                _ZN6SdFile5closeEv
 .text._ZN6SdFile8truncateEm
                0x00080948       0xa8 ./Libraries/SD/utility/SdFile.cpp.o
                0x00080948                _ZN6SdFile8truncateEm
 .text._ZN6SdFile6removeEv
                0x000809f0       0x2c ./Libraries/SD/utility/SdFile.cpp.o
                0x000809f0                _ZN6SdFile6removeEv
 .text._ZN6SdFile4readEPvt
                0x00080a1c      0x114 ./Libraries/SD/utility/SdFile.cpp.o
                0x00080a1c                _ZN6SdFile4readEPvt
 .text._ZN6SdFile12readDirCacheEv
                0x00080b30       0x34 ./Libraries/SD/utility/SdFile.cpp.o
                0x00080b30                _ZN6SdFile12readDirCacheEv
 .text._ZN6SdFile7readDirEP14directoryEntry
                0x00080b64       0x4a ./Libraries/SD/utility/SdFile.cpp.o
                0x00080b64                _ZN6SdFile7readDirEP14directoryEntry
 .text._ZN6SdFile8openRootEP8SdVolume
                0x00080bae       0x4e ./Libraries/SD/utility/SdFile.cpp.o
                0x00080bae                _ZN6SdFile8openRootEP8SdVolume
 .text._ZN6SdFile15openCachedEntryEhh
                0x00080bfc       0x9c ./Libraries/SD/utility/SdFile.cpp.o
                0x00080bfc                _ZN6SdFile15openCachedEntryEhh
 .text._ZN6SdFile10addClusterEv
                0x00080c98       0x30 ./Libraries/SD/utility/SdFile.cpp.o
                0x00080c98                _ZN6SdFile10addClusterEv
 .text._ZN6SdFile5writeEPKvt
                0x00080cc8      0x194 ./Libraries/SD/utility/SdFile.cpp.o
                0x00080cc8                _ZN6SdFile5writeEPKvt
 .text._ZN6SdFile5writeEh
                0x00080e5c       0x12 ./Libraries/SD/utility/SdFile.cpp.o
                0x00080e5c                _ZN6SdFile5writeEh
 .text._ZN6SdFile13addDirClusterEv
                0x00080e6e       0x48 ./Libraries/SD/utility/SdFile.cpp.o
                0x00080e6e                _ZN6SdFile13addDirClusterEv
 *fill*         0x00080eb6        0x2 00
 .text._ZN6SdFile4openEPS_PKch
                0x00080eb8      0x124 ./Libraries/SD/utility/SdFile.cpp.o
                0x00080eb8                _ZN6SdFile4openEPS_PKch
 .text._ZN6SdFile6removeEPS_PKc
                0x00080fdc       0x30 ./Libraries/SD/utility/SdFile.cpp.o
                0x00080fdc                _ZN6SdFile6removeEPS_PKc
 .text._ZN8SdVolume10cacheFlushEv
                0x0008100c       0x50 ./Libraries/SD/utility/SdVolume.cpp.o
                0x0008100c                _ZN8SdVolume10cacheFlushEv
 .text._ZN8SdVolume14cacheZeroBlockEm
                0x0008105c       0x3c ./Libraries/SD/utility/SdVolume.cpp.o
                0x0008105c                _ZN8SdVolume14cacheZeroBlockEm
 .text._ZN8SdVolume13cacheRawBlockEmh
                0x00081098       0x44 ./Libraries/SD/utility/SdVolume.cpp.o
                0x00081098                _ZN8SdVolume13cacheRawBlockEmh
 .text._ZN8SdVolume4initEP7Sd2Cardh
                0x000810dc      0x11c ./Libraries/SD/utility/SdVolume.cpp.o
                0x000810dc                _ZN8SdVolume4initEP7Sd2Cardh
 .text._ZN8SdVolume6fatPutEmm
                0x000811f8       0x84 ./Libraries/SD/utility/SdVolume.cpp.o
                0x000811f8                _ZN8SdVolume6fatPutEmm
 .text._ZNK8SdVolume6fatGetEmPm
                0x0008127c       0x64 ./Libraries/SD/utility/SdVolume.cpp.o
                0x0008127c                _ZNK8SdVolume6fatGetEmPm
 .text._ZN8SdVolume9freeChainEm
                0x000812e0       0x44 ./Libraries/SD/utility/SdVolume.cpp.o
                0x000812e0                _ZN8SdVolume9freeChainEm
 .text._ZNK8SdVolume9chainSizeEmPm
                0x00081324       0x44 ./Libraries/SD/utility/SdVolume.cpp.o
                0x00081324                _ZNK8SdVolume9chainSizeEmPm
 .text._ZN8SdVolume15allocContiguousEmPm
                0x00081368       0xae ./Libraries/SD/utility/SdVolume.cpp.o
                0x00081368                _ZN8SdVolume15allocContiguousEmPm
 *fill*         0x00081416        0x2 00
 .text._ZN4FileC1Ev
                0x00081418       0x18 ./Libraries/SD/File.cpp.o
                0x00081418                _ZN4FileC1Ev
 .text._ZN4FileD1Ev
                0x00081430        0xc ./Libraries/SD/File.cpp.o
                0x00081430                _ZN4FileD1Ev
 .text._ZN4File4nameEv
                0x0008143c        0x4 ./Libraries/SD/File.cpp.o
                0x0008143c                _ZN4File4nameEv
 .text._ZN4File5writeEh
                0x00081440       0x14 ./Libraries/SD/File.cpp.o
                0x00081440                _ZN4File5writeEh
 .text._ZN4File8positionEv
                0x00081454        0xe ./Libraries/SD/File.cpp.o
                0x00081454                _ZN4File8positionEv
 .text._ZN4File4sizeEv
                0x00081462        0x8 ./Libraries/SD/File.cpp.o
                0x00081462                _ZN4File4sizeEv
 .text._ZN4File9availableEv
                0x0008146a       0x26 ./Libraries/SD/File.cpp.o
                0x0008146a                _ZN4File9availableEv
 .text._ZN4FilecvbEv
                0x00081490        0xe ./Libraries/SD/File.cpp.o
                0x00081490                _ZN4FilecvbEv
 .text._ZN4File5closeEv
                0x0008149e       0x18 ./Libraries/SD/File.cpp.o
                0x0008149e                _ZN4File5closeEv
 .text._ZN4File4seekEm
                0x000814b6        0xa ./Libraries/SD/File.cpp.o
                0x000814b6                _ZN4File4seekEm
 .text._ZN4File5flushEv
                0x000814c0        0xa ./Libraries/SD/File.cpp.o
                0x000814c0                _ZN4File5flushEv
 .text._ZN4File4readEv
                0x000814ca       0x26 ./Libraries/SD/File.cpp.o
                0x000814ca                _ZN4File4readEv
 .text._ZN4File4peekEv
                0x000814f0       0x3a ./Libraries/SD/File.cpp.o
                0x000814f0                _ZN4File4peekEv
 .text._ZN4File5writeEPKhj
                0x0008152a       0x26 ./Libraries/SD/File.cpp.o
                0x0008152a                _ZN4File5writeEPKhj
 .text._ZN4FileC1E6SdFilePKc
                0x00081550       0x58 ./Libraries/SD/File.cpp.o
                0x00081550                _ZN4FileC1E6SdFilePKc
 .text._Z20getNextPathComponentPcPjS_
                0x000815a8       0x4c ./Libraries/SD/SD.cpp.o
                0x000815a8                _Z20getNextPathComponentPcPjS_
 .text._ZN4File12openNextFileEh
                0x000815f4       0xb4 ./Libraries/SD/SD.cpp.o
                0x000815f4                _ZN4File12openNextFileEh
 .text._Z19callback_pathExistsR6SdFilePchPv
                0x000816a8       0x34 ./Libraries/SD/SD.cpp.o
                0x000816a8                _Z19callback_pathExistsR6SdFilePchPv
 .text._Z8walkPathPcR6SdFilePFhS1_S_hPvES2_
                0x000816dc       0xa4 ./Libraries/SD/SD.cpp.o
                0x000816dc                _Z8walkPathPcR6SdFilePFhS1_S_hPvES2_
 .text._ZN7SDClass6removeEPc
                0x00081780       0x14 ./Libraries/SD/SD.cpp.o
                0x00081780                _ZN7SDClass6removeEPc
 .text._ZN7SDClass6existsEPc
                0x00081794       0x14 ./Libraries/SD/SD.cpp.o
                0x00081794                _ZN7SDClass6existsEPc
 .text._ZN7SDClass12getParentDirEPKcPi
                0x000817a8      0x108 ./Libraries/SD/SD.cpp.o
                0x000817a8                _ZN7SDClass12getParentDirEPKcPi
 .text._ZN7SDClass4openEPKch
                0x000818b0      0x104 ./Libraries/SD/SD.cpp.o
                0x000818b0                _ZN7SDClass4openEPKch
 .text._ZN7SDClass5beginEh
                0x000819b4       0x40 ./Libraries/SD/SD.cpp.o
                0x000819b4                _ZN7SDClass5beginEh
 .text._Z15callback_removeR6SdFilePchPv
                0x000819f4        0xa ./Libraries/SD/SD.cpp.o
                0x000819f4                _Z15callback_removeR6SdFilePchPv
 *fill*         0x000819fe        0x2 00
 .text._GLOBAL__I__Z20getNextPathComponentPcPjS_
                0x00081a00       0x28 ./Libraries/SD/SD.cpp.o
 .text._Z10disconnecth
                0x00081a28       0x10 ./Libraries/Ethernet/utility/socket.cpp.o
                0x00081a28                _Z10disconnecth
 .text._ZN10W5100Class8readSnIREh
                0x00081a38       0x14 ./Libraries/Ethernet/utility/socket.cpp.o
                0x00081a38                _ZN10W5100Class8readSnIREh
 .text._Z6listenh
                0x00081a4c       0x2c ./Libraries/Ethernet/utility/socket.cpp.o
                0x00081a4c                _Z6listenh
 .text._ZN10W5100Class9writeSnIREhh
                0x00081a78       0x14 ./Libraries/Ethernet/utility/socket.cpp.o
                0x00081a78                _ZN10W5100Class9writeSnIREhh
 .text._Z7sendUDPh
                0x00081a8c       0x44 ./Libraries/Ethernet/utility/socket.cpp.o
                0x00081a8c                _Z7sendUDPh
 .text._Z5closeh
                0x00081ad0       0x20 ./Libraries/Ethernet/utility/socket.cpp.o
                0x00081ad0                _Z5closeh
 .text._ZN10W5100Class12writeSnDPORTEht
                0x00081af0       0x2c ./Libraries/Ethernet/utility/socket.cpp.o
                0x00081af0                _ZN10W5100Class12writeSnDPORTEht
 .text._ZN10W5100Class11writeSnPORTEht
                0x00081b1c       0x28 ./Libraries/Ethernet/utility/socket.cpp.o
                0x00081b1c                _ZN10W5100Class11writeSnPORTEht
 .text._Z6sockethhth
                0x00081b44       0x58 ./Libraries/Ethernet/utility/socket.cpp.o
                0x00081b44                _Z6sockethhth
 .text._Z8startUDPhPht
                0x00081b9c       0x3e ./Libraries/Ethernet/utility/socket.cpp.o
                0x00081b9c                _Z8startUDPhPht
 *fill*         0x00081bda        0x2 00
 .text._Z7connecthPht
                0x00081bdc       0x64 ./Libraries/Ethernet/utility/socket.cpp.o
                0x00081bdc                _Z7connecthPht
 .text._Z10bufferDatahtPKht
                0x00081c40       0x38 ./Libraries/Ethernet/utility/socket.cpp.o
                0x00081c40                _Z10bufferDatahtPKht
 .text._Z4sendhPKht
                0x00081c78       0x88 ./Libraries/Ethernet/utility/socket.cpp.o
                0x00081c78                _Z4sendhPKht
 .text._Z4peekhPh
                0x00081d00       0x1c ./Libraries/Ethernet/utility/socket.cpp.o
                0x00081d00                _Z4peekhPh
 .text._Z4recvhPhs
                0x00081d1c       0x64 ./Libraries/Ethernet/utility/socket.cpp.o
                0x00081d1c                _Z4recvhPhs
 .text._ZN10W5100Class4readEtPht
                0x00081d80       0x54 ./Libraries/Ethernet/utility/w5100.cpp.o
                0x00081d80                _ZN10W5100Class4readEtPht
 .text._ZN10W5100Class9read_dataEhtPVht
                0x00081dd4       0x54 ./Libraries/Ethernet/utility/w5100.cpp.o
                0x00081dd4                _ZN10W5100Class9read_dataEhtPVht
 .text._ZN10W5100Class4readEt
                0x00081e28       0x3c ./Libraries/Ethernet/utility/w5100.cpp.o
                0x00081e28                _ZN10W5100Class4readEt
 .text._ZN10W5100Class6readSnEht
                0x00081e64        0xc ./Libraries/Ethernet/utility/w5100.cpp.o
                0x00081e64                _ZN10W5100Class6readSnEht
 .text._ZN10W5100Class12readSnRX_RSREh
                0x00081e70       0x20 ./Libraries/Ethernet/utility/w5100.cpp.o
                0x00081e70                _ZN10W5100Class12readSnRX_RSREh
 .text._ZN10W5100Class17getRXReceivedSizeEh
                0x00081e90       0x20 ./Libraries/Ethernet/utility/w5100.cpp.o
                0x00081e90                _ZN10W5100Class17getRXReceivedSizeEh
 .text._ZN10W5100Class12readSnTX_FSREh
                0x00081eb0       0x20 ./Libraries/Ethernet/utility/w5100.cpp.o
                0x00081eb0                _ZN10W5100Class12readSnTX_FSREh
 .text._ZN10W5100Class13getTXFreeSizeEh
                0x00081ed0       0x20 ./Libraries/Ethernet/utility/w5100.cpp.o
                0x00081ed0                _ZN10W5100Class13getTXFreeSizeEh
 .text._ZN10W5100Class5writeEtPKht
                0x00081ef0       0x50 ./Libraries/Ethernet/utility/w5100.cpp.o
                0x00081ef0                _ZN10W5100Class5writeEtPKht
 .text._ZN10W5100Class5writeEth
                0x00081f40       0x40 ./Libraries/Ethernet/utility/w5100.cpp.o
                0x00081f40                _ZN10W5100Class5writeEth
 .text._ZN10W5100Class9execCmdSnEh7SockCMD
                0x00081f80       0x22 ./Libraries/Ethernet/utility/w5100.cpp.o
                0x00081f80                _ZN10W5100Class9execCmdSnEh7SockCMD
 .text._ZN10W5100Class20recv_data_processingEhPhth
                0x00081fa2       0x70 ./Libraries/Ethernet/utility/w5100.cpp.o
                0x00081fa2                _ZN10W5100Class20recv_data_processingEhPhth
 .text._ZN10W5100Class27send_data_processing_offsetEhtPKht
                0x00082012       0x9a ./Libraries/Ethernet/utility/w5100.cpp.o
                0x00082012                _ZN10W5100Class27send_data_processing_offsetEhtPKht
 .text._ZN10W5100Class20send_data_processingEhPKht
                0x000820ac       0x10 ./Libraries/Ethernet/utility/w5100.cpp.o
                0x000820ac                _ZN10W5100Class20send_data_processingEhPKht
 .text._ZN10W5100Class4initEv
                0x000820bc       0x60 ./Libraries/Ethernet/utility/w5100.cpp.o
                0x000820bc                _ZN10W5100Class4initEv
 .text._GLOBAL__I__ZN9DhcpClass13beginWithDHCPEPhmm
                0x0008211c       0x18 ./Libraries/Ethernet/Dhcp.cpp.o
 .text._ZN9DNSClient5beginERK9IPAddress
                0x00082134        0xc ./Libraries/Ethernet/Dns.cpp.o
                0x00082134                _ZN9DNSClient5beginERK9IPAddress
 .text._ZN9DNSClient9inet_atonEPKcR9IPAddress
                0x00082140       0x50 ./Libraries/Ethernet/Dns.cpp.o
                0x00082140                _ZN9DNSClient9inet_atonEPKcR9IPAddress
 .text._ZN9DNSClient15ProcessResponseEtR9IPAddress
                0x00082190      0x22c ./Libraries/Ethernet/Dns.cpp.o
                0x00082190                _ZN9DNSClient15ProcessResponseEtR9IPAddress
 .text._ZN9DNSClient12BuildRequestEPKc
                0x000823bc       0xe2 ./Libraries/Ethernet/Dns.cpp.o
                0x000823bc                _ZN9DNSClient12BuildRequestEPKc
 *fill*         0x0008249e        0x2 00
 .text._ZN9DNSClient13getHostByNameEPKcR9IPAddress
                0x000824a0       0x90 ./Libraries/Ethernet/Dns.cpp.o
                0x000824a0                _ZN9DNSClient13getHostByNameEPKcR9IPAddress
 .text._GLOBAL__I__ZN9DNSClient5beginERK9IPAddress
                0x00082530       0x18 ./Libraries/Ethernet/Dns.cpp.o
 .text._ZN13EthernetClass11dnsServerIPEv
                0x00082548       0x10 ./Libraries/Ethernet/Ethernet.cpp.o
                0x00082548                _ZN13EthernetClass11dnsServerIPEv
 .text._ZN13EthernetClass5beginEPh9IPAddressS1_S1_S1_
                0x00082558       0x48 ./Libraries/Ethernet/Ethernet.cpp.o
                0x00082558                _ZN13EthernetClass5beginEPh9IPAddressS1_S1_S1_
 .text._ZN13EthernetClass5beginEPh9IPAddressS1_S1_
                0x000825a0       0x54 ./Libraries/Ethernet/Ethernet.cpp.o
                0x000825a0                _ZN13EthernetClass5beginEPh9IPAddressS1_S1_
 .text._ZN13EthernetClass5beginEPh9IPAddressS1_
                0x000825f4       0x34 ./Libraries/Ethernet/Ethernet.cpp.o
                0x000825f4                _ZN13EthernetClass5beginEPh9IPAddressS1_
 .text._ZN13EthernetClass5beginEPh9IPAddress
                0x00082628       0x28 ./Libraries/Ethernet/Ethernet.cpp.o
                0x00082628                _ZN13EthernetClass5beginEPh9IPAddress
 .text._GLOBAL__I__ZN13EthernetClass6_stateE
                0x00082650       0x24 ./Libraries/Ethernet/Ethernet.cpp.o
 .text._ZN14EthernetClientC1Ev
                0x00082674       0x18 ./Libraries/Ethernet/EthernetClient.cpp.o
                0x00082674                _ZN14EthernetClientC1Ev
 .text._ZN14EthernetClientC1Eh
                0x0008268c       0x18 ./Libraries/Ethernet/EthernetClient.cpp.o
                0x0008268c                _ZN14EthernetClientC1Eh
 .text._ZN14EthernetClient5writeEh
                0x000826a4       0x14 ./Libraries/Ethernet/EthernetClient.cpp.o
                0x000826a4                _ZN14EthernetClient5writeEh
 .text._ZN14EthernetClient5flushEv
                0x000826b8       0x1c ./Libraries/Ethernet/EthernetClient.cpp.o
                0x000826b8                _ZN14EthernetClient5flushEv
 .text._ZN14EthernetClientcvbEv
                0x000826d4        0xa ./Libraries/Ethernet/EthernetClient.cpp.o
                0x000826d4                _ZN14EthernetClientcvbEv
 .text._ZN14EthernetClient6statusEv
                0x000826de       0x18 ./Libraries/Ethernet/EthernetClient.cpp.o
                0x000826de                _ZN14EthernetClient6statusEv
 .text._ZN14EthernetClient9connectedEv
                0x000826f6       0x38 ./Libraries/Ethernet/EthernetClient.cpp.o
                0x000826f6                _ZN14EthernetClient9connectedEv
 *fill*         0x0008272e        0x2 00
 .text._ZN14EthernetClient4stopEv
                0x00082730       0x5c ./Libraries/Ethernet/EthernetClient.cpp.o
                0x00082730                _ZN14EthernetClient4stopEv
 .text._ZN14EthernetClient4peekEv
                0x0008278c       0x20 ./Libraries/Ethernet/EthernetClient.cpp.o
                0x0008278c                _ZN14EthernetClient4peekEv
 .text._ZN14EthernetClient4readEPhj
                0x000827ac        0xe ./Libraries/Ethernet/EthernetClient.cpp.o
                0x000827ac                _ZN14EthernetClient4readEPhj
 .text._ZN14EthernetClient4readEv
                0x000827ba       0x1e ./Libraries/Ethernet/EthernetClient.cpp.o
                0x000827ba                _ZN14EthernetClient4readEv
 .text._ZN14EthernetClient9availableEv
                0x000827d8       0x18 ./Libraries/Ethernet/EthernetClient.cpp.o
                0x000827d8                _ZN14EthernetClient9availableEv
 .text._ZN14EthernetClient5writeEPKhj
                0x000827f0       0x26 ./Libraries/Ethernet/EthernetClient.cpp.o
                0x000827f0                _ZN14EthernetClient5writeEPKhj
 *fill*         0x00082816        0x2 00
 .text._ZN14EthernetClient7connectE9IPAddresst
                0x00082818       0xa0 ./Libraries/Ethernet/EthernetClient.cpp.o
                0x00082818                _ZN14EthernetClient7connectE9IPAddresst
 .text._ZN14EthernetClient7connectEPKct
                0x000828b8       0x68 ./Libraries/Ethernet/EthernetClient.cpp.o
                0x000828b8                _ZN14EthernetClient7connectEPKct
 .text._GLOBAL__I__ZN14EthernetClient8_srcportE
                0x00082920       0x18 ./Libraries/Ethernet/EthernetClient.cpp.o
 .text._ZN14EthernetServerC1Et
                0x00082938       0x10 ./Libraries/Ethernet/EthernetServer.cpp.o
                0x00082938                _ZN14EthernetServerC1Et
 .text._ZN14EthernetServer5writeEh
                0x00082948       0x14 ./Libraries/Ethernet/EthernetServer.cpp.o
                0x00082948                _ZN14EthernetServer5writeEh
 .text._ZN14EthernetServer6acceptEv
                0x0008295c       0x60 ./Libraries/Ethernet/EthernetServer.cpp.o
                0x0008295c                _ZN14EthernetServer6acceptEv
 .text._ZN14EthernetServer5writeEPKhj
                0x000829bc       0x58 ./Libraries/Ethernet/EthernetServer.cpp.o
                0x000829bc                _ZN14EthernetServer5writeEPKhj
 .text._ZN14EthernetServer9availableEv
                0x00082a14       0x78 ./Libraries/Ethernet/EthernetServer.cpp.o
                0x00082a14                _ZN14EthernetServer9availableEv
 .text._ZN14EthernetServer5beginEv
                0x00082a8c       0x48 ./Libraries/Ethernet/EthernetServer.cpp.o
                0x00082a8c                _ZN14EthernetServer5beginEv
 .text._GLOBAL__I__ZN14EthernetServerC2Et
                0x00082ad4       0x18 ./Libraries/Ethernet/EthernetServer.cpp.o
 .text._ZN11EthernetUDP4readEPcj
                0x00082aec        0xa ./Libraries/Ethernet/EthernetUdp.cpp.o
                0x00082aec                _ZN11EthernetUDP4readEPcj
 *fill*         0x00082af6        0x2 00
 .text._ZN11EthernetUDP8remoteIPEv
                0x00082af8       0x10 ./Libraries/Ethernet/EthernetUdp.cpp.o
                0x00082af8                _ZN11EthernetUDP8remoteIPEv
 .text._ZN11EthernetUDP10remotePortEv
                0x00082b08        0x4 ./Libraries/Ethernet/EthernetUdp.cpp.o
                0x00082b08                _ZN11EthernetUDP10remotePortEv
 .text._ZN11EthernetUDP9availableEv
                0x00082b0c        0x4 ./Libraries/Ethernet/EthernetUdp.cpp.o
                0x00082b0c                _ZN11EthernetUDP9availableEv
 .text._ZN11EthernetUDP5writeEh
                0x00082b10       0x14 ./Libraries/Ethernet/EthernetUdp.cpp.o
                0x00082b10                _ZN11EthernetUDP5writeEh
 .text._ZN11EthernetUDP5flushEv
                0x00082b24       0x16 ./Libraries/Ethernet/EthernetUdp.cpp.o
                0x00082b24                _ZN11EthernetUDP5flushEv
 .text._ZN11EthernetUDP4peekEv
                0x00082b3a       0x1c ./Libraries/Ethernet/EthernetUdp.cpp.o
                0x00082b3a                _ZN11EthernetUDP4peekEv
 .text._ZN11EthernetUDP4readEPhj
                0x00082b56       0x2a ./Libraries/Ethernet/EthernetUdp.cpp.o
                0x00082b56                _ZN11EthernetUDP4readEPhj
 .text._ZN11EthernetUDP4readEv
                0x00082b80       0x2c ./Libraries/Ethernet/EthernetUdp.cpp.o
                0x00082b80                _ZN11EthernetUDP4readEv
 .text._ZN11EthernetUDP11parsePacketEv
                0x00082bac       0x58 ./Libraries/Ethernet/EthernetUdp.cpp.o
                0x00082bac                _ZN11EthernetUDP11parsePacketEv
 .text._ZN11EthernetUDP5writeEPKhj
                0x00082c04       0x1a ./Libraries/Ethernet/EthernetUdp.cpp.o
                0x00082c04                _ZN11EthernetUDP5writeEPKhj
 .text._ZN11EthernetUDP9endPacketEv
                0x00082c1e        0x6 ./Libraries/Ethernet/EthernetUdp.cpp.o
                0x00082c1e                _ZN11EthernetUDP9endPacketEv
 .text._ZN11EthernetUDP11beginPacketE9IPAddresst
                0x00082c24        0xe ./Libraries/Ethernet/EthernetUdp.cpp.o
                0x00082c24                _ZN11EthernetUDP11beginPacketE9IPAddresst
 *fill*         0x00082c32        0x2 00
 .text._ZN11EthernetUDPC1Ev
                0x00082c34       0x24 ./Libraries/Ethernet/EthernetUdp.cpp.o
                0x00082c34                _ZN11EthernetUDPC1Ev
 .text._ZN11EthernetUDP11beginPacketEPKct
                0x00082c58       0x68 ./Libraries/Ethernet/EthernetUdp.cpp.o
                0x00082c58                _ZN11EthernetUDP11beginPacketEPKct
 .text._ZN11EthernetUDP4stopEv
                0x00082cc0       0x24 ./Libraries/Ethernet/EthernetUdp.cpp.o
                0x00082cc0                _ZN11EthernetUDP4stopEv
 .text._ZN11EthernetUDP5beginEt
                0x00082ce4       0x5a ./Libraries/Ethernet/EthernetUdp.cpp.o
                0x00082ce4                _ZN11EthernetUDP5beginEt
 *fill*         0x00082d3e        0x2 00
 .text._GLOBAL__I__ZN11EthernetUDPC2Ev
                0x00082d40       0x18 ./Libraries/Ethernet/EthernetUdp.cpp.o
 .text._ZN6GCodes8ReadMoveEPfRb
                0x00082d58       0x32 ./GCodes.cpp.o
                0x00082d58                _ZN6GCodes8ReadMoveEPfRb
 .text._ZN11GCodeBufferC1EP8PlatformPc
                0x00082d8a        0x6 ./GCodes.cpp.o
                0x00082d8a                _ZN11GCodeBufferC1EP8PlatformPc
 .text._ZN11GCodeBuffer4InitEv
                0x00082d90       0x10 ./GCodes.cpp.o
                0x00082d90                _ZN11GCodeBuffer4InitEv
 .text._ZN11GCodeBuffer4SeenEc
                0x00082da0       0x2a ./GCodes.cpp.o
                0x00082da0                _ZN11GCodeBuffer4SeenEc
 *fill*         0x00082dca        0x2 00
 .text._ZN11GCodeBuffer9GetStringEv
                0x00082dcc       0x3c ./GCodes.cpp.o
                0x00082dcc                _ZN11GCodeBuffer9GetStringEv
 .text._ZN11GCodeBuffer3PutEc
                0x00082e08       0x90 ./GCodes.cpp.o
                0x00082e08                _ZN11GCodeBuffer3PutEc
 .text._ZN6GCodes11DiagnosticsEv
                0x00082e98       0x10 ./GCodes.cpp.o
                0x00082e98                _ZN6GCodes11DiagnosticsEv
 .text._ZN11GCodeBuffer9GetLValueEv
                0x00082ea8       0x30 ./GCodes.cpp.o
                0x00082ea8                _ZN11GCodeBuffer9GetLValueEv
 .text._ZN11GCodeBuffer9GetFValueEv
                0x00082ed8       0x34 ./GCodes.cpp.o
                0x00082ed8                _ZN11GCodeBuffer9GetFValueEv
 .text._ZN6GCodes10SetOffsetsEP11GCodeBuffer
                0x00082f0c       0x5c ./GCodes.cpp.o
                0x00082f0c                _ZN6GCodes10SetOffsetsEP11GCodeBuffer
 .text._ZN6GCodes7DoDwellEP11GCodeBuffer
                0x00082f68       0xe8 ./GCodes.cpp.o
                0x00082f68                _ZN6GCodes7DoDwellEP11GCodeBuffer
 .text._ZN6GCodes4InitEv
                0x00083050       0xb8 ./GCodes.cpp.o
                0x00083050                _ZN6GCodes4InitEv
 .text._ZN6GCodes16QueueFileToPrintEPc
                0x00083108       0x2c ./GCodes.cpp.o
                0x00083108                _ZN6GCodes16QueueFileToPrintEPc
 *fill*         0x00083134        0x4 00
 .text._ZN6GCodes9SetUpMoveEP11GCodeBuffer
                0x00083138      0x100 ./GCodes.cpp.o
                0x00083138                _ZN6GCodes9SetUpMoveEP11GCodeBuffer
 .text._ZN6GCodes40AllMovesAreFinishedAndMoveBufferIsLoadedEv
                0x00083238       0x3c ./GCodes.cpp.o
                0x00083238                _ZN6GCodes40AllMovesAreFinishedAndMoveBufferIsLoadedEv
 .text._ZN6GCodes3PopEv
                0x00083274       0x64 ./GCodes.cpp.o
                0x00083274                _ZN6GCodes3PopEv
 .text._ZN6GCodes4PushEv
                0x000832d8       0x54 ./GCodes.cpp.o
                0x000832d8                _ZN6GCodes4PushEv
 *fill*         0x0008332c        0x4 00
 .text._ZN6GCodes6DoHomeEv
                0x00083330      0x140 ./GCodes.cpp.o
                0x00083330                _ZN6GCodes6DoHomeEv
 .text._ZN6GCodes10ActOnGcodeEP11GCodeBuffer
                0x00083470      0x354 ./GCodes.cpp.o
                0x00083470                _ZN6GCodes10ActOnGcodeEP11GCodeBuffer
 .text._ZN6GCodes4SpinEv
                0x000837c4       0xc4 ./GCodes.cpp.o
                0x000837c4                _ZN6GCodes4SpinEv
 .text._ZN6GCodesC1EP8PlatformP9Webserver
                0x00083888       0x54 ./GCodes.cpp.o
                0x00083888                _ZN6GCodesC1EP8PlatformP9Webserver
 .text._GLOBAL__I__ZN6GCodesC2EP8PlatformP9Webserver
                0x000838dc       0x18 ./GCodes.cpp.o
 .text._ZN3PIDC1EP8Platforma
                0x000838f4        0x6 ./Heat.cpp.o
                0x000838f4                _ZN3PIDC1EP8Platforma
 *fill*         0x000838fa        0x2 00
 .text._ZN3PID4SpinEv
                0x000838fc      0x1d0 ./Heat.cpp.o
                0x000838fc                _ZN3PID4SpinEv
 .text._ZN3PID4InitEv
                0x00083acc       0x38 ./Heat.cpp.o
                0x00083acc                _ZN3PID4InitEv
 .text._ZN4Heat11DiagnosticsEv
                0x00083b04       0x10 ./Heat.cpp.o
                0x00083b04                _ZN4Heat11DiagnosticsEv
 *fill*         0x00083b14        0x4 00
 .text._ZN4Heat4SpinEv
                0x00083b18       0x60 ./Heat.cpp.o
                0x00083b18                _ZN4Heat4SpinEv
 .text._ZN4Heat4InitEv
                0x00083b78       0x40 ./Heat.cpp.o
                0x00083b78                _ZN4Heat4InitEv
 .text._ZN4HeatC1EP8PlatformP6GCodes
                0x00083bb8       0x34 ./Heat.cpp.o
                0x00083bb8                _ZN4HeatC1EP8PlatformP6GCodes
 .text._GLOBAL__I__ZN4HeatC2EP8PlatformP6GCodes
                0x00083bec       0x18 ./Heat.cpp.o
 .text._ZN4Move15GetCurrentStateEPf
                0x00083c04       0x64 ./Move.cpp.o
                0x00083c04                _ZN4Move15GetCurrentStateEPf
 .text._ZN4Move10DDARingGetEv
                0x00083c68       0x26 ./Move.cpp.o
                0x00083c68                _ZN4Move10DDARingGetEv
 .text._ZN4Move16LookAheadRingGetEv
                0x00083c8e       0x20 ./Move.cpp.o
                0x00083c8e                _ZN4Move16LookAheadRingGetEv
 .text._ZN3DDAC1EP4MoveP8PlatformPS_
                0x00083cae       0x14 ./Move.cpp.o
                0x00083cae                _ZN3DDAC1EP4MoveP8PlatformPS_
 .text._ZN9LookAheadC1EP4MoveP8PlatformPS_
                0x00083cc2        0xc ./Move.cpp.o
                0x00083cc2                _ZN9LookAheadC1EP4MoveP8PlatformPS_
 *fill*         0x00083cce        0x2 00
 .text._ZN9LookAhead4InitEPffb
                0x00083cd0       0x38 ./Move.cpp.o
                0x00083cd0                _ZN9LookAhead4InitEPffb
 .text._ZN9LookAhead6CosineEv
                0x00083d08       0xea ./Move.cpp.o
                0x00083d08                _ZN9LookAhead6CosineEv
 *fill*         0x00083df2        0x2 00
 .text._ZN4Move16LookAheadRingAddEPffb
                0x00083df4       0x5c ./Move.cpp.o
                0x00083df4                _ZN4Move16LookAheadRingAddEPffb
 .text._ZN4Move11DiagnosticsEv
                0x00083e50       0x10 ./Move.cpp.o
                0x00083e50                _ZN4Move11DiagnosticsEv
 .text._ZN8Platform12SetInterruptEf
                0x00083e60       0x78 ./Move.cpp.o
                0x00083e60                _ZN8Platform12SetInterruptEf
 .text._ZN3DDA4StepEb
                0x00083ed8      0x19c ./Move.cpp.o
                0x00083ed8                _ZN3DDA4StepEb
 .text._ZN3DDA5StartEb
                0x00084074       0x36 ./Move.cpp.o
                0x00084074                _ZN3DDA5StartEb
 .text._ZN4Move9InterruptEv
                0x000840aa       0x30 ./Move.cpp.o
                0x000840aa                _ZN4Move9InterruptEv
 *fill*         0x000840da        0x2 00
 .text._ZN3DDA4InitEP9LookAheadRfS2_
                0x000840dc      0x464 ./Move.cpp.o
                0x000840dc                _ZN3DDA4InitEP9LookAheadRfS2_
 .text._ZN4Move10DDARingAddEP9LookAhead
                0x00084540       0x50 ./Move.cpp.o
                0x00084540                _ZN4Move10DDARingAddEP9LookAhead
 .text._ZN4Move15GetMovementTypeEPfS0_
                0x00084590       0x78 ./Move.cpp.o
                0x00084590                _ZN4Move15GetMovementTypeEPfS0_
 .text._ZN4Move11DoLookAheadEv
                0x00084608      0x18e ./Move.cpp.o
                0x00084608                _ZN4Move11DoLookAheadEv
 *fill*         0x00084796        0x2 00
 .text._ZN4Move4SpinEv
                0x00084798      0x154 ./Move.cpp.o
                0x00084798                _ZN4Move4SpinEv
 *fill*         0x000848ec        0x4 00
 .text._ZN4Move4InitEv
                0x000848f0      0x138 ./Move.cpp.o
                0x000848f0                _ZN4Move4InitEv
 .text._ZN4MoveC1EP8PlatformP6GCodes
                0x00084a28       0xb4 ./Move.cpp.o
                0x00084a28                _ZN4MoveC1EP8PlatformP6GCodes
 .text._GLOBAL__I__ZN4MoveC2EP8PlatformP6GCodes
                0x00084adc       0x18 ./Move.cpp.o
 .text._ZN11MassStorageC1EP8Platform
                0x00084af4        0x6 ./Platform.cpp.o
                0x00084af4                _ZN11MassStorageC1EP8Platform
 .text._ZN9FileStore4InitEv
                0x00084afa        0xa ./Platform.cpp.o
                0x00084afa                _ZN9FileStore4InitEv
 .text._ZN8Platform14GetMassStorageEv
                0x00084b04        0x6 ./Platform.cpp.o
                0x00084b04                _ZN8Platform14GetMassStorageEv
 .text._ZN8Platform15ReturnFileStoreEP9FileStore
                0x00084b0a       0x18 ./Platform.cpp.o
                0x00084b0a                _ZN8Platform15ReturnFileStoreEP9FileStore
 *fill*         0x00084b22        0x2 00
 .text._ZN7Network4InitEv
                0x00084b24       0x8c ./Platform.cpp.o
                0x00084b24                _ZN7Network4InitEv
 .text._ZN7NetworkC1Ev
                0x00084bb0       0x1e ./Platform.cpp.o
                0x00084bb0                _ZN7NetworkC1Ev
 *fill*         0x00084bce        0x2 00
 .text._ZN4Line4InitEv
                0x00084bd0       0x14 ./Platform.cpp.o
                0x00084bd0                _ZN4Line4InitEv
 *fill*         0x00084be4        0x4 00
 .text._ZN8Platform4SpinEv
                0x00084be8       0xd8 ./Platform.cpp.o
                0x00084be8                _ZN8Platform4SpinEv
 .text._ZN9FileStore6StatusEv
                0x00084cc0       0x1c ./Platform.cpp.o
                0x00084cc0                _ZN9FileStore6StatusEv
 .text._ZN9FileStore5CloseEv
                0x00084cdc       0x32 ./Platform.cpp.o
                0x00084cdc                _ZN9FileStore5CloseEv
 *fill*         0x00084d0e        0x2 00
 .text._ZN8Platform7MessageEcPc
                0x00084d10       0x40 ./Platform.cpp.o
                0x00084d10                _ZN8Platform7MessageEcPc
 .text._ZN7Network5CloseEv
                0x00084d50       0x38 ./Platform.cpp.o
                0x00084d50                _ZN7Network5CloseEv
 .text._ZN7Network4ReadERc
                0x00084d88       0x40 ./Platform.cpp.o
                0x00084d88                _ZN7Network4ReadERc
 .text._ZN7Network5WriteEPc
                0x00084dc8       0x3c ./Platform.cpp.o
                0x00084dc8                _ZN7Network5WriteEPc
 .text._ZN7Network5WriteEc
                0x00084e04       0x3c ./Platform.cpp.o
                0x00084e04                _ZN7Network5WriteEc
 .text._ZN9FileStore5WriteEc
                0x00084e40       0x48 ./Platform.cpp.o
                0x00084e40                _ZN9FileStore5WriteEc
 .text._ZN9FileStore5WriteEPc
                0x00084e88       0x34 ./Platform.cpp.o
                0x00084e88                _ZN9FileStore5WriteEPc
 .text._ZN9FileStore4ReadERc
                0x00084ebc       0x40 ./Platform.cpp.o
                0x00084ebc                _ZN9FileStore4ReadERc
 .text._ZN9FileStore6LengthEv
                0x00084efc       0x28 ./Platform.cpp.o
                0x00084efc                _ZN9FileStore6LengthEv
 .text._ZN9FileStore7GoToEndEv
                0x00084f24       0x30 ./Platform.cpp.o
                0x00084f24                _ZN9FileStore7GoToEndEv
 .text._ZN11MassStorage11CombineNameEPcS0_
                0x00084f54       0x98 ./Platform.cpp.o
                0x00084f54                _ZN11MassStorage11CombineNameEPcS0_
 .text._ZN9FileStore4OpenEPcS0_b
                0x00084fec      0x124 ./Platform.cpp.o
                0x00084fec                _ZN9FileStore4OpenEPcS0_b
 .text._ZN8Platform12GetFileStoreEPcS0_b
                0x00085110       0x48 ./Platform.cpp.o
                0x00085110                _ZN8Platform12GetFileStoreEPcS0_b
 .text._ZN8Platform11DiagnosticsEv
                0x00085158        0xc ./Platform.cpp.o
                0x00085158                _ZN8Platform11DiagnosticsEv
 .text._ZN9FileStoreC1EP8Platform
                0x00085164       0x16 ./Platform.cpp.o
                0x00085164                _ZN9FileStoreC1EP8Platform
 .text._ZN8PlatformC1EP6RepRap
                0x0008517a       0x5c ./Platform.cpp.o
                0x0008517a                _ZN8PlatformC1EP6RepRap
 *fill*         0x000851d6        0x2 00
 .text._ZN11MassStorage6DeleteEPcS0_
                0x000851d8       0x1c ./Platform.cpp.o
                0x000851d8                _ZN11MassStorage6DeleteEPcS0_
 .text._ZN11MassStorage8FileListEPc
                0x000851f4      0x13c ./Platform.cpp.o
                0x000851f4                _ZN11MassStorage8FileListEPc
 .text._ZN11MassStorage4InitEv
                0x00085330       0x28 ./Platform.cpp.o
                0x00085330                _ZN11MassStorage4InitEv
 .text._ZN8Platform9SetHeaterEaRKf
                0x00085358       0x60 ./Platform.cpp.o
                0x00085358                _ZN8Platform9SetHeaterEaRKf
 .text._ZN8Platform14GetTemperatureEa
                0x000853b8       0xb8 ./Platform.cpp.o
                0x000853b8                _ZN8Platform14GetTemperatureEa
 .text._ZN8Platform4InitEv
                0x00085470      0x398 ./Platform.cpp.o
                0x00085470                _ZN8Platform4InitEv
 .text.TC3_Handler
                0x00085808       0x20 ./Platform.cpp.o
                0x00085808                TC3_Handler
 .text.loop     0x00085828        0xc ./Platform.cpp.o
                0x00085828                loop
 .text.setup    0x00085834        0xc ./Platform.cpp.o
                0x00085834                setup
 .text._GLOBAL__I_setup
                0x00085840       0x18 ./Platform.cpp.o
 .text._Z14StringContainsPcS_
                0x00085858       0x2a ./RepRapFirmware.cpp.o
                0x00085858                _Z14StringContainsPcS_
 .text._Z16StringStartsWithPcS_
                0x00085882       0x30 ./RepRapFirmware.cpp.o
                0x00085882                _Z16StringStartsWithPcS_
 .text._Z12StringEqualsPcS_
                0x000858b2       0x3a ./RepRapFirmware.cpp.o
                0x000858b2                _Z12StringEqualsPcS_
 .text._Z14StringEndsWithPcS_
                0x000858ec       0x28 ./RepRapFirmware.cpp.o
                0x000858ec                _Z14StringEndsWithPcS_
 .text._Z4ftoaPcRKfi
                0x00085914       0x80 ./RepRapFirmware.cpp.o
                0x00085914                _Z4ftoaPcRKfi
 .text._ZN6RepRap11DiagnosticsEv
                0x00085994       0x26 ./RepRapFirmware.cpp.o
                0x00085994                _ZN6RepRap11DiagnosticsEv
 .text._ZN6RepRap4SpinEv
                0x000859ba       0x2c ./RepRapFirmware.cpp.o
                0x000859ba                _ZN6RepRap4SpinEv
 *fill*         0x000859e6        0x2 00
 .text._ZN6RepRap4InitEv
                0x000859e8       0x3c ./RepRapFirmware.cpp.o
                0x000859e8                _ZN6RepRap4InitEv
 .text._ZN6RepRapC1Ev
                0x00085a24       0x66 ./RepRapFirmware.cpp.o
                0x00085a24                _ZN6RepRapC1Ev
 *fill*         0x00085a8a        0x2 00
 .text._GLOBAL__I_reprap
                0x00085a8c       0x24 ./RepRapFirmware.cpp.o
 .text._ZN9Webserver14GCodeAvailableEv
                0x00085ab0        0x8 ./Webserver.cpp.o
                0x00085ab0                _ZN9Webserver14GCodeAvailableEv
 .text._ZN9Webserver9ReadGCodeEv
                0x00085ab8       0x26 ./Webserver.cpp.o
                0x00085ab8                _ZN9Webserver9ReadGCodeEv
 .text._ZN9Webserver14InitialisePostEv
                0x00085ade       0x18 ./Webserver.cpp.o
                0x00085ade                _ZN9Webserver14InitialisePostEv
 .text._ZN9WebserverC1EP8Platform
                0x00085af6        0x8 ./Webserver.cpp.o
                0x00085af6                _ZN9WebserverC1EP8Platform
 *fill*         0x00085afe        0x2 00
 .text._ZN9Webserver11DiagnosticsEv
                0x00085b00       0x10 ./Webserver.cpp.o
                0x00085b00                _ZN9Webserver11DiagnosticsEv
 .text._ZN9Webserver12ParseGetPostEv
                0x00085b10       0x90 ./Webserver.cpp.o
                0x00085b10                _ZN9Webserver12ParseGetPostEv
 .text._ZN9Webserver10JsonReportEbPc
                0x00085ba0       0x70 ./Webserver.cpp.o
                0x00085ba0                _ZN9Webserver10JsonReportEbPc
 .text._ZN9Webserver4InitEv
                0x00085c10       0x98 ./Webserver.cpp.o
                0x00085c10                _ZN9Webserver4InitEv
 .text._ZN9Webserver11CloseClientEv
                0x00085ca8       0x40 ./Webserver.cpp.o
                0x00085ca8                _ZN9Webserver11CloseClientEv
 .text._ZN9Webserver15ParseClientLineEv
                0x00085ce8      0x140 ./Webserver.cpp.o
                0x00085ce8                _ZN9Webserver15ParseClientLineEv
 .text._ZN9Webserver13CheckPasswordEv
                0x00085e28       0x16 ./Webserver.cpp.o
                0x00085e28                _ZN9Webserver13CheckPasswordEv
 .text._ZN9Webserver9WriteByteEv
                0x00085e3e       0x58 ./Webserver.cpp.o
                0x00085e3e                _ZN9Webserver9WriteByteEv
 *fill*         0x00085e96        0x2 00
 .text._ZN9Webserver15LoadGcodeBufferEPcb
                0x00085e98      0x1a0 ./Webserver.cpp.o
                0x00085e98                _ZN9Webserver15LoadGcodeBufferEPcb
 .text._ZN9Webserver15GetJsonResponseEPc
                0x00086038      0x20c ./Webserver.cpp.o
                0x00086038                _ZN9Webserver15GetJsonResponseEPc
 .text._ZN9Webserver8SendFileEPc
                0x00086244      0x1ec ./Webserver.cpp.o
                0x00086244                _ZN9Webserver8SendFileEPc
 .text._ZN9Webserver19BlankLineFromClientEv
                0x00086430       0x98 ./Webserver.cpp.o
                0x00086430                _ZN9Webserver19BlankLineFromClientEv
 .text._ZN9Webserver14CharFromClientEc
                0x000864c8       0x68 ./Webserver.cpp.o
                0x000864c8                _ZN9Webserver14CharFromClientEc
 .text._ZN9Webserver13MatchBoundaryEc
                0x00086530       0x5a ./Webserver.cpp.o
                0x00086530                _ZN9Webserver13MatchBoundaryEc
 *fill*         0x0008658a        0x6 00
 .text._ZN9Webserver4SpinEv
                0x00086590       0xe8 ./Webserver.cpp.o
                0x00086590                _ZN9Webserver4SpinEv
 .text._GLOBAL__I__ZN9Webserver13MatchBoundaryEc
                0x00086678       0x18 ./Webserver.cpp.o
 .text.init     0x00086690      0x11c /home/ensab/Pro/Git/RepRapFirmware/Release/arduino.ar(variant.cpp.o)
                0x00086690                init
 .text.USART3_Handler
                0x000867ac        0xc /home/ensab/Pro/Git/RepRapFirmware/Release/arduino.ar(variant.cpp.o)
                0x000867ac                USART3_Handler
 .text.USART1_Handler
                0x000867b8        0xc /home/ensab/Pro/Git/RepRapFirmware/Release/arduino.ar(variant.cpp.o)
                0x000867b8                USART1_Handler
 .text.USART0_Handler
                0x000867c4        0xc /home/ensab/Pro/Git/RepRapFirmware/Release/arduino.ar(variant.cpp.o)
                0x000867c4                USART0_Handler
 .text.UART_Handler
                0x000867d0        0xc /home/ensab/Pro/Git/RepRapFirmware/Release/arduino.ar(variant.cpp.o)
                0x000867d0                UART_Handler
 .text._GLOBAL__I_g_APinDescription
                0x000867dc       0x8c /home/ensab/Pro/Git/RepRapFirmware/Release/arduino.ar(variant.cpp.o)
 .text._ZN9IPAddressC1Ehhhh
                0x00086868       0x1c /home/ensab/Pro/Git/RepRapFirmware/Release/arduino.ar(IPAddress.cpp.o)
                0x00086868                _ZN9IPAddressC1Ehhhh
 .text._ZNK9IPAddress7printToER5Print
                0x00086884       0x3c /home/ensab/Pro/Git/RepRapFirmware/Release/arduino.ar(IPAddress.cpp.o)
                0x00086884                _ZNK9IPAddress7printToER5Print
 .text._ZN9IPAddressaSEPKh
                0x000868c0       0x10 /home/ensab/Pro/Git/RepRapFirmware/Release/arduino.ar(IPAddress.cpp.o)
                0x000868c0                _ZN9IPAddressaSEPKh
 .text._ZN9IPAddressC1EPKh
                0x000868d0       0x18 /home/ensab/Pro/Git/RepRapFirmware/Release/arduino.ar(IPAddress.cpp.o)
                0x000868d0                _ZN9IPAddressC1EPKh
 .text._ZN9IPAddressC1Ev
                0x000868e8       0x10 /home/ensab/Pro/Git/RepRapFirmware/Release/arduino.ar(IPAddress.cpp.o)
                0x000868e8                _ZN9IPAddressC1Ev
 .text._GLOBAL__I__ZN9IPAddressC2Ev
                0x000868f8       0x18 /home/ensab/Pro/Git/RepRapFirmware/Release/arduino.ar(IPAddress.cpp.o)
 .text._ZN5Print5writeEPKhj
                0x00086910       0x2e /home/ensab/Pro/Git/RepRapFirmware/Release/arduino.ar(Print.cpp.o)
                0x00086910                _ZN5Print5writeEPKhj
 .text._ZN5Print5printEc
                0x0008693e        0xa /home/ensab/Pro/Git/RepRapFirmware/Release/arduino.ar(Print.cpp.o)
                0x0008693e                _ZN5Print5printEc
 .text._ZN5Print5writeEPKc
                0x00086948       0x20 /home/ensab/Pro/Git/RepRapFirmware/Release/arduino.ar(Print.cpp.o)
                0x00086948                _ZN5Print5writeEPKc
 .text._ZN5Print11printNumberEmh
                0x00086968       0x3e /home/ensab/Pro/Git/RepRapFirmware/Release/arduino.ar(Print.cpp.o)
                0x00086968                _ZN5Print11printNumberEmh
 .text._ZN5Print5printEmi
                0x000869a6       0x1a /home/ensab/Pro/Git/RepRapFirmware/Release/arduino.ar(Print.cpp.o)
                0x000869a6                _ZN5Print5printEmi
 .text._ZN5Print5printEhi
                0x000869c0        0x4 /home/ensab/Pro/Git/RepRapFirmware/Release/arduino.ar(Print.cpp.o)
                0x000869c0                _ZN5Print5printEhi
 .text._ZN5Print5printEPKc
                0x000869c4        0x4 /home/ensab/Pro/Git/RepRapFirmware/Release/arduino.ar(Print.cpp.o)
                0x000869c4                _ZN5Print5printEPKc
 .text._ZN10RingBuffer10store_charEh
                0x000869c8       0x16 /home/ensab/Pro/Git/RepRapFirmware/Release/arduino.ar(RingBuffer.cpp.o)
                0x000869c8                _ZN10RingBuffer10store_charEh
 .text._ZN10RingBufferC1Ev
                0x000869de       0x16 /home/ensab/Pro/Git/RepRapFirmware/Release/arduino.ar(RingBuffer.cpp.o)
                0x000869de                _ZN10RingBufferC1Ev
 .text._ZN9UARTClasscvbEv
                0x000869f4        0x4 /home/ensab/Pro/Git/RepRapFirmware/Release/arduino.ar(UARTClass.cpp.o)
                0x000869f4                _ZN9UARTClasscvbEv
 .text._ZN9UARTClassC1EP4Uart4IRQnmP10RingBuffer
                0x000869f8       0x24 /home/ensab/Pro/Git/RepRapFirmware/Release/arduino.ar(UARTClass.cpp.o)
                0x000869f8                _ZN9UARTClassC1EP4Uart4IRQnmP10RingBuffer
 .text._ZN9UARTClass9availableEv
                0x00086a1c        0xe /home/ensab/Pro/Git/RepRapFirmware/Release/arduino.ar(UARTClass.cpp.o)
                0x00086a1c                _ZN9UARTClass9availableEv
 .text._ZN9UARTClass4peekEv
                0x00086a2a       0x12 /home/ensab/Pro/Git/RepRapFirmware/Release/arduino.ar(UARTClass.cpp.o)
                0x00086a2a                _ZN9UARTClass4peekEv
 .text._ZN9UARTClass4readEv
                0x00086a3c       0x1c /home/ensab/Pro/Git/RepRapFirmware/Release/arduino.ar(UARTClass.cpp.o)
                0x00086a3c                _ZN9UARTClass4readEv
 .text._ZN9UARTClass5flushEv
                0x00086a58        0xc /home/ensab/Pro/Git/RepRapFirmware/Release/arduino.ar(UARTClass.cpp.o)
                0x00086a58                _ZN9UARTClass5flushEv
 .text._ZN9UARTClass5writeEh
                0x00086a64       0x10 /home/ensab/Pro/Git/RepRapFirmware/Release/arduino.ar(UARTClass.cpp.o)
                0x00086a64                _ZN9UARTClass5writeEh
 .text._ZN9UARTClass10IrqHandlerEv
                0x00086a74       0x2a /home/ensab/Pro/Git/RepRapFirmware/Release/arduino.ar(UARTClass.cpp.o)
                0x00086a74                _ZN9UARTClass10IrqHandlerEv
 *fill*         0x00086a9e        0x2 00
 .text._ZN9UARTClass5beginEm
                0x00086aa0       0x5c /home/ensab/Pro/Git/RepRapFirmware/Release/arduino.ar(UARTClass.cpp.o)
                0x00086aa0                _ZN9UARTClass5beginEm
 .text._ZN10USARTClasscvbEv
                0x00086afc        0x4 /home/ensab/Pro/Git/RepRapFirmware/Release/arduino.ar(USARTClass.cpp.o)
                0x00086afc                _ZN10USARTClasscvbEv
 .text._ZN10USARTClassC1EP5Usart4IRQnmP10RingBuffer
                0x00086b00       0x24 /home/ensab/Pro/Git/RepRapFirmware/Release/arduino.ar(USARTClass.cpp.o)
                0x00086b00                _ZN10USARTClassC1EP5Usart4IRQnmP10RingBuffer
 .text._ZN10USARTClass9availableEv
                0x00086b24        0xe /home/ensab/Pro/Git/RepRapFirmware/Release/arduino.ar(USARTClass.cpp.o)
                0x00086b24                _ZN10USARTClass9availableEv
 .text._ZN10USARTClass4peekEv
                0x00086b32       0x12 /home/ensab/Pro/Git/RepRapFirmware/Release/arduino.ar(USARTClass.cpp.o)
                0x00086b32                _ZN10USARTClass4peekEv
 .text._ZN10USARTClass4readEv
                0x00086b44       0x1c /home/ensab/Pro/Git/RepRapFirmware/Release/arduino.ar(USARTClass.cpp.o)
                0x00086b44                _ZN10USARTClass4readEv
 .text._ZN10USARTClass5flushEv
                0x00086b60        0xc /home/ensab/Pro/Git/RepRapFirmware/Release/arduino.ar(USARTClass.cpp.o)
                0x00086b60                _ZN10USARTClass5flushEv
 .text._ZN10USARTClass5writeEh
                0x00086b6c       0x10 /home/ensab/Pro/Git/RepRapFirmware/Release/arduino.ar(USARTClass.cpp.o)
                0x00086b6c                _ZN10USARTClass5writeEh
 .text._ZN10USARTClass10IrqHandlerEv
                0x00086b7c       0x2a /home/ensab/Pro/Git/RepRapFirmware/Release/arduino.ar(USARTClass.cpp.o)
                0x00086b7c                _ZN10USARTClass10IrqHandlerEv
 *fill*         0x00086ba6        0x2 00
 .text.micros   0x00086ba8       0x40 /home/ensab/Pro/Git/RepRapFirmware/Release/arduino.ar(wiring.c.o)
                0x00086ba8                micros
 .text.millis   0x00086be8        0x4 /home/ensab/Pro/Git/RepRapFirmware/Release/arduino.ar(wiring.c.o)
                0x00086be8                millis
 .text.delay    0x00086bec       0x1a /home/ensab/Pro/Git/RepRapFirmware/Release/arduino.ar(wiring.c.o)
                0x00086bec                delay
 .text.TC_SetCMR_ChannelA
                0x00086c06       0x12 /home/ensab/Pro/Git/RepRapFirmware/Release/arduino.ar(wiring_analog.c.o)
 .text.TC_SetCMR_ChannelB
                0x00086c18       0x12 /home/ensab/Pro/Git/RepRapFirmware/Release/arduino.ar(wiring_analog.c.o)
 *fill*         0x00086c2a        0x2 00
 .text.analogOutputInit
                0x00086c2c       0x14 /home/ensab/Pro/Git/RepRapFirmware/Release/arduino.ar(wiring_analog.c.o)
                0x00086c2c                analogOutputInit
 .text.analogWrite
                0x00086c40      0x2bc /home/ensab/Pro/Git/RepRapFirmware/Release/arduino.ar(wiring_analog.c.o)
                0x00086c40                analogWrite
 .text.analogRead
                0x00086efc       0x74 /home/ensab/Pro/Git/RepRapFirmware/Release/arduino.ar(wiring_analog.c.o)
                0x00086efc                analogRead
 .text.digitalRead
                0x00086f70       0x28 /home/ensab/Pro/Git/RepRapFirmware/Release/arduino.ar(wiring_digital.c.o)
                0x00086f70                digitalRead
 .text.digitalWrite
                0x00086f98       0x48 /home/ensab/Pro/Git/RepRapFirmware/Release/arduino.ar(wiring_digital.c.o)
                0x00086f98                digitalWrite
 .text.pinMode  0x00086fe0       0x68 /home/ensab/Pro/Git/RepRapFirmware/Release/arduino.ar(wiring_digital.c.o)
                0x00086fe0                pinMode
 .text.__empty  0x00087048        0x2 /home/ensab/Pro/Git/RepRapFirmware/Release/arduino.ar(hooks.c.o)
                0x00087048                yield
 .text.__false  0x0008704a        0x4 /home/ensab/Pro/Git/RepRapFirmware/Release/arduino.ar(hooks.c.o)
                0x0008704a                sysTickHook
 .text.__halt   0x0008704e        0x2 /home/ensab/Pro/Git/RepRapFirmware/Release/arduino.ar(hooks.c.o)
                0x0008704e                pendSVHook
                0x0008704e                svcHook
 .text.PIO_DisableInterrupt
                0x00087050        0x4 /usr/local/arduino-1.5.2/hardware/arduino/sam/variants/arduino_due_x/libsam_sam3x8e_gcc_rel.a(pio.o)
                0x00087050                PIO_DisableInterrupt
 .text.PIO_PullUp
                0x00087054        0xa /usr/local/arduino-1.5.2/hardware/arduino/sam/variants/arduino_due_x/libsam_sam3x8e_gcc_rel.a(pio.o)
                0x00087054                PIO_PullUp
 .text.PIO_Get  0x0008705e       0x16 /usr/local/arduino-1.5.2/hardware/arduino/sam/variants/arduino_due_x/libsam_sam3x8e_gcc_rel.a(pio.o)
                0x0008705e                PIO_Get
 .text.PIO_SetPeripheral
                0x00087074       0x2a /usr/local/arduino-1.5.2/hardware/arduino/sam/variants/arduino_due_x/libsam_sam3x8e_gcc_rel.a(pio.o)
                0x00087074                PIO_SetPeripheral
 *fill*         0x0008709e        0x2 00
 .text.PIO_SetInput
                0x000870a0       0x40 /usr/local/arduino-1.5.2/hardware/arduino/sam/variants/arduino_due_x/libsam_sam3x8e_gcc_rel.a(pio.o)
                0x000870a0                PIO_SetInput
 .text.PIO_SetOutput
                0x000870e0       0x38 /usr/local/arduino-1.5.2/hardware/arduino/sam/variants/arduino_due_x/libsam_sam3x8e_gcc_rel.a(pio.o)
                0x000870e0                PIO_SetOutput
 .text.PIO_Configure
                0x00087118       0x74 /usr/local/arduino-1.5.2/hardware/arduino/sam/variants/arduino_due_x/libsam_sam3x8e_gcc_rel.a(pio.o)
                0x00087118                PIO_Configure
 .text.PIO_GetOutputDataStatus
                0x0008718c       0x16 /usr/local/arduino-1.5.2/hardware/arduino/sam/variants/arduino_due_x/libsam_sam3x8e_gcc_rel.a(pio.o)
                0x0008718c                PIO_GetOutputDataStatus
 *fill*         0x000871a2        0x2 00
 .text.pmc_enable_upll_clock
                0x000871a4       0x18 /usr/local/arduino-1.5.2/hardware/arduino/sam/variants/arduino_due_x/libsam_sam3x8e_gcc_rel.a(pmc.o)
                0x000871a4                pmc_enable_upll_clock
 .text.pmc_enable_periph_clk
                0x000871bc       0x48 /usr/local/arduino-1.5.2/hardware/arduino/sam/variants/arduino_due_x/libsam_sam3x8e_gcc_rel.a(pmc.o)
                0x000871bc                pmc_enable_periph_clk
 .text.pmc_disable_periph_clk
                0x00087204       0x48 /usr/local/arduino-1.5.2/hardware/arduino/sam/variants/arduino_due_x/libsam_sam3x8e_gcc_rel.a(pmc.o)
                0x00087204                pmc_disable_periph_clk
 .text.pmc_switch_udpck_to_upllck
                0x0008724c       0x14 /usr/local/arduino-1.5.2/hardware/arduino/sam/variants/arduino_due_x/libsam_sam3x8e_gcc_rel.a(pmc.o)
                0x0008724c                pmc_switch_udpck_to_upllck
 .text.pmc_enable_udpck
                0x00087260        0xc /usr/local/arduino-1.5.2/hardware/arduino/sam/variants/arduino_due_x/libsam_sam3x8e_gcc_rel.a(pmc.o)
                0x00087260                pmc_enable_udpck
 .text.pmc_set_writeprotect
                0x0008726c       0x1c /usr/local/arduino-1.5.2/hardware/arduino/sam/variants/arduino_due_x/libsam_sam3x8e_gcc_rel.a(pmc.o)
                0x0008726c                pmc_set_writeprotect
 .text.FindClockConfiguration
                0x00087288       0x7c /usr/local/arduino-1.5.2/hardware/arduino/sam/variants/arduino_due_x/libsam_sam3x8e_gcc_rel.a(pwmc.o)
 .text.PWMC_ConfigureChannel
                0x00087304       0x60 /usr/local/arduino-1.5.2/hardware/arduino/sam/variants/arduino_due_x/libsam_sam3x8e_gcc_rel.a(pwmc.o)
                0x00087304                PWMC_ConfigureChannel
 .text.PWMC_ConfigureClocks
                0x00087364       0x54 /usr/local/arduino-1.5.2/hardware/arduino/sam/variants/arduino_due_x/libsam_sam3x8e_gcc_rel.a(pwmc.o)
                0x00087364                PWMC_ConfigureClocks
 .text.PWMC_SetPeriod
                0x000873b8       0x1a /usr/local/arduino-1.5.2/hardware/arduino/sam/variants/arduino_due_x/libsam_sam3x8e_gcc_rel.a(pwmc.o)
                0x000873b8                PWMC_SetPeriod
 *fill*         0x000873d2        0x2 00
 .text.PWMC_SetDutyCycle
                0x000873d4       0x48 /usr/local/arduino-1.5.2/hardware/arduino/sam/variants/arduino_due_x/libsam_sam3x8e_gcc_rel.a(pwmc.o)
                0x000873d4                PWMC_SetDutyCycle
 .text.PWMC_EnableChannel
                0x0008741c        0x8 /usr/local/arduino-1.5.2/hardware/arduino/sam/variants/arduino_due_x/libsam_sam3x8e_gcc_rel.a(pwmc.o)
                0x0008741c                PWMC_EnableChannel
 .text.SPI_Enable
                0x00087424        0x6 /usr/local/arduino-1.5.2/hardware/arduino/sam/variants/arduino_due_x/libsam_sam3x8e_gcc_rel.a(spi.o)
                0x00087424                SPI_Enable
 *fill*         0x0008742a        0x2 00
 .text.SPI_Configure
                0x0008742c       0x20 /usr/local/arduino-1.5.2/hardware/arduino/sam/variants/arduino_due_x/libsam_sam3x8e_gcc_rel.a(spi.o)
                0x0008742c                SPI_Configure
 .text.SPI_ConfigureNPCS
                0x0008744c        0x8 /usr/local/arduino-1.5.2/hardware/arduino/sam/variants/arduino_due_x/libsam_sam3x8e_gcc_rel.a(spi.o)
                0x0008744c                SPI_ConfigureNPCS
 .text.TC_Configure
                0x00087454       0x38 /usr/local/arduino-1.5.2/hardware/arduino/sam/variants/arduino_due_x/libsam_sam3x8e_gcc_rel.a(tc.o)
                0x00087454                TC_Configure
 .text.TC_Start
                0x0008748c       0x2c /usr/local/arduino-1.5.2/hardware/arduino/sam/variants/arduino_due_x/libsam_sam3x8e_gcc_rel.a(tc.o)
                0x0008748c                TC_Start
 .text.TC_GetStatus
                0x000874b8        0x8 /usr/local/arduino-1.5.2/hardware/arduino/sam/variants/arduino_due_x/libsam_sam3x8e_gcc_rel.a(tc.o)
                0x000874b8                TC_GetStatus
 .text.TC_SetRA
                0x000874c0        0x8 /usr/local/arduino-1.5.2/hardware/arduino/sam/variants/arduino_due_x/libsam_sam3x8e_gcc_rel.a(tc.o)
                0x000874c0                TC_SetRA
 .text.TC_SetRB
                0x000874c8        0x8 /usr/local/arduino-1.5.2/hardware/arduino/sam/variants/arduino_due_x/libsam_sam3x8e_gcc_rel.a(tc.o)
                0x000874c8                TC_SetRB
 .text.TC_SetRC
                0x000874d0        0x8 /usr/local/arduino-1.5.2/hardware/arduino/sam/variants/arduino_due_x/libsam_sam3x8e_gcc_rel.a(tc.o)
                0x000874d0                TC_SetRC
 .text.TimeTick_Increment
                0x000874d8       0x10 /usr/local/arduino-1.5.2/hardware/arduino/sam/variants/arduino_due_x/libsam_sam3x8e_gcc_rel.a(timetick.o)
                0x000874d8                TimeTick_Increment
 .text.GetTickCount
                0x000874e8        0xc /usr/local/arduino-1.5.2/hardware/arduino/sam/variants/arduino_due_x/libsam_sam3x8e_gcc_rel.a(timetick.o)
                0x000874e8                GetTickCount
 .text.WDT_Disable
                0x000874f4        0x8 /usr/local/arduino-1.5.2/hardware/arduino/sam/variants/arduino_due_x/libsam_sam3x8e_gcc_rel.a(wdt.o)
                0x000874f4                WDT_Disable
 .text.SystemInit
                0x000874fc       0x9c /usr/local/arduino-1.5.2/hardware/arduino/sam/variants/arduino_due_x/libsam_sam3x8e_gcc_rel.a(system_sam3xa.o)
                0x000874fc                SystemInit
 .text.Reset_Handler
                0x00087598       0x70 /usr/local/arduino-1.5.2/hardware/arduino/sam/variants/arduino_due_x/libsam_sam3x8e_gcc_rel.a(startup_sam3xa.o)
                0x00087598                Reset_Handler
 .text.adc_init
                0x00087608       0x3a /usr/local/arduino-1.5.2/hardware/arduino/sam/variants/arduino_due_x/libsam_sam3x8e_gcc_rel.a(adc.o)
                0x00087608                adc_init
 .text.adc_configure_trigger
                0x00087642       0x10 /usr/local/arduino-1.5.2/hardware/arduino/sam/variants/arduino_due_x/libsam_sam3x8e_gcc_rel.a(adc.o)
                0x00087642                adc_configure_trigger
 .text.adc_configure_timing
                0x00087652       0x1a /usr/local/arduino-1.5.2/hardware/arduino/sam/variants/arduino_due_x/libsam_sam3x8e_gcc_rel.a(adc.o)
                0x00087652                adc_configure_timing
 .text.adc_start
                0x0008766c        0x6 /usr/local/arduino-1.5.2/hardware/arduino/sam/variants/arduino_due_x/libsam_sam3x8e_gcc_rel.a(adc.o)
                0x0008766c                adc_start
 .text.adc_enable_channel
                0x00087672        0x8 /usr/local/arduino-1.5.2/hardware/arduino/sam/variants/arduino_due_x/libsam_sam3x8e_gcc_rel.a(adc.o)
                0x00087672                adc_enable_channel
 .text.adc_disable_channel
                0x0008767a        0x8 /usr/local/arduino-1.5.2/hardware/arduino/sam/variants/arduino_due_x/libsam_sam3x8e_gcc_rel.a(adc.o)
                0x0008767a                adc_disable_channel
 .text.adc_disable_all_channel
                0x00087682        0x8 /usr/local/arduino-1.5.2/hardware/arduino/sam/variants/arduino_due_x/libsam_sam3x8e_gcc_rel.a(adc.o)
                0x00087682                adc_disable_all_channel
 .text.adc_get_latest_value
                0x0008768a        0x4 /usr/local/arduino-1.5.2/hardware/arduino/sam/variants/arduino_due_x/libsam_sam3x8e_gcc_rel.a(adc.o)
                0x0008768a                adc_get_latest_value
 .text.adc_disable_interrupt
                0x0008768e        0x4 /usr/local/arduino-1.5.2/hardware/arduino/sam/variants/arduino_due_x/libsam_sam3x8e_gcc_rel.a(adc.o)
                0x0008768e                adc_disable_interrupt
 .text.adc_get_status
                0x00087692        0x4 /usr/local/arduino-1.5.2/hardware/arduino/sam/variants/arduino_due_x/libsam_sam3x8e_gcc_rel.a(adc.o)
                0x00087692                adc_get_status
 *fill*         0x00087696        0x2 00
 .text.UOTGHS_Handler
                0x00087698       0x10 /usr/local/arduino-1.5.2/hardware/arduino/sam/variants/arduino_due_x/libsam_sam3x8e_gcc_rel.a(uotghs.o)
                0x00087698                UOTGHS_Handler
 .text.dacc_reset
                0x000876a8        0x6 /usr/local/arduino-1.5.2/hardware/arduino/sam/variants/arduino_due_x/libsam_sam3x8e_gcc_rel.a(dacc.o)
                0x000876a8                dacc_reset
 .text.dacc_set_transfer_mode
                0x000876ae       0x16 /usr/local/arduino-1.5.2/hardware/arduino/sam/variants/arduino_due_x/libsam_sam3x8e_gcc_rel.a(dacc.o)
                0x000876ae                dacc_set_transfer_mode
 .text.dacc_get_interrupt_status
                0x000876c4        0x4 /usr/local/arduino-1.5.2/hardware/arduino/sam/variants/arduino_due_x/libsam_sam3x8e_gcc_rel.a(dacc.o)
                0x000876c4                dacc_get_interrupt_status
 .text.dacc_write_conversion_data
                0x000876c8        0x4 /usr/local/arduino-1.5.2/hardware/arduino/sam/variants/arduino_due_x/libsam_sam3x8e_gcc_rel.a(dacc.o)
                0x000876c8                dacc_write_conversion_data
 .text.dacc_set_channel_selection
                0x000876cc       0x18 /usr/local/arduino-1.5.2/hardware/arduino/sam/variants/arduino_due_x/libsam_sam3x8e_gcc_rel.a(dacc.o)
                0x000876cc                dacc_set_channel_selection
 .text.dacc_set_power_save
                0x000876e4       0x28 /usr/local/arduino-1.5.2/hardware/arduino/sam/variants/arduino_due_x/libsam_sam3x8e_gcc_rel.a(dacc.o)
                0x000876e4                dacc_set_power_save
 .text.dacc_set_timing
                0x0008770c       0x30 /usr/local/arduino-1.5.2/hardware/arduino/sam/variants/arduino_due_x/libsam_sam3x8e_gcc_rel.a(dacc.o)
                0x0008770c                dacc_set_timing
 .text.dacc_enable_channel
                0x0008773c       0x14 /usr/local/arduino-1.5.2/hardware/arduino/sam/variants/arduino_due_x/libsam_sam3x8e_gcc_rel.a(dacc.o)
                0x0008773c                dacc_enable_channel
 .text.dacc_get_channel_status
                0x00087750        0x4 /usr/local/arduino-1.5.2/hardware/arduino/sam/variants/arduino_due_x/libsam_sam3x8e_gcc_rel.a(dacc.o)
                0x00087750                dacc_get_channel_status
 .text.dacc_set_analog_control
                0x00087754        0x8 /usr/local/arduino-1.5.2/hardware/arduino/sam/variants/arduino_due_x/libsam_sam3x8e_gcc_rel.a(dacc.o)
                0x00087754                dacc_set_analog_control
 .text.PIOA_Handler
                0x0008775c       0x2c /home/ensab/Pro/Git/RepRapFirmware/Release/arduino.ar(WInterrupts.c.o)
                0x0008775c                PIOA_Handler
 .text.PIOB_Handler
                0x00087788       0x2c /home/ensab/Pro/Git/RepRapFirmware/Release/arduino.ar(WInterrupts.c.o)
                0x00087788                PIOB_Handler
 .text.PIOC_Handler
                0x000877b4       0x2c /home/ensab/Pro/Git/RepRapFirmware/Release/arduino.ar(WInterrupts.c.o)
                0x000877b4                PIOC_Handler
 .text.PIOD_Handler
                0x000877e0       0x2c /home/ensab/Pro/Git/RepRapFirmware/Release/arduino.ar(WInterrupts.c.o)
                0x000877e0                PIOD_Handler
 .text.__halt   0x0008780c        0x2 /home/ensab/Pro/Git/RepRapFirmware/Release/arduino.ar(cortex_handlers.c.o)
                0x0008780c                DACC_Handler
                0x0008780c                DebugMon_Handler
                0x0008780c                DMAC_Handler
                0x0008780c                TRNG_Handler
                0x0008780c                HardFault_Handler
                0x0008780c                TC2_Handler
                0x0008780c                TWI1_Handler
                0x0008780c                NMI_Handler
                0x0008780c                TC7_Handler
                0x0008780c                ADC_Handler
                0x0008780c                SMC_Handler
                0x0008780c                RTT_Handler
                0x0008780c                EFC1_Handler
                0x0008780c                RTC_Handler
                0x0008780c                UsageFault_Handler
                0x0008780c                TC6_Handler
                0x0008780c                WDT_Handler
                0x0008780c                CAN0_Handler
                0x0008780c                TC4_Handler
                0x0008780c                TC1_Handler
                0x0008780c                HSMCI_Handler
                0x0008780c                TWI0_Handler
                0x0008780c                SSC_Handler
                0x0008780c                EFC0_Handler
                0x0008780c                PMC_Handler
                0x0008780c                PWM_Handler
                0x0008780c                CAN1_Handler
                0x0008780c                MemManage_Handler
                0x0008780c                SUPC_Handler
                0x0008780c                TC8_Handler
                0x0008780c                USART2_Handler
                0x0008780c                EMAC_Handler
                0x0008780c                BusFault_Handler
                0x0008780c                RSTC_Handler
                0x0008780c                TC0_Handler
                0x0008780c                TC5_Handler
                0x0008780c                SPI0_Handler
 .text.SysTick_Handler
                0x0008780e       0x16 /home/ensab/Pro/Git/RepRapFirmware/Release/arduino.ar(cortex_handlers.c.o)
                0x0008780e                SysTick_Handler
 .text.PendSV_Handler
                0x00087824        0x4 /home/ensab/Pro/Git/RepRapFirmware/Release/arduino.ar(cortex_handlers.c.o)
                0x00087824                PendSV_Handler
 .text.SVC_Handler
                0x00087828        0x4 /home/ensab/Pro/Git/RepRapFirmware/Release/arduino.ar(cortex_handlers.c.o)
                0x00087828                SVC_Handler
 .text.main     0x0008782c       0x30 /home/ensab/Pro/Git/RepRapFirmware/Release/arduino.ar(main.cpp.o)
                0x0008782c                main
 .text._Z16USBD_InitControli
                0x0008785c       0x14 /home/ensab/Pro/Git/RepRapFirmware/Release/arduino.ar(USBCore.cpp.o)
                0x0008785c                _Z16USBD_InitControli
 .text._ZL11USB_SendZlpv
                0x00087870       0x24 /home/ensab/Pro/Git/RepRapFirmware/Release/arduino.ar(USBCore.cpp.o)
 .text._ZN10USBDevice_6attachEv
                0x00087894       0x20 /home/ensab/Pro/Git/RepRapFirmware/Release/arduino.ar(USBCore.cpp.o)
                0x00087894                _ZN10USBDevice_6attachEv
 .text._ZN10USBDevice_C1Ev
                0x000878b4       0x24 /home/ensab/Pro/Git/RepRapFirmware/Release/arduino.ar(USBCore.cpp.o)
                0x000878b4                _ZN10USBDevice_C1Ev
 .text._Z14USBD_Availablem
                0x000878d8       0x2c /home/ensab/Pro/Git/RepRapFirmware/Release/arduino.ar(USBCore.cpp.o)
                0x000878d8                _Z14USBD_Availablem
 .text._Z10USBD_Flushm
                0x00087904       0x16 /home/ensab/Pro/Git/RepRapFirmware/Release/arduino.ar(USBCore.cpp.o)
                0x00087904                _Z10USBD_Flushm
 .text._Z24USBD_SendOtherInterfacesv
                0x0008791a       0x1c /home/ensab/Pro/Git/RepRapFirmware/Release/arduino.ar(USBCore.cpp.o)
                0x0008791a                _Z24USBD_SendOtherInterfacesv
 .text._Z19USBD_SendInterfacesv
                0x00087936       0x1c /home/ensab/Pro/Git/RepRapFirmware/Release/arduino.ar(USBCore.cpp.o)
                0x00087936                _Z19USBD_SendInterfacesv
 .text._Z26USBD_ClassInterfaceRequestR5Setup
                0x00087952       0x14 /home/ensab/Pro/Git/RepRapFirmware/Release/arduino.ar(USBCore.cpp.o)
                0x00087952                _Z26USBD_ClassInterfaceRequestR5Setup
 .text._Z16USBD_RecvControlPvm
                0x00087966       0x1c /home/ensab/Pro/Git/RepRapFirmware/Release/arduino.ar(USBCore.cpp.o)
                0x00087966                _Z16USBD_RecvControlPvm
 *fill*         0x00087982        0x2 00
 .text._Z16USBD_SendControlhPKvm
                0x00087984       0x40 /home/ensab/Pro/Git/RepRapFirmware/Release/arduino.ar(USBCore.cpp.o)
                0x00087984                _Z16USBD_SendControlhPKvm
 .text._ZL7USB_ISRv
                0x000879c4      0x430 /home/ensab/Pro/Git/RepRapFirmware/Release/arduino.ar(USBCore.cpp.o)
 .text._Z9USBD_SendmPKvm
                0x00087df4       0x4c /home/ensab/Pro/Git/RepRapFirmware/Release/arduino.ar(USBCore.cpp.o)
                0x00087df4                _Z9USBD_SendmPKvm
 .text._Z9USBD_RecvmPvm
                0x00087e40       0x7c /home/ensab/Pro/Git/RepRapFirmware/Release/arduino.ar(USBCore.cpp.o)
                0x00087e40                _Z9USBD_RecvmPvm
 .text._Z9USBD_Recvm
                0x00087ebc       0x1e /home/ensab/Pro/Git/RepRapFirmware/Release/arduino.ar(USBCore.cpp.o)
                0x00087ebc                _Z9USBD_Recvm
 *fill*         0x00087eda        0x2 00
 .text._GLOBAL__I_TxLEDPulse
                0x00087edc        0xc /home/ensab/Pro/Git/RepRapFirmware/Release/arduino.ar(USBCore.cpp.o)
 .text.initiateReset
                0x00087ee8        0xc /home/ensab/Pro/Git/RepRapFirmware/Release/arduino.ar(Reset.cpp.o)
                0x00087ee8                initiateReset
 .text.cancelReset
                0x00087ef4       0x10 /home/ensab/Pro/Git/RepRapFirmware/Release/arduino.ar(Reset.cpp.o)
                0x00087ef4                cancelReset
 .text.tickReset
                0x00087f04       0x20 /home/ensab/Pro/Git/RepRapFirmware/Release/arduino.ar(Reset.cpp.o)
                0x00087f04                tickReset
 .text._ZN7Serial_9availableEv
                0x00087f24       0x18 /home/ensab/Pro/Git/RepRapFirmware/Release/arduino.ar(CDC.cpp.o)
                0x00087f24                _ZN7Serial_9availableEv
 .text._ZN7Serial_4peekEv
                0x00087f3c       0x20 /home/ensab/Pro/Git/RepRapFirmware/Release/arduino.ar(CDC.cpp.o)
                0x00087f3c                _ZN7Serial_4peekEv
 .text._ZN7Serial_5writeEh
                0x00087f5c       0x14 /home/ensab/Pro/Git/RepRapFirmware/Release/arduino.ar(CDC.cpp.o)
                0x00087f5c                _ZN7Serial_5writeEh
 .text._ZN7Serial_5writeEPKhj
                0x00087f70       0x28 /home/ensab/Pro/Git/RepRapFirmware/Release/arduino.ar(CDC.cpp.o)
                0x00087f70                _ZN7Serial_5writeEPKhj
 .text._ZN7Serial_5flushEv
                0x00087f98        0x6 /home/ensab/Pro/Git/RepRapFirmware/Release/arduino.ar(CDC.cpp.o)
                0x00087f98                _ZN7Serial_5flushEv
 *fill*         0x00087f9e        0x2 00
 .text._ZN7Serial_4readEv
                0x00087fa0       0x44 /home/ensab/Pro/Git/RepRapFirmware/Release/arduino.ar(CDC.cpp.o)
                0x00087fa0                _ZN7Serial_4readEv
 .text._ZN7Serial_6acceptEv
                0x00087fe4       0x6c /home/ensab/Pro/Git/RepRapFirmware/Release/arduino.ar(CDC.cpp.o)
                0x00087fe4                _ZN7Serial_6acceptEv
 .text._Z21CDC_GetOtherInterfacePh
                0x00088050       0x14 /home/ensab/Pro/Git/RepRapFirmware/Release/arduino.ar(CDC.cpp.o)
                0x00088050                _Z21CDC_GetOtherInterfacePh
 .text._Z16CDC_GetInterfacePh
                0x00088064       0x14 /home/ensab/Pro/Git/RepRapFirmware/Release/arduino.ar(CDC.cpp.o)
                0x00088064                _Z16CDC_GetInterfacePh
 .text._Z9CDC_SetupR5Setup
                0x00088078       0x60 /home/ensab/Pro/Git/RepRapFirmware/Release/arduino.ar(CDC.cpp.o)
                0x00088078                _Z9CDC_SetupR5Setup
 .text._GLOBAL__I_cdc_rx_buffer
                0x000880d8       0x1c /home/ensab/Pro/Git/RepRapFirmware/Release/arduino.ar(CDC.cpp.o)
 .text._Z9HID_SetupR5Setup
                0x000880f4       0x44 /home/ensab/Pro/Git/RepRapFirmware/Release/arduino.ar(HID.cpp.o)
                0x000880f4                _Z9HID_SetupR5Setup
 .text._ZN6Mouse_C1Ev
                0x00088138        0x6 /home/ensab/Pro/Git/RepRapFirmware/Release/arduino.ar(HID.cpp.o)
                0x00088138                _ZN6Mouse_C1Ev
 *fill*         0x0008813e        0x2 00
 .text._ZN9Keyboard_C1Ev
                0x00088140       0x10 /home/ensab/Pro/Git/RepRapFirmware/Release/arduino.ar(HID.cpp.o)
                0x00088140                _ZN9Keyboard_C1Ev
 .text._ZN9Keyboard_5writeEh
                0x00088150       0x1c /home/ensab/Pro/Git/RepRapFirmware/Release/arduino.ar(HID.cpp.o)
                0x00088150                _ZN9Keyboard_5writeEh
 .text._Z14HID_SendReporthPKvm
                0x0008816c       0x2c /home/ensab/Pro/Git/RepRapFirmware/Release/arduino.ar(HID.cpp.o)
                0x0008816c                _Z14HID_SendReporthPKvm
 .text._ZN9Keyboard_10sendReportEP9KeyReport
                0x00088198        0x8 /home/ensab/Pro/Git/RepRapFirmware/Release/arduino.ar(HID.cpp.o)
                0x00088198                _ZN9Keyboard_10sendReportEP9KeyReport
 .text._ZN9Keyboard_10releaseAllEv
                0x000881a0       0x18 /home/ensab/Pro/Git/RepRapFirmware/Release/arduino.ar(HID.cpp.o)
                0x000881a0                _ZN9Keyboard_10releaseAllEv
 .text._ZN9Keyboard_7releaseEh
                0x000881b8       0x74 /home/ensab/Pro/Git/RepRapFirmware/Release/arduino.ar(HID.cpp.o)
                0x000881b8                _ZN9Keyboard_7releaseEh
 .text._ZN9Keyboard_5pressEh
                0x0008822c       0x9c /home/ensab/Pro/Git/RepRapFirmware/Release/arduino.ar(HID.cpp.o)
                0x0008822c                _ZN9Keyboard_5pressEh
 .text._Z17HID_GetDescriptori
                0x000882c8       0x10 /home/ensab/Pro/Git/RepRapFirmware/Release/arduino.ar(HID.cpp.o)
                0x000882c8                _Z17HID_GetDescriptori
 .text._Z16HID_GetInterfacePh
                0x000882d8       0x14 /home/ensab/Pro/Git/RepRapFirmware/Release/arduino.ar(HID.cpp.o)
                0x000882d8                _Z16HID_GetInterfacePh
 .text._GLOBAL__I_Mouse
                0x000882ec       0x1c /home/ensab/Pro/Git/RepRapFirmware/Release/arduino.ar(HID.cpp.o)
 .text.UDD_SetStack
                0x00088308        0xc /usr/local/arduino-1.5.2/hardware/arduino/sam/variants/arduino_due_x/libsam_sam3x8e_gcc_rel.a(uotghs_device.o)
                0x00088308                UDD_SetStack
 .text.UDD_Init
                0x00088314       0xd0 /usr/local/arduino-1.5.2/hardware/arduino/sam/variants/arduino_due_x/libsam_sam3x8e_gcc_rel.a(uotghs_device.o)
                0x00088314                UDD_Init
 .text.UDD_Attach
                0x000883e4       0x4c /usr/local/arduino-1.5.2/hardware/arduino/sam/variants/arduino_due_x/libsam_sam3x8e_gcc_rel.a(uotghs_device.o)
                0x000883e4                UDD_Attach
 .text.UDD_InitEP
                0x00088430       0x30 /usr/local/arduino-1.5.2/hardware/arduino/sam/variants/arduino_due_x/libsam_sam3x8e_gcc_rel.a(uotghs_device.o)
                0x00088430                UDD_InitEP
 .text.UDD_InitEndpoints
                0x00088460       0x3c /usr/local/arduino-1.5.2/hardware/arduino/sam/variants/arduino_due_x/libsam_sam3x8e_gcc_rel.a(uotghs_device.o)
                0x00088460                UDD_InitEndpoints
 .text.UDD_WaitIN
                0x0008849c       0x14 /usr/local/arduino-1.5.2/hardware/arduino/sam/variants/arduino_due_x/libsam_sam3x8e_gcc_rel.a(uotghs_device.o)
                0x0008849c                UDD_WaitIN
 .text.UDD_WaitOUT
                0x000884b0       0x14 /usr/local/arduino-1.5.2/hardware/arduino/sam/variants/arduino_due_x/libsam_sam3x8e_gcc_rel.a(uotghs_device.o)
                0x000884b0                UDD_WaitOUT
 .text.UDD_ClearIN
                0x000884c4       0x18 /usr/local/arduino-1.5.2/hardware/arduino/sam/variants/arduino_due_x/libsam_sam3x8e_gcc_rel.a(uotghs_device.o)
                0x000884c4                UDD_ClearIN
 .text.UDD_ClearOUT
                0x000884dc       0x18 /usr/local/arduino-1.5.2/hardware/arduino/sam/variants/arduino_due_x/libsam_sam3x8e_gcc_rel.a(uotghs_device.o)
                0x000884dc                UDD_ClearOUT
 .text.UDD_ReceivedSetupInt
                0x000884f4       0x10 /usr/local/arduino-1.5.2/hardware/arduino/sam/variants/arduino_due_x/libsam_sam3x8e_gcc_rel.a(uotghs_device.o)
                0x000884f4                UDD_ReceivedSetupInt
 .text.UDD_ClearSetupInt
                0x00088504       0x10 /usr/local/arduino-1.5.2/hardware/arduino/sam/variants/arduino_due_x/libsam_sam3x8e_gcc_rel.a(uotghs_device.o)
                0x00088504                UDD_ClearSetupInt
 .text.UDD_Send
                0x00088514       0x90 /usr/local/arduino-1.5.2/hardware/arduino/sam/variants/arduino_due_x/libsam_sam3x8e_gcc_rel.a(uotghs_device.o)
                0x00088514                UDD_Send
 .text.UDD_Send8
                0x000885a4       0x28 /usr/local/arduino-1.5.2/hardware/arduino/sam/variants/arduino_due_x/libsam_sam3x8e_gcc_rel.a(uotghs_device.o)
                0x000885a4                UDD_Send8
 .text.UDD_Recv8
                0x000885cc       0x28 /usr/local/arduino-1.5.2/hardware/arduino/sam/variants/arduino_due_x/libsam_sam3x8e_gcc_rel.a(uotghs_device.o)
                0x000885cc                UDD_Recv8
 .text.UDD_Recv
                0x000885f4       0x34 /usr/local/arduino-1.5.2/hardware/arduino/sam/variants/arduino_due_x/libsam_sam3x8e_gcc_rel.a(uotghs_device.o)
                0x000885f4                UDD_Recv
 .text.UDD_Stall
                0x00088628       0x14 /usr/local/arduino-1.5.2/hardware/arduino/sam/variants/arduino_due_x/libsam_sam3x8e_gcc_rel.a(uotghs_device.o)
                0x00088628                UDD_Stall
 .text.UDD_FifoByteCount
                0x0008863c       0x1c /usr/local/arduino-1.5.2/hardware/arduino/sam/variants/arduino_due_x/libsam_sam3x8e_gcc_rel.a(uotghs_device.o)
                0x0008863c                UDD_FifoByteCount
 .text.UDD_ReleaseRX
                0x00088658       0x2c /usr/local/arduino-1.5.2/hardware/arduino/sam/variants/arduino_due_x/libsam_sam3x8e_gcc_rel.a(uotghs_device.o)
                0x00088658                UDD_ReleaseRX
 .text.UDD_ReleaseTX
                0x00088684       0x2c /usr/local/arduino-1.5.2/hardware/arduino/sam/variants/arduino_due_x/libsam_sam3x8e_gcc_rel.a(uotghs_device.o)
                0x00088684                UDD_ReleaseTX
 .text.UDD_SetAddress
                0x000886b0       0x20 /usr/local/arduino-1.5.2/hardware/arduino/sam/variants/arduino_due_x/libsam_sam3x8e_gcc_rel.a(uotghs_device.o)
                0x000886b0                UDD_SetAddress
 .text._ZNSt9exceptionD2Ev
                0x000886d0        0xc /usr/local/arduino-1.5.2/hardware/tools/g++_arm_none_eabi/bin/../lib/gcc/arm-none-eabi/4.4.1/../../../../arm-none-eabi/lib/thumb2/libstdc++.a(eh_exception.o)
                0x000886d0                _ZNSt9exceptionD2Ev
 .text._ZNSt9exceptionD1Ev
                0x000886dc        0xc /usr/local/arduino-1.5.2/hardware/tools/g++_arm_none_eabi/bin/../lib/gcc/arm-none-eabi/4.4.1/../../../../arm-none-eabi/lib/thumb2/libstdc++.a(eh_exception.o)
                0x000886dc                _ZNSt9exceptionD1Ev
 .text._ZNSt13bad_exceptionD1Ev
                0x000886e8        0xc /usr/local/arduino-1.5.2/hardware/tools/g++_arm_none_eabi/bin/../lib/gcc/arm-none-eabi/4.4.1/../../../../arm-none-eabi/lib/thumb2/libstdc++.a(eh_exception.o)
                0x000886e8                _ZNSt13bad_exceptionD1Ev
 .text._ZNKSt9exception4whatEv
                0x000886f4        0xc /usr/local/arduino-1.5.2/hardware/tools/g++_arm_none_eabi/bin/../lib/gcc/arm-none-eabi/4.4.1/../../../../arm-none-eabi/lib/thumb2/libstdc++.a(eh_exception.o)
                0x000886f4                _ZNKSt9exception4whatEv
 .text._ZNKSt13bad_exception4whatEv
                0x00088700        0xc /usr/local/arduino-1.5.2/hardware/tools/g++_arm_none_eabi/bin/../lib/gcc/arm-none-eabi/4.4.1/../../../../arm-none-eabi/lib/thumb2/libstdc++.a(eh_exception.o)
                0x00088700                _ZNKSt13bad_exception4whatEv
 .text._ZNSt9exceptionD0Ev
                0x0008870c       0x14 /usr/local/arduino-1.5.2/hardware/tools/g++_arm_none_eabi/bin/../lib/gcc/arm-none-eabi/4.4.1/../../../../arm-none-eabi/lib/thumb2/libstdc++.a(eh_exception.o)
                0x0008870c                _ZNSt9exceptionD0Ev
 .text._ZNSt13bad_exceptionD0Ev
                0x00088720       0x14 /usr/local/arduino-1.5.2/hardware/tools/g++_arm_none_eabi/bin/../lib/gcc/arm-none-eabi/4.4.1/../../../../arm-none-eabi/lib/thumb2/libstdc++.a(eh_exception.o)
                0x00088720                _ZNSt13bad_exceptionD0Ev
 .text.__cxa_rethrow
                0x00088734       0x74 /usr/local/arduino-1.5.2/hardware/tools/g++_arm_none_eabi/bin/../lib/gcc/arm-none-eabi/4.4.1/../../../../arm-none-eabi/lib/thumb2/libstdc++.a(eh_throw.o)
                0x00088734                __cxa_rethrow
 .text.__cxa_throw
                0x000887a8       0x68 /usr/local/arduino-1.5.2/hardware/tools/g++_arm_none_eabi/bin/../lib/gcc/arm-none-eabi/4.4.1/../../../../arm-none-eabi/lib/thumb2/libstdc++.a(eh_throw.o)
                0x000887a8                __cxa_throw
 .text._ZL23__gxx_exception_cleanup19_Unwind_Reason_CodeP21_Unwind_Control_Block
                0x00088810       0x2c /usr/local/arduino-1.5.2/hardware/tools/g++_arm_none_eabi/bin/../lib/gcc/arm-none-eabi/4.4.1/../../../../arm-none-eabi/lib/thumb2/libstdc++.a(eh_throw.o)
 .text._ZdlPv   0x0008883c        0x8 /usr/local/arduino-1.5.2/hardware/tools/g++_arm_none_eabi/bin/../lib/gcc/arm-none-eabi/4.4.1/../../../../arm-none-eabi/lib/thumb2/libstdc++.a(del_op.o)
                0x0008883c                _ZdlPv
 .text.__cxa_end_catch
                0x00088844       0x94 /usr/local/arduino-1.5.2/hardware/tools/g++_arm_none_eabi/bin/../lib/gcc/arm-none-eabi/4.4.1/../../../../arm-none-eabi/lib/thumb2/libstdc++.a(eh_catch.o)
                0x00088844                __cxa_end_catch
 .text.__cxa_begin_catch
                0x000888d8       0x94 /usr/local/arduino-1.5.2/hardware/tools/g++_arm_none_eabi/bin/../lib/gcc/arm-none-eabi/4.4.1/../../../../arm-none-eabi/lib/thumb2/libstdc++.a(eh_catch.o)
                0x000888d8                __cxa_begin_catch
 .text._ZNK10__cxxabiv120__si_class_type_info11__do_upcastEPKNS_17__class_type_infoEPKvRNS1_15__upcast_resultE
                0x0008896c       0x28 /usr/local/arduino-1.5.2/hardware/tools/g++_arm_none_eabi/bin/../lib/gcc/arm-none-eabi/4.4.1/../../../../arm-none-eabi/lib/thumb2/libstdc++.a(si_class_type_info.o)
                0x0008896c                _ZNK10__cxxabiv120__si_class_type_info11__do_upcastEPKNS_17__class_type_infoEPKvRNS1_15__upcast_resultE
 .text._ZNK10__cxxabiv120__si_class_type_info12__do_dyncastEiNS_17__class_type_info10__sub_kindEPKS1_PKvS4_S6_RNS1_16__dyncast_resultE
                0x00088994       0x88 /usr/local/arduino-1.5.2/hardware/tools/g++_arm_none_eabi/bin/../lib/gcc/arm-none-eabi/4.4.1/../../../../arm-none-eabi/lib/thumb2/libstdc++.a(si_class_type_info.o)
                0x00088994                _ZNK10__cxxabiv120__si_class_type_info12__do_dyncastEiNS_17__class_type_info10__sub_kindEPKS1_PKvS4_S6_RNS1_16__dyncast_resultE
 .text._ZNK10__cxxabiv120__si_class_type_info20__do_find_public_srcEiPKvPKNS_17__class_type_infoES2_