Archive member included because of file (symbol)

/home/jeanmarc/workspace/RepRapFirmware/Release/arduino.ar(variant.cpp.o)
                              ./Libraries/SPI/SPI.cpp.o (g_APinDescription)
/home/jeanmarc/workspace/RepRapFirmware/Release/arduino.ar(IPAddress.cpp.o)
                              ./Libraries/Ethernet/Dhcp.cpp.o (_ZN9IPAddressC1Ehhhh)
/home/jeanmarc/workspace/RepRapFirmware/Release/arduino.ar(Print.cpp.o)
                              ./Libraries/SD/utility/SdFile.cpp.o (_ZN5Print5writeEPKhj)
/home/jeanmarc/workspace/RepRapFirmware/Release/arduino.ar(RingBuffer.cpp.o)
                              /home/jeanmarc/workspace/RepRapFirmware/Release/arduino.ar(variant.cpp.o) (_ZN10RingBufferC1Ev)
/home/jeanmarc/workspace/RepRapFirmware/Release/arduino.ar(UARTClass.cpp.o)
                              /home/jeanmarc/workspace/RepRapFirmware/Release/arduino.ar(variant.cpp.o) (_ZN9UARTClassC1EP4Uart4IRQnmP10RingBuffer)
/home/jeanmarc/workspace/RepRapFirmware/Release/arduino.ar(USARTClass.cpp.o)
                              /home/jeanmarc/workspace/RepRapFirmware/Release/arduino.ar(variant.cpp.o) (_ZN10USARTClassC1EP5Usart4IRQnmP10RingBuffer)
/home/jeanmarc/workspace/RepRapFirmware/Release/arduino.ar(WMath.cpp.o)
                              ./Libraries/Ethernet/Dhcp.cpp.o (_Z6randomll)
/home/jeanmarc/workspace/RepRapFirmware/Release/arduino.ar(WString.cpp.o)
                              /home/jeanmarc/workspace/RepRapFirmware/Release/arduino.ar(Print.cpp.o) (_ZNK6StringixEj)
/home/jeanmarc/workspace/RepRapFirmware/Release/arduino.ar(cxxabi-compat.cpp.o)
                              ./Libraries/SD/File.cpp.o (__cxa_pure_virtual)
/home/jeanmarc/workspace/RepRapFirmware/Release/arduino.ar(itoa.c.o)
                              /home/jeanmarc/workspace/RepRapFirmware/Release/arduino.ar(WString.cpp.o) (ltoa)
/home/jeanmarc/workspace/RepRapFirmware/Release/arduino.ar(wiring.c.o)
                              ./Platform.cpp.o (micros)
/home/jeanmarc/workspace/RepRapFirmware/Release/arduino.ar(wiring_analog.c.o)
                              /home/jeanmarc/workspace/RepRapFirmware/Release/arduino.ar(variant.cpp.o) (analogOutputInit)
/home/jeanmarc/workspace/RepRapFirmware/Release/arduino.ar(wiring_digital.c.o)
                              ./Libraries/SD/utility/Sd2Card.cpp.o (digitalWrite)
/home/jeanmarc/workspace/RepRapFirmware/Release/arduino.ar(hooks.c.o)
                              /home/jeanmarc/workspace/RepRapFirmware/Release/arduino.ar(wiring.c.o) (yield)
/home/jeanmarc/arduino-1.5.2/hardware/arduino/sam/variants/arduino_due_x/libsam_sam3x8e_gcc_rel.a(pio.o)
                              /home/jeanmarc/workspace/RepRapFirmware/Release/arduino.ar(wiring_digital.c.o) (PIO_PullUp)
/home/jeanmarc/arduino-1.5.2/hardware/arduino/sam/variants/arduino_due_x/libsam_sam3x8e_gcc_rel.a(pmc.o)
                              /home/jeanmarc/workspace/RepRapFirmware/Release/arduino.ar(variant.cpp.o) (pmc_enable_periph_clk)
/home/jeanmarc/arduino-1.5.2/hardware/arduino/sam/variants/arduino_due_x/libsam_sam3x8e_gcc_rel.a(pwmc.o)
                              /home/jeanmarc/workspace/RepRapFirmware/Release/arduino.ar(wiring_analog.c.o) (PWMC_ConfigureChannel)
/home/jeanmarc/arduino-1.5.2/hardware/arduino/sam/variants/arduino_due_x/libsam_sam3x8e_gcc_rel.a(spi.o)
                              ./Libraries/SPI/SPI.cpp.o (SPI_Enable)
/home/jeanmarc/arduino-1.5.2/hardware/arduino/sam/variants/arduino_due_x/libsam_sam3x8e_gcc_rel.a(tc.o)
                              /home/jeanmarc/workspace/RepRapFirmware/Release/arduino.ar(wiring_analog.c.o) (TC_Configure)
/home/jeanmarc/arduino-1.5.2/hardware/arduino/sam/variants/arduino_due_x/libsam_sam3x8e_gcc_rel.a(timetick.o)
                              /home/jeanmarc/workspace/RepRapFirmware/Release/arduino.ar(wiring.c.o) (GetTickCount)
/home/jeanmarc/arduino-1.5.2/hardware/arduino/sam/variants/arduino_due_x/libsam_sam3x8e_gcc_rel.a(wdt.o)
                              /home/jeanmarc/workspace/RepRapFirmware/Release/arduino.ar(variant.cpp.o) (WDT_Disable)
/home/jeanmarc/arduino-1.5.2/hardware/arduino/sam/variants/arduino_due_x/libsam_sam3x8e_gcc_rel.a(system_sam3xa.o)
                              /home/jeanmarc/workspace/RepRapFirmware/Release/arduino.ar(variant.cpp.o) (SystemInit)
/home/jeanmarc/arduino-1.5.2/hardware/arduino/sam/variants/arduino_due_x/libsam_sam3x8e_gcc_rel.a(startup_sam3xa.o)
                              (Reset_Handler)
/home/jeanmarc/arduino-1.5.2/hardware/arduino/sam/variants/arduino_due_x/libsam_sam3x8e_gcc_rel.a(adc.o)
                              /home/jeanmarc/workspace/RepRapFirmware/Release/arduino.ar(variant.cpp.o) (adc_init)
/home/jeanmarc/arduino-1.5.2/hardware/arduino/sam/variants/arduino_due_x/libsam_sam3x8e_gcc_rel.a(uotghs.o)
                              /home/jeanmarc/arduino-1.5.2/hardware/arduino/sam/variants/arduino_due_x/libsam_sam3x8e_gcc_rel.a(startup_sam3xa.o) (UOTGHS_Handler)
[...]
Memory Configuration

Name             Origin             Length             Attributes
rom              0x00080000         0x00080000         xr
sram0            0x20000000         0x00010000         xrw
sram1            0x20080000         0x00008000         xrw
ram              0x20070000         0x00018000         xrw
*default*        0x00000000         0xffffffff

Linker script and memory map

LOAD /home/jeanmarc/arduino-1.5.2/hardware/tools/g++_arm_none_eabi/bin/../lib/gcc/arm-none-eabi/4.4.1/thumb2/crti.o
LOAD /home/jeanmarc/arduino-1.5.2/hardware/tools/g++_arm_none_eabi/bin/../lib/gcc/arm-none-eabi/4.4.1/thumb2/crtbegin.o
LOAD /home/jeanmarc/arduino-1.5.2/hardware/tools/g++_arm_none_eabi/bin/../lib/gcc/arm-none-eabi/4.4.1/thumb2/libgcc.a
START GROUP
LOAD /home/jeanmarc/workspace/RepRapFirmware/Release/arduino/syscalls_sam3.c.o
LOAD ./Libraries/SPI/SPI.cpp.o
LOAD ./Libraries/SD/utility/Sd2Card.cpp.o
LOAD ./Libraries/SD/utility/SdFile.cpp.o
LOAD ./Libraries/SD/utility/SdVolume.cpp.o
LOAD ./Libraries/SD/File.cpp.o
LOAD ./Libraries/SD/SD.cpp.o
LOAD ./Libraries/Ethernet/utility/socket.cpp.o
LOAD ./Libraries/Ethernet/utility/w5100.cpp.o
LOAD ./Libraries/Ethernet/Dhcp.cpp.o
LOAD ./Libraries/Ethernet/Dns.cpp.o
LOAD ./Libraries/Ethernet/Ethernet.cpp.o
LOAD ./Libraries/Ethernet/EthernetClient.cpp.o
LOAD ./Libraries/Ethernet/EthernetServer.cpp.o
LOAD ./Libraries/Ethernet/EthernetUdp.cpp.o
LOAD ./Platform.cpp.o
LOAD ./RepRapFirmware.cpp.o
LOAD /home/jeanmarc/workspace/RepRapFirmware/Release/arduino.ar
LOAD /home/jeanmarc/arduino-1.5.2/hardware/arduino/sam/variants/arduino_due_x/libsam_sam3x8e_gcc_rel.a
LOAD /home/jeanmarc/workspace/RepRapFirmware/Release/arduino.ar
END GROUP
LOAD /home/jeanmarc/arduino-1.5.2/hardware/tools/g++_arm_none_eabi/bin/../lib/gcc/arm-none-eabi/4.4.1/../../../../arm-none-eabi/lib/thumb2/libstdc++.a
LOAD /home/jeanmarc/arduino-1.5.2/hardware/tools/g++_arm_none_eabi/bin/../lib/gcc/arm-none-eabi/4.4.1/../../../../arm-none-eabi/lib/thumb2/libm.a
START GROUP
LOAD /home/jeanmarc/arduino-1.5.2/hardware/tools/g++_arm_none_eabi/bin/../lib/gcc/arm-none-eabi/4.4.1/thumb2/libgcc.a
LOAD /home/jeanmarc/arduino-1.5.2/hardware/tools/g++_arm_none_eabi/bin/../lib/gcc/arm-none-eabi/4.4.1/../../../../arm-none-eabi/lib/thumb2/libc.a
END GROUP
LOAD /home/jeanmarc/arduino-1.5.2/hardware/tools/g++_arm_none_eabi/bin/../lib/gcc/arm-none-eabi/4.4.1/thumb2/crtend.o
LOAD /home/jeanmarc/arduino-1.5.2/hardware/tools/g++_arm_none_eabi/bin/../lib/gcc/arm-none-eabi/4.4.1/thumb2/crtn.o

.text           0x00080000    0x15290
                0x00080000                . = ALIGN (0x4)
                0x00080000                _sfixed = .
 *(.vectors .vectors.*)
 .vectors       0x00080000       0xf4 /home/jeanmarc/arduino-1.5.2/hardware/arduino/sam/variants/arduino_due_x/libsam_sam3x8e_gcc_rel.a(startup_sam3xa.o)
                0x00080000                exception_table
 *(.text .text.* .gnu.linkonce.t.*)
 .text          0x000800f4       0x30 /home/jeanmarc/arduino-1.5.2/hardware/tools/g++_arm_none_eabi/bin/../lib/gcc/arm-none-eabi/4.4.1/thumb2/crtbegin.o
 .text._sbrk    0x00080124       0x20 /home/jeanmarc/workspace/RepRapFirmware/Release/arduino/syscalls_sam3.c.o
                0x00080124                _sbrk
 .text._close   0x00080144        0x6 /home/jeanmarc/workspace/RepRapFirmware/Release/arduino/syscalls_sam3.c.o
                0x00080144                _close
 .text._fstat   0x0008014a        0xa /home/jeanmarc/workspace/RepRapFirmware/Release/arduino/syscalls_sam3.c.o
                0x0008014a                _fstat
 .text._isatty  0x00080154        0x4 /home/jeanmarc/workspace/RepRapFirmware/Release/arduino/syscalls_sam3.c.o
                0x00080154                _isatty
 .text._lseek   0x00080158        0x4 /home/jeanmarc/workspace/RepRapFirmware/Release/arduino/syscalls_sam3.c.o
                0x00080158                _lseek
 .text._read    0x0008015c        0x4 /home/jeanmarc/workspace/RepRapFirmware/Release/arduino/syscalls_sam3.c.o
                0x0008015c                _read
 .text._write   0x00080160       0x20 /home/jeanmarc/workspace/RepRapFirmware/Release/arduino/syscalls_sam3.c.o
                0x00080160                _write
 .text._kill    0x00080180        0x2 /home/jeanmarc/workspace/RepRapFirmware/Release/arduino/syscalls_sam3.c.o
                0x00080180                _kill
 .text._getpid  0x00080182        0x6 /home/jeanmarc/workspace/RepRapFirmware/Release/arduino/syscalls_sam3.c.o
                0x00080182                _getpid
 .text._exit    0x00080188       0x10 /home/jeanmarc/workspace/RepRapFirmware/Release/arduino/syscalls_sam3.c.o
                0x00080188                _exit
 .text._ZN8SPIClass11setBitOrderEh8BitOrder
                0x00080198       0x1e ./Libraries/SPI/SPI.cpp.o
                0x00080198                _ZN8SPIClass11setBitOrderEh8BitOrder
 .text._ZN8SPIClass8transferEhh15SPITransferMode
                0x000801b6       0x64 ./Libraries/SPI/SPI.cpp.o
                0x000801b6                _ZN8SPIClass8transferEhh15SPITransferMode
 *fill*         0x0008021a        0x2 00
 .text._ZL10SPI_0_Initv
                0x0008021c       0x48 ./Libraries/SPI/SPI.cpp.o
 .text._ZN8SPIClass15setClockDividerEhh
                0x00080264       0x2e ./Libraries/SPI/SPI.cpp.o
                0x00080264                _ZN8SPIClass15setClockDividerEhh
 .text._ZN8SPIClass11setDataModeEhh
                0x00080292       0x34 ./Libraries/SPI/SPI.cpp.o
                0x00080292                _ZN8SPIClass11setDataModeEhh
 *fill*         0x000802c6        0x2 00
 .text._ZN8SPIClass5beginEh
                0x000802c8       0x58 ./Libraries/SPI/SPI.cpp.o
                0x000802c8                _ZN8SPIClass5beginEh
 .text._ZN8SPIClass5beginEv
                0x00080320       0x24 ./Libraries/SPI/SPI.cpp.o
                0x00080320                _ZN8SPIClass5beginEv
 .text._ZN8SPIClassC1EP3SpimPFvvE
                0x00080344       0x20 ./Libraries/SPI/SPI.cpp.o
                0x00080344                _ZN8SPIClassC1EP3SpimPFvvE
 .text._GLOBAL__I__ZN8SPIClassC2EP3SpimPFvvE
                0x00080364       0x18 ./Libraries/SPI/SPI.cpp.o
 .text._ZL7spiSendh
                0x0008037c       0x10 ./Libraries/SD/utility/Sd2Card.cpp.o
 .text._ZL6spiRecv
                0x0008038c       0x10 ./Libraries/SD/utility/Sd2Card.cpp.o
 .text._ZN7Sd2Card11waitNotBusyEt
                0x0008039c       0x26 ./Libraries/SD/utility/Sd2Card.cpp.o
                0x0008039c                _ZN7Sd2Card11waitNotBusyEt
 *fill*         0x000803c2        0x2 00
 .text._ZN7Sd2Card10setSckRateEh
                0x000803c4       0x24 ./Libraries/SD/utility/Sd2Card.cpp.o
                0x000803c4                _ZN7Sd2Card10setSckRateEh
 .text._ZN7Sd2Card13chipSelectLowEv
                0x000803e8        0x8 ./Libraries/SD/utility/Sd2Card.cpp.o
                0x000803e8                _ZN7Sd2Card13chipSelectLowEv
 .text._ZN7Sd2Card14chipSelectHighEv
                0x000803f0        0x8 ./Libraries/SD/utility/Sd2Card.cpp.o
                0x000803f0                _ZN7Sd2Card14chipSelectHighEv
 .text._ZN7Sd2Card9writeDataEhPKh
                0x000803f8       0x48 ./Libraries/SD/utility/Sd2Card.cpp.o
                0x000803f8                _ZN7Sd2Card9writeDataEhPKh
 .text._ZN7Sd2Card14waitStartBlockEv
                0x00080440       0x3e ./Libraries/SD/utility/Sd2Card.cpp.o
                0x00080440                _ZN7Sd2Card14waitStartBlockEv
 .text._ZN7Sd2Card7readEndEv
                0x0008047e       0x28 ./Libraries/SD/utility/Sd2Card.cpp.o
                0x0008047e                _ZN7Sd2Card7readEndEv
 .text._ZN7Sd2Card11cardCommandEhm
                0x000804a6       0x6a ./Libraries/SD/utility/Sd2Card.cpp.o
                0x000804a6                _ZN7Sd2Card11cardCommandEhm
 .text._ZN7Sd2Card10writeBlockEmPKh
                0x00080510       0x6a ./Libraries/SD/utility/Sd2Card.cpp.o
                0x00080510                _ZN7Sd2Card10writeBlockEmPKh
 .text._ZN7Sd2Card8readDataEmttPh
                0x0008057a       0xae ./Libraries/SD/utility/Sd2Card.cpp.o
                0x0008057a                _ZN7Sd2Card8readDataEmttPh
 .text._ZN7Sd2Card9readBlockEmPh
                0x00080628       0x10 ./Libraries/SD/utility/Sd2Card.cpp.o
                0x00080628                _ZN7Sd2Card9readBlockEmPh
 .text._ZN7Sd2Card4initEhh
                0x00080638      0x134 ./Libraries/SD/utility/Sd2Card.cpp.o
                0x00080638                _ZN7Sd2Card4initEhh
 .text._ZN6SdFile10make83NameEPKcPh
                0x0008076c       0x90 ./Libraries/SD/utility/SdFile.cpp.o
                0x0008076c                _ZN6SdFile10make83NameEPKcPh
 .text._ZN6SdFile7seekSetEm
                0x000807fc       0x64 ./Libraries/SD/utility/SdFile.cpp.o
                0x000807fc                _ZN6SdFile7seekSetEm
 .text._ZN6SdFile13cacheDirEntryEh
                0x00080860       0x1c ./Libraries/SD/utility/SdFile.cpp.o
                0x00080860                _ZN6SdFile13cacheDirEntryEh
 .text._ZN6SdFile4syncEv
                0x0008087c       0x7c ./Libraries/SD/utility/SdFile.cpp.o
                0x0008087c                _ZN6SdFile4syncEv
 .text._ZN6SdFile5closeEv
                0x000808f8       0x14 ./Libraries/SD/utility/SdFile.cpp.o
                0x000808f8                _ZN6SdFile5closeEv
 .text._ZN6SdFile8truncateEm
                0x0008090c       0xa8 ./Libraries/SD/utility/SdFile.cpp.o
                0x0008090c                _ZN6SdFile8truncateEm
 .text._ZN6SdFile6removeEv
                0x000809b4       0x2c ./Libraries/SD/utility/SdFile.cpp.o
                0x000809b4                _ZN6SdFile6removeEv
 .text._ZN6SdFile4readEPvt
                0x000809e0      0x114 ./Libraries/SD/utility/SdFile.cpp.o
                0x000809e0                _ZN6SdFile4readEPvt
 .text._ZN6SdFile12readDirCacheEv
                0x00080af4       0x34 ./Libraries/SD/utility/SdFile.cpp.o
                0x00080af4                _ZN6SdFile12readDirCacheEv
 .text._ZN6SdFile8openRootEP8SdVolume
                0x00080b28       0x4e ./Libraries/SD/utility/SdFile.cpp.o
                0x00080b28                _ZN6SdFile8openRootEP8SdVolume
 *fill*         0x00080b76        0x2 00
 .text._ZN6SdFile15openCachedEntryEhh
                0x00080b78       0x9c ./Libraries/SD/utility/SdFile.cpp.o
                0x00080b78                _ZN6SdFile15openCachedEntryEhh
 .text._ZN6SdFile10addClusterEv
                0x00080c14       0x30 ./Libraries/SD/utility/SdFile.cpp.o
                0x00080c14                _ZN6SdFile10addClusterEv
 .text._ZN6SdFile5writeEPKvt
                0x00080c44      0x194 ./Libraries/SD/utility/SdFile.cpp.o
                0x00080c44                _ZN6SdFile5writeEPKvt
 .text._ZN6SdFile5writeEh
                0x00080dd8       0x12 ./Libraries/SD/utility/SdFile.cpp.o
                0x00080dd8                _ZN6SdFile5writeEh
 .text._ZN6SdFile13addDirClusterEv
                0x00080dea       0x48 ./Libraries/SD/utility/SdFile.cpp.o
                0x00080dea                _ZN6SdFile13addDirClusterEv
 *fill*         0x00080e32        0x2 00
 .text._ZN6SdFile4openEPS_PKch
                0x00080e34      0x124 ./Libraries/SD/utility/SdFile.cpp.o
                0x00080e34                _ZN6SdFile4openEPS_PKch
 .text._ZN6SdFile6removeEPS_PKc
                0x00080f58       0x30 ./Libraries/SD/utility/SdFile.cpp.o
                0x00080f58                _ZN6SdFile6removeEPS_PKc
 .text._ZN8SdVolume10cacheFlushEv
                0x00080f88       0x50 ./Libraries/SD/utility/SdVolume.cpp.o
                0x00080f88                _ZN8SdVolume10cacheFlushEv
 .text._ZN8SdVolume14cacheZeroBlockEm
                0x00080fd8       0x3c ./Libraries/SD/utility/SdVolume.cpp.o
                0x00080fd8                _ZN8SdVolume14cacheZeroBlockEm
 .text._ZN8SdVolume13cacheRawBlockEmh
                0x00081014       0x44 ./Libraries/SD/utility/SdVolume.cpp.o
                0x00081014                _ZN8SdVolume13cacheRawBlockEmh
 .text._ZN8SdVolume4initEP7Sd2Cardh
                0x00081058      0x11c ./Libraries/SD/utility/SdVolume.cpp.o
                0x00081058                _ZN8SdVolume4initEP7Sd2Cardh
 .text._ZN8SdVolume6fatPutEmm
                0x00081174       0x84 ./Libraries/SD/utility/SdVolume.cpp.o
                0x00081174                _ZN8SdVolume6fatPutEmm
 .text._ZNK8SdVolume6fatGetEmPm
                0x000811f8       0x64 ./Libraries/SD/utility/SdVolume.cpp.o
                0x000811f8                _ZNK8SdVolume6fatGetEmPm
 .text._ZN8SdVolume9freeChainEm
                0x0008125c       0x44 ./Libraries/SD/utility/SdVolume.cpp.o
                0x0008125c                _ZN8SdVolume9freeChainEm
 .text._ZNK8SdVolume9chainSizeEmPm
                0x000812a0       0x44 ./Libraries/SD/utility/SdVolume.cpp.o
                0x000812a0                _ZNK8SdVolume9chainSizeEmPm
 .text._ZN8SdVolume15allocContiguousEmPm
                0x000812e4       0xae ./Libraries/SD/utility/SdVolume.cpp.o
                0x000812e4                _ZN8SdVolume15allocContiguousEmPm
 *fill*         0x00081392        0x2 00
 .text._ZN4FileC1Ev
                0x00081394       0x18 ./Libraries/SD/File.cpp.o
                0x00081394                _ZN4FileC1Ev
 .text._ZN4FileD1Ev
                0x000813ac        0xc ./Libraries/SD/File.cpp.o
                0x000813ac                _ZN4FileD1Ev
 .text._ZN4File5writeEh
                0x000813b8       0x14 ./Libraries/SD/File.cpp.o
                0x000813b8                _ZN4File5writeEh
 .text._ZN4File8positionEv
                0x000813cc        0xe ./Libraries/SD/File.cpp.o
                0x000813cc                _ZN4File8positionEv
 .text._ZN4File4sizeEv
                0x000813da        0x8 ./Libraries/SD/File.cpp.o
                0x000813da                _ZN4File4sizeEv
 .text._ZN4File9availableEv
                0x000813e2       0x26 ./Libraries/SD/File.cpp.o
                0x000813e2                _ZN4File9availableEv
 .text._ZN4File5closeEv
                0x00081408       0x18 ./Libraries/SD/File.cpp.o
                0x00081408                _ZN4File5closeEv
 .text._ZN4File4seekEm
                0x00081420        0xa ./Libraries/SD/File.cpp.o
                0x00081420                _ZN4File4seekEm
 .text._ZN4File5flushEv
                0x0008142a        0xa ./Libraries/SD/File.cpp.o
                0x0008142a                _ZN4File5flushEv
 .text._ZN4File4readEv
                0x00081434       0x26 ./Libraries/SD/File.cpp.o
                0x00081434                _ZN4File4readEv
 .text._ZN4File4peekEv
                0x0008145a       0x3a ./Libraries/SD/File.cpp.o
                0x0008145a                _ZN4File4peekEv
 .text._ZN4File5writeEPKhj
                0x00081494       0x26 ./Libraries/SD/File.cpp.o
                0x00081494                _ZN4File5writeEPKhj
 *fill*         0x000814ba        0x2 00
 .text._ZN4FileC1E6SdFilePKc
                0x000814bc       0x58 ./Libraries/SD/File.cpp.o
                0x000814bc                _ZN4FileC1E6SdFilePKc
 .text._Z20getNextPathComponentPcPjS_
                0x00081514       0x4c ./Libraries/SD/SD.cpp.o
                0x00081514                _Z20getNextPathComponentPcPjS_
 .text._Z19callback_pathExistsR6SdFilePchPv
                0x00081560       0x34 ./Libraries/SD/SD.cpp.o
                0x00081560                _Z19callback_pathExistsR6SdFilePchPv
 .text._Z8walkPathPcR6SdFilePFhS1_S_hPvES2_
                0x00081594       0xa4 ./Libraries/SD/SD.cpp.o
                0x00081594                _Z8walkPathPcR6SdFilePFhS1_S_hPvES2_
 .text._ZN7SDClass6removeEPc
                0x00081638       0x14 ./Libraries/SD/SD.cpp.o
                0x00081638                _ZN7SDClass6removeEPc
 .text._ZN7SDClass6existsEPc
                0x0008164c       0x14 ./Libraries/SD/SD.cpp.o
                0x0008164c                _ZN7SDClass6existsEPc
 .text._ZN7SDClass12getParentDirEPKcPi
                0x00081660      0x108 ./Libraries/SD/SD.cpp.o
                0x00081660                _ZN7SDClass12getParentDirEPKcPi
 .text._ZN7SDClass4openEPKch
                0x00081768      0x104 ./Libraries/SD/SD.cpp.o
                0x00081768                _ZN7SDClass4openEPKch
 .text._ZN7SDClass5beginEh
                0x0008186c       0x40 ./Libraries/SD/SD.cpp.o
                0x0008186c                _ZN7SDClass5beginEh
 .text._Z15callback_removeR6SdFilePchPv
                0x000818ac        0xa ./Libraries/SD/SD.cpp.o
                0x000818ac                _Z15callback_removeR6SdFilePchPv
 *fill*         0x000818b6        0x2 00
 .text._GLOBAL__I__Z20getNextPathComponentPcPjS_
                0x000818b8       0x28 ./Libraries/SD/SD.cpp.o
 .text._Z10disconnecth
                0x000818e0       0x10 ./Libraries/Ethernet/utility/socket.cpp.o
                0x000818e0                _Z10disconnecth
 .text._ZN10W5100Class8readSnIREh
                0x000818f0       0x14 ./Libraries/Ethernet/utility/socket.cpp.o
                0x000818f0                _ZN10W5100Class8readSnIREh
 .text._Z6listenh
                0x00081904       0x2c ./Libraries/Ethernet/utility/socket.cpp.o
                0x00081904                _Z6listenh
 .text._ZN10W5100Class9writeSnIREhh
                0x00081930       0x14 ./Libraries/Ethernet/utility/socket.cpp.o
                0x00081930                _ZN10W5100Class9writeSnIREhh
 .text._Z7sendUDPh
                0x00081944       0x44 ./Libraries/Ethernet/utility/socket.cpp.o
                0x00081944                _Z7sendUDPh
 .text._Z5closeh
                0x00081988       0x20 ./Libraries/Ethernet/utility/socket.cpp.o
                0x00081988                _Z5closeh
 .text._ZN10W5100Class12writeSnDPORTEht
                0x000819a8       0x2c ./Libraries/Ethernet/utility/socket.cpp.o
                0x000819a8                _ZN10W5100Class12writeSnDPORTEht
 .text._ZN10W5100Class11writeSnPORTEht
                0x000819d4       0x28 ./Libraries/Ethernet/utility/socket.cpp.o
                0x000819d4                _ZN10W5100Class11writeSnPORTEht
 .text._Z6sockethhth
                0x000819fc       0x58 ./Libraries/Ethernet/utility/socket.cpp.o
                0x000819fc                _Z6sockethhth
 .text._Z8startUDPhPht
                0x00081a54       0x3e ./Libraries/Ethernet/utility/socket.cpp.o
                0x00081a54                _Z8startUDPhPht
 *fill*         0x00081a92        0x2 00
 .text._Z7connecthPht
                0x00081a94       0x64 ./Libraries/Ethernet/utility/socket.cpp.o
                0x00081a94                _Z7connecthPht
 .text._Z10bufferDatahtPKht
                0x00081af8       0x38 ./Libraries/Ethernet/utility/socket.cpp.o
                0x00081af8                _Z10bufferDatahtPKht
 .text._Z4sendhPKht
                0x00081b30       0x88 ./Libraries/Ethernet/utility/socket.cpp.o
                0x00081b30                _Z4sendhPKht
 .text._Z4peekhPh
                0x00081bb8       0x1c ./Libraries/Ethernet/utility/socket.cpp.o
                0x00081bb8                _Z4peekhPh
 .text._Z4recvhPhs
                0x00081bd4       0x64 ./Libraries/Ethernet/utility/socket.cpp.o
                0x00081bd4                _Z4recvhPhs
 .text._ZN10W5100Class4readEtPht
                0x00081c38       0x54 ./Libraries/Ethernet/utility/w5100.cpp.o
                0x00081c38                _ZN10W5100Class4readEtPht
 .text._ZN10W5100Class9read_dataEhtPVht
                0x00081c8c       0x54 ./Libraries/Ethernet/utility/w5100.cpp.o
                0x00081c8c                _ZN10W5100Class9read_dataEhtPVht
 .text._ZN10W5100Class4readEt
                0x00081ce0       0x3c ./Libraries/Ethernet/utility/w5100.cpp.o
                0x00081ce0                _ZN10W5100Class4readEt
 .text._ZN10W5100Class6readSnEht
                0x00081d1c        0xc ./Libraries/Ethernet/utility/w5100.cpp.o
                0x00081d1c                _ZN10W5100Class6readSnEht
 .text._ZN10W5100Class12readSnRX_RSREh
                0x00081d28       0x20 ./Libraries/Ethernet/utility/w5100.cpp.o
                0x00081d28                _ZN10W5100Class12readSnRX_RSREh
 .text._ZN10W5100Class17getRXReceivedSizeEh
                0x00081d48       0x20 ./Libraries/Ethernet/utility/w5100.cpp.o
                0x00081d48                _ZN10W5100Class17getRXReceivedSizeEh
 .text._ZN10W5100Class12readSnTX_FSREh
                0x00081d68       0x20 ./Libraries/Ethernet/utility/w5100.cpp.o
                0x00081d68                _ZN10W5100Class12readSnTX_FSREh
 .text._ZN10W5100Class13getTXFreeSizeEh
                0x00081d88       0x20 ./Libraries/Ethernet/utility/w5100.cpp.o
                0x00081d88                _ZN10W5100Class13getTXFreeSizeEh
 .text._ZN10W5100Class5writeEtPKht
                0x00081da8       0x50 ./Libraries/Ethernet/utility/w5100.cpp.o
                0x00081da8                _ZN10W5100Class5writeEtPKht
 .text._ZN10W5100Class5writeEth
                0x00081df8       0x40 ./Libraries/Ethernet/utility/w5100.cpp.o
                0x00081df8                _ZN10W5100Class5writeEth
 .text._ZN10W5100Class9execCmdSnEh7SockCMD
                0x00081e38       0x22 ./Libraries/Ethernet/utility/w5100.cpp.o
                0x00081e38                _ZN10W5100Class9execCmdSnEh7SockCMD
 .text._ZN10W5100Class20recv_data_processingEhPhth
                0x00081e5a       0x70 ./Libraries/Ethernet/utility/w5100.cpp.o
                0x00081e5a                _ZN10W5100Class20recv_data_processingEhPhth
 .text._ZN10W5100Class27send_data_processing_offsetEhtPKht
                0x00081eca       0x9a ./Libraries/Ethernet/utility/w5100.cpp.o
                0x00081eca                _ZN10W5100Class27send_data_processing_offsetEhtPKht
 .text._ZN10W5100Class20send_data_processingEhPKht
                0x00081f64       0x10 ./Libraries/Ethernet/utility/w5100.cpp.o
                0x00081f64                _ZN10W5100Class20send_data_processingEhPKht
 .text._ZN10W5100Class4initEv
                0x00081f74       0x60 ./Libraries/Ethernet/utility/w5100.cpp.o
                0x00081f74                _ZN10W5100Class4initEv
 .text._GLOBAL__I__ZN9DhcpClass13beginWithDHCPEPhmm
                0x00081fd4       0x18 ./Libraries/Ethernet/Dhcp.cpp.o
 .text._ZN9DNSClient5beginERK9IPAddress
                0x00081fec        0xc ./Libraries/Ethernet/Dns.cpp.o
                0x00081fec                _ZN9DNSClient5beginERK9IPAddress
 .text._ZN9DNSClient9inet_atonEPKcR9IPAddress
                0x00081ff8       0x50 ./Libraries/Ethernet/Dns.cpp.o
                0x00081ff8                _ZN9DNSClient9inet_atonEPKcR9IPAddress
 .text._ZN9DNSClient15ProcessResponseEtR9IPAddress
                0x00082048      0x22c ./Libraries/Ethernet/Dns.cpp.o
                0x00082048                _ZN9DNSClient15ProcessResponseEtR9IPAddress
 .text._ZN9DNSClient12BuildRequestEPKc
                0x00082274       0xe2 ./Libraries/Ethernet/Dns.cpp.o
                0x00082274                _ZN9DNSClient12BuildRequestEPKc
 *fill*         0x00082356        0x2 00
 .text._ZN9DNSClient13getHostByNameEPKcR9IPAddress
                0x00082358       0x90 ./Libraries/Ethernet/Dns.cpp.o
                0x00082358                _ZN9DNSClient13getHostByNameEPKcR9IPAddress
 .text._GLOBAL__I__ZN9DNSClient5beginERK9IPAddress
                0x000823e8       0x18 ./Libraries/Ethernet/Dns.cpp.o
 .text._ZN13EthernetClass11dnsServerIPEv
                0x00082400       0x10 ./Libraries/Ethernet/Ethernet.cpp.o
                0x00082400                _ZN13EthernetClass11dnsServerIPEv
 .text._ZN13EthernetClass5beginEPh9IPAddressS1_S1_S1_
                0x00082410       0x48 ./Libraries/Ethernet/Ethernet.cpp.o
                0x00082410                _ZN13EthernetClass5beginEPh9IPAddressS1_S1_S1_
 .text._ZN13EthernetClass5beginEPh9IPAddressS1_S1_
                0x00082458       0x54 ./Libraries/Ethernet/Ethernet.cpp.o
                0x00082458                _ZN13EthernetClass5beginEPh9IPAddressS1_S1_
 .text._ZN13EthernetClass5beginEPh9IPAddressS1_
                0x000824ac       0x34 ./Libraries/Ethernet/Ethernet.cpp.o
                0x000824ac                _ZN13EthernetClass5beginEPh9IPAddressS1_
 .text._ZN13EthernetClass5beginEPh9IPAddress
                0x000824e0       0x28 ./Libraries/Ethernet/Ethernet.cpp.o
                0x000824e0                _ZN13EthernetClass5beginEPh9IPAddress
 .text._GLOBAL__I__ZN13EthernetClass6_stateE
                0x00082508       0x24 ./Libraries/Ethernet/Ethernet.cpp.o
 .text._ZN14EthernetClientC1Ev
                0x0008252c       0x18 ./Libraries/Ethernet/EthernetClient.cpp.o
                0x0008252c                _ZN14EthernetClientC1Ev
 .text._ZN14EthernetClientC1Eh
                0x00082544       0x18 ./Libraries/Ethernet/EthernetClient.cpp.o
                0x00082544                _ZN14EthernetClientC1Eh
 .text._ZN14EthernetClient5writeEh
                0x0008255c       0x14 ./Libraries/Ethernet/EthernetClient.cpp.o
                0x0008255c                _ZN14EthernetClient5writeEh
 .text._ZN14EthernetClient5flushEv
                0x00082570       0x1c ./Libraries/Ethernet/EthernetClient.cpp.o
                0x00082570                _ZN14EthernetClient5flushEv
 .text._ZN14EthernetClientcvbEv
                0x0008258c        0xa ./Libraries/Ethernet/EthernetClient.cpp.o
                0x0008258c                _ZN14EthernetClientcvbEv
 .text._ZN14EthernetClient6statusEv
                0x00082596       0x18 ./Libraries/Ethernet/EthernetClient.cpp.o
                0x00082596                _ZN14EthernetClient6statusEv
 .text._ZN14EthernetClient9connectedEv
                0x000825ae       0x38 ./Libraries/Ethernet/EthernetClient.cpp.o
                0x000825ae                _ZN14EthernetClient9connectedEv
 *fill*         0x000825e6        0x2 00
 .text._ZN14EthernetClient4stopEv
                0x000825e8       0x5c ./Libraries/Ethernet/EthernetClient.cpp.o
                0x000825e8                _ZN14EthernetClient4stopEv
 .text._ZN14EthernetClient4peekEv
                0x00082644       0x20 ./Libraries/Ethernet/EthernetClient.cpp.o
                0x00082644                _ZN14EthernetClient4peekEv
 .text._ZN14EthernetClient4readEPhj
                0x00082664        0xe ./Libraries/Ethernet/EthernetClient.cpp.o
                0x00082664                _ZN14EthernetClient4readEPhj
 .text._ZN14EthernetClient4readEv
                0x00082672       0x1e ./Libraries/Ethernet/EthernetClient.cpp.o
                0x00082672                _ZN14EthernetClient4readEv
 .text._ZN14EthernetClient9availableEv
                0x00082690       0x18 ./Libraries/Ethernet/EthernetClient.cpp.o
                0x00082690                _ZN14EthernetClient9availableEv
 .text._ZN14EthernetClient5writeEPKhj
                0x000826a8       0x26 ./Libraries/Ethernet/EthernetClient.cpp.o
                0x000826a8                _ZN14EthernetClient5writeEPKhj
 *fill*         0x000826ce        0x2 00
 .text._ZN14EthernetClient7connectE9IPAddresst
                0x000826d0       0xa0 ./Libraries/Ethernet/EthernetClient.cpp.o
                0x000826d0                _ZN14EthernetClient7connectE9IPAddresst
 .text._ZN14EthernetClient7connectEPKct
                0x00082770       0x68 ./Libraries/Ethernet/EthernetClient.cpp.o
                0x00082770                _ZN14EthernetClient7connectEPKct
 .text._GLOBAL__I__ZN14EthernetClient8_srcportE
                0x000827d8       0x18 ./Libraries/Ethernet/EthernetClient.cpp.o
 .text._ZN14EthernetServerC1Et
                0x000827f0       0x10 ./Libraries/Ethernet/EthernetServer.cpp.o
                0x000827f0                _ZN14EthernetServerC1Et
 .text._ZN14EthernetServer5writeEh
                0x00082800       0x14 ./Libraries/Ethernet/EthernetServer.cpp.o
                0x00082800                _ZN14EthernetServer5writeEh
 .text._ZN14EthernetServer6acceptEv
                0x00082814       0x60 ./Libraries/Ethernet/EthernetServer.cpp.o
                0x00082814                _ZN14EthernetServer6acceptEv
 .text._ZN14EthernetServer5writeEPKhj
                0x00082874       0x58 ./Libraries/Ethernet/EthernetServer.cpp.o
                0x00082874                _ZN14EthernetServer5writeEPKhj
 .text._ZN14EthernetServer9availableEv
                0x000828cc       0x78 ./Libraries/Ethernet/EthernetServer.cpp.o
                0x000828cc                _ZN14EthernetServer9availableEv
 .text._ZN14EthernetServer5beginEv
                0x00082944       0x48 ./Libraries/Ethernet/EthernetServer.cpp.o
                0x00082944                _ZN14EthernetServer5beginEv
 .text._GLOBAL__I__ZN14EthernetServerC2Et
                0x0008298c       0x18 ./Libraries/Ethernet/EthernetServer.cpp.o
 .text._ZN11EthernetUDP4readEPcj
                0x000829a4        0xa ./Libraries/Ethernet/EthernetUdp.cpp.o
                0x000829a4                _ZN11EthernetUDP4readEPcj
 *fill*         0x000829ae        0x2 00
 .text._ZN11EthernetUDP8remoteIPEv
                0x000829b0       0x10 ./Libraries/Ethernet/EthernetUdp.cpp.o
                0x000829b0                _ZN11EthernetUDP8remoteIPEv
 .text._ZN11EthernetUDP10remotePortEv
                0x000829c0        0x4 ./Libraries/Ethernet/EthernetUdp.cpp.o
                0x000829c0                _ZN11EthernetUDP10remotePortEv
 .text._ZN11EthernetUDP9availableEv
                0x000829c4        0x4 ./Libraries/Ethernet/EthernetUdp.cpp.o
                0x000829c4                _ZN11EthernetUDP9availableEv
 .text._ZN11EthernetUDP5writeEh
                0x000829c8       0x14 ./Libraries/Ethernet/EthernetUdp.cpp.o
                0x000829c8                _ZN11EthernetUDP5writeEh
 .text._ZN11EthernetUDP5flushEv
                0x000829dc       0x16 ./Libraries/Ethernet/EthernetUdp.cpp.o
                0x000829dc                _ZN11EthernetUDP5flushEv
 .text._ZN11EthernetUDP4peekEv
                0x000829f2       0x1c ./Libraries/Ethernet/EthernetUdp.cpp.o
                0x000829f2                _ZN11EthernetUDP4peekEv
 .text._ZN11EthernetUDP4readEPhj
                0x00082a0e       0x2a ./Libraries/Ethernet/EthernetUdp.cpp.o
                0x00082a0e                _ZN11EthernetUDP4readEPhj
 .text._ZN11EthernetUDP4readEv
                0x00082a38       0x2c ./Libraries/Ethernet/EthernetUdp.cpp.o
                0x00082a38                _ZN11EthernetUDP4readEv
 .text._ZN11EthernetUDP11parsePacketEv
                0x00082a64       0x58 ./Libraries/Ethernet/EthernetUdp.cpp.o
                0x00082a64                _ZN11EthernetUDP11parsePacketEv
 .text._ZN11EthernetUDP5writeEPKhj
                0x00082abc       0x1a ./Libraries/Ethernet/EthernetUdp.cpp.o
                0x00082abc                _ZN11EthernetUDP5writeEPKhj
 .text._ZN11EthernetUDP9endPacketEv
                0x00082ad6        0x6 ./Libraries/Ethernet/EthernetUdp.cpp.o
                0x00082ad6                _ZN11EthernetUDP9endPacketEv
 .text._ZN11EthernetUDP11beginPacketE9IPAddresst
                0x00082adc        0xe ./Libraries/Ethernet/EthernetUdp.cpp.o
                0x00082adc                _ZN11EthernetUDP11beginPacketE9IPAddresst
 *fill*         0x00082aea        0x2 00
 .text._ZN11EthernetUDPC1Ev
                0x00082aec       0x24 ./Libraries/Ethernet/EthernetUdp.cpp.o
                0x00082aec                _ZN11EthernetUDPC1Ev
 .text._ZN11EthernetUDP11beginPacketEPKct
                0x00082b10       0x68 ./Libraries/Ethernet/EthernetUdp.cpp.o
                0x00082b10                _ZN11EthernetUDP11beginPacketEPKct
 .text._ZN11EthernetUDP4stopEv
                0x00082b78       0x24 ./Libraries/Ethernet/EthernetUdp.cpp.o
                0x00082b78                _ZN11EthernetUDP4stopEv
 .text._ZN11EthernetUDP5beginEt
                0x00082b9c       0x5a ./Libraries/Ethernet/EthernetUdp.cpp.o
                0x00082b9c                _ZN11EthernetUDP5beginEt
 *fill*         0x00082bf6        0x2 00
 .text._GLOBAL__I__ZN11EthernetUDPC2Ev
                0x00082bf8       0x18 ./Libraries/Ethernet/EthernetUdp.cpp.o
 .text._ZN8Platform4SpinEv
                0x00082c10       0xa0 ./Platform.cpp.o
                0x00082c10                _ZN8Platform4SpinEv
 .text._ZN8Platform5CloseEi
                0x00082cb0       0x4e ./Platform.cpp.o
                0x00082cb0                _ZN8Platform5CloseEi
 *fill*         0x00082cfe        0x2 00
 .text._ZN8Platform10DeleteFileEPc
                0x00082d00        0xc ./Platform.cpp.o
                0x00082d00                _ZN8Platform10DeleteFileEPc
 .text._ZN8Platform11PrependRootEPcS0_
                0x00082d0c       0x1a ./Platform.cpp.o
                0x00082d0c                _ZN8Platform11PrependRootEPcS0_
 *fill*         0x00082d26        0x2 00
 .text._ZN8Platform7MessageEcPc
                0x00082d28       0x50 ./Platform.cpp.o
                0x00082d28                _ZN8Platform7MessageEcPc
 .text._ZN8Platform5WriteEic
                0x00082d78       0x58 ./Platform.cpp.o
                0x00082d78                _ZN8Platform5WriteEic
 .text._ZN8Platform11WriteStringEiPc
                0x00082dd0       0x3c ./Platform.cpp.o
                0x00082dd0                _ZN8Platform11WriteStringEiPc
 .text._ZN8Platform4ReadEiRh
                0x00082e0c       0x44 ./Platform.cpp.o
                0x00082e0c                _ZN8Platform4ReadEiRh
 .text._ZN8Platform7GoToEndEi
                0x00082e50       0x3c ./Platform.cpp.o
                0x00082e50                _ZN8Platform7GoToEndEi
 .text._ZN8Platform8OpenFileEPch
                0x00082e8c      0x14c ./Platform.cpp.o
                0x00082e8c                _ZN8Platform8OpenFileEPch
 .text._ZN8Platform4InitEv
                0x00082fd8      0x440 ./Platform.cpp.o
                0x00082fd8                _ZN8Platform4InitEv
 .text._ZN8PlatformC1EP6RepRap
                0x00083418       0x1a ./Platform.cpp.o
                0x00083418                _ZN8PlatformC1EP6RepRap
 *fill*         0x00083432        0x2 00
 .text.loop     0x00083434        0xc ./Platform.cpp.o
                0x00083434                loop
 .text.setup    0x00083440        0xc ./Platform.cpp.o
                0x00083440                setup
 .text._GLOBAL__I_setup
                0x0008344c       0x18 ./Platform.cpp.o
 .text._ZN6RepRap4SpinEv
                0x00083464       0x2c ./RepRapFirmware.cpp.o
                0x00083464                _ZN6RepRap4SpinEv
 .text._ZN6RepRap4InitEv
                0x00083490       0x38 ./RepRapFirmware.cpp.o
                0x00083490                _ZN6RepRap4InitEv
 .text._ZN6RepRapC1Ev
                0x000834c8       0x68 ./RepRapFirmware.cpp.o
                0x000834c8                _ZN6RepRapC1Ev
 .text._GLOBAL__I_reprap
                0x00083530       0x24 ./RepRapFirmware.cpp.o
 .text.init     0x00083554      0x11c /home/jeanmarc/workspace/RepRapFirmware/Release/arduino.ar(variant.cpp.o)
                0x00083554                init
 .text.USART3_Handler
                0x00083670        0xc /home/jeanmarc/workspace/RepRapFirmware/Release/arduino.ar(variant.cpp.o)
                0x00083670                USART3_Handler
 .text.USART1_Handler
                0x0008367c        0xc /home/jeanmarc/workspace/RepRapFirmware/Release/arduino.ar(variant.cpp.o)
                0x0008367c                USART1_Handler
 .text.USART0_Handler
                0x00083688        0xc /home/jeanmarc/workspace/RepRapFirmware/Release/arduino.ar(variant.cpp.o)
                0x00083688                USART0_Handler
 .text.UART_Handler
                0x00083694        0xc /home/jeanmarc/workspace/RepRapFirmware/Release/arduino.ar(variant.cpp.o)
                0x00083694                UART_Handler
 .text._GLOBAL__I_g_APinDescription
                0x000836a0       0x8c /home/jeanmarc/workspace/RepRapFirmware/Release/arduino.ar(variant.cpp.o)
 .text._ZN9IPAddressC1Ehhhh
                0x0008372c       0x1c /home/jeanmarc/workspace/RepRapFirmware/Release/arduino.ar(IPAddress.cpp.o)
                0x0008372c                _ZN9IPAddressC1Ehhhh
 .text._ZNK9IPAddress7printToER5Print
                0x00083748       0x3c /home/jeanmarc/workspace/RepRapFirmware/Release/arduino.ar(IPAddress.cpp.o)
                0x00083748                _ZNK9IPAddress7printToER5Print
 .text._ZN9IPAddressaSEPKh
                0x00083784       0x10 /home/jeanmarc/workspace/RepRapFirmware/Release/arduino.ar(IPAddress.cpp.o)
                0x00083784                _ZN9IPAddressaSEPKh
 .text._ZN9IPAddressC1Ev
                0x00083794       0x10 /home/jeanmarc/workspace/RepRapFirmware/Release/arduino.ar(IPAddress.cpp.o)
                0x00083794                _ZN9IPAddressC1Ev
 .text._GLOBAL__I__ZN9IPAddressC2Ev
                0x000837a4       0x18 /home/jeanmarc/workspace/RepRapFirmware/Release/arduino.ar(IPAddress.cpp.o)
 .text._ZN5Print5writeEPKhj
                0x000837bc       0x2e /home/jeanmarc/workspace/RepRapFirmware/Release/arduino.ar(Print.cpp.o)
                0x000837bc                _ZN5Print5writeEPKhj
 .text._ZN5Print5printEc
                0x000837ea        0xa /home/jeanmarc/workspace/RepRapFirmware/Release/arduino.ar(Print.cpp.o)
                0x000837ea                _ZN5Print5printEc
 .text._ZN5Print7printlnEv
                0x000837f4       0x18 /home/jeanmarc/workspace/RepRapFirmware/Release/arduino.ar(Print.cpp.o)
                0x000837f4                _ZN5Print7printlnEv
 .text._ZN5Print5writeEPKc
                0x0008380c       0x20 /home/jeanmarc/workspace/RepRapFirmware/Release/arduino.ar(Print.cpp.o)
                0x0008380c                _ZN5Print5writeEPKc
 .text._ZN5Print11printNumberEmh
                0x0008382c       0x3e /home/jeanmarc/workspace/RepRapFirmware/Release/arduino.ar(Print.cpp.o)
                0x0008382c                _ZN5Print11printNumberEmh
 .text._ZN5Print5printEmi
                0x0008386a       0x1a /home/jeanmarc/workspace/RepRapFirmware/Release/arduino.ar(Print.cpp.o)
                0x0008386a                _ZN5Print5printEmi
 .text._ZN5Print5printEhi
                0x00083884        0x4 /home/jeanmarc/workspace/RepRapFirmware/Release/arduino.ar(Print.cpp.o)
                0x00083884                _ZN5Print5printEhi
 .text._ZN5Print5printEPKc
                0x00083888        0x4 /home/jeanmarc/workspace/RepRapFirmware/Release/arduino.ar(Print.cpp.o)
                0x00083888                _ZN5Print5printEPKc
 .text._ZN5Print7printlnEPKc
                0x0008388c       0x14 /home/jeanmarc/workspace/RepRapFirmware/Release/arduino.ar(Print.cpp.o)
                0x0008388c                _ZN5Print7printlnEPKc
 .text._ZN10RingBuffer10store_charEh
                0x000838a0       0x16 /home/jeanmarc/workspace/RepRapFirmware/Release/arduino.ar(RingBuffer.cpp.o)
                0x000838a0                _ZN10RingBuffer10store_charEh
 .text._ZN10RingBufferC1Ev
                0x000838b6       0x16 /home/jeanmarc/workspace/RepRapFirmware/Release/arduino.ar(RingBuffer.cpp.o)
                0x000838b6                _ZN10RingBufferC1Ev
 .text._ZN9UARTClasscvbEv
                0x000838cc        0x4 /home/jeanmarc/workspace/RepRapFirmware/Release/arduino.ar(UARTClass.cpp.o)
                0x000838cc                _ZN9UARTClasscvbEv
 .text._ZN9UARTClassC1EP4Uart4IRQnmP10RingBuffer
                0x000838d0       0x24 /home/jeanmarc/workspace/RepRapFirmware/Release/arduino.ar(UARTClass.cpp.o)
                0x000838d0                _ZN9UARTClassC1EP4Uart4IRQnmP10RingBuffer
 .text._ZN9UARTClass9availableEv
                0x000838f4        0xe /home/jeanmarc/workspace/RepRapFirmware/Release/arduino.ar(UARTClass.cpp.o)
                0x000838f4                _ZN9UARTClass9availableEv
 .text._ZN9UARTClass4peekEv
                0x00083902       0x12 /home/jeanmarc/workspace/RepRapFirmware/Release/arduino.ar(UARTClass.cpp.o)
                0x00083902                _ZN9UARTClass4peekEv
 .text._ZN9UARTClass4readEv
                0x00083914       0x1c /home/jeanmarc/workspace/RepRapFirmware/Release/arduino.ar(UARTClass.cpp.o)
                0x00083914                _ZN9UARTClass4readEv
 .text._ZN9UARTClass5flushEv
                0x00083930        0xc /home/jeanmarc/workspace/RepRapFirmware/Release/arduino.ar(UARTClass.cpp.o)
                0x00083930                _ZN9UARTClass5flushEv
 .text._ZN9UARTClass5writeEh
                0x0008393c       0x10 /home/jeanmarc/workspace/RepRapFirmware/Release/arduino.ar(UARTClass.cpp.o)
                0x0008393c                _ZN9UARTClass5writeEh
 .text._ZN9UARTClass10IrqHandlerEv
                0x0008394c       0x2a /home/jeanmarc/workspace/RepRapFirmware/Release/arduino.ar(UARTClass.cpp.o)
                0x0008394c                _ZN9UARTClass10IrqHandlerEv
 *fill*         0x00083976        0x2 00
 .text._ZN9UARTClass5beginEm
                0x00083978       0x5c /home/jeanmarc/workspace/RepRapFirmware/Release/arduino.ar(UARTClass.cpp.o)
                0x00083978                _ZN9UARTClass5beginEm
 .text._ZN10USARTClasscvbEv
                0x000839d4        0x4 /home/jeanmarc/workspace/RepRapFirmware/Release/arduino.ar(USARTClass.cpp.o)
                0x000839d4                _ZN10USARTClasscvbEv
 .text._ZN10USARTClassC1EP5Usart4IRQnmP10RingBuffer
                0x000839d8       0x24 /home/jeanmarc/workspace/RepRapFirmware/Release/arduino.ar(USARTClass.cpp.o)
                0x000839d8                _ZN10USARTClassC1EP5Usart4IRQnmP10RingBuffer
 .text._ZN10USARTClass9availableEv
                0x000839fc        0xe /home/jeanmarc/workspace/RepRapFirmware/Release/arduino.ar(USARTClass.cpp.o)
                0x000839fc                _ZN10USARTClass9availableEv
 .text._ZN10USARTClass4peekEv
                0x00083a0a       0x12 /home/jeanmarc/workspace/RepRapFirmware/Release/arduino.ar(USARTClass.cpp.o)
                0x00083a0a                _ZN10USARTClass4peekEv
 .text._ZN10USARTClass4readEv
                0x00083a1c       0x1c /home/jeanmarc/workspace/RepRapFirmware/Release/arduino.ar(USARTClass.cpp.o)
                0x00083a1c                _ZN10USARTClass4readEv
 .text._ZN10USARTClass5flushEv
                0x00083a38        0xc /home/jeanmarc/workspace/RepRapFirmware/Release/arduino.ar(USARTClass.cpp.o)
                0x00083a38                _ZN10USARTClass5flushEv
 .text._ZN10USARTClass5writeEh
                0x00083a44       0x10 /home/jeanmarc/workspace/RepRapFirmware/Release/arduino.ar(USARTClass.cpp.o)
                0x00083a44                _ZN10USARTClass5writeEh
 .text._ZN10USARTClass10IrqHandlerEv
                0x00083a54       0x2a /home/jeanmarc/workspace/RepRapFirmware/Release/arduino.ar(USARTClass.cpp.o)
                0x00083a54                _ZN10USARTClass10IrqHandlerEv
 *fill*         0x00083a7e        0x2 00
 .text.micros   0x00083a80       0x40 /home/jeanmarc/workspace/RepRapFirmware/Release/arduino.ar(wiring.c.o)
                0x00083a80                micros
 .text.millis   0x00083ac0        0x4 /home/jeanmarc/workspace/RepRapFirmware/Release/arduino.ar(wiring.c.o)
                0x00083ac0                millis
 .text.delay    0x00083ac4       0x1a /home/jeanmarc/workspace/RepRapFirmware/Release/arduino.ar(wiring.c.o)
                0x00083ac4                delay
 *fill*         0x00083ade        0x2 00
 .text.analogOutputInit
                0x00083ae0       0x14 /home/jeanmarc/workspace/RepRapFirmware/Release/arduino.ar(wiring_analog.c.o)
                0x00083ae0                analogOutputInit
 .text.digitalWrite
                0x00083af4       0x48 /home/jeanmarc/workspace/RepRapFirmware/Release/arduino.ar(wiring_digital.c.o)
                0x00083af4                digitalWrite
 .text.pinMode  0x00083b3c       0x68 /home/jeanmarc/workspace/RepRapFirmware/Release/arduino.ar(wiring_digital.c.o)
                0x00083b3c                pinMode
 .text.__empty  0x00083ba4        0x2 /home/jeanmarc/workspace/RepRapFirmware/Release/arduino.ar(hooks.c.o)
                0x00083ba4                yield
 .text.__false  0x00083ba6        0x4 /home/jeanmarc/workspace/RepRapFirmware/Release/arduino.ar(hooks.c.o)
                0x00083ba6                sysTickHook
 .text.__halt   0x00083baa        0x2 /home/jeanmarc/workspace/RepRapFirmware/Release/arduino.ar(hooks.c.o)
                0x00083baa                pendSVHook
                0x00083baa                svcHook
 .text.PIO_DisableInterrupt
                0x00083bac        0x4 /home/jeanmarc/arduino-1.5.2/hardware/arduino/sam/variants/arduino_due_x/libsam_sam3x8e_gcc_rel.a(pio.o)
                0x00083bac                PIO_DisableInterrupt
 .text.PIO_PullUp
                0x00083bb0        0xa /home/jeanmarc/arduino-1.5.2/hardware/arduino/sam/variants/arduino_due_x/libsam_sam3x8e_gcc_rel.a(pio.o)
                0x00083bb0                PIO_PullUp
 .text.PIO_SetPeripheral
                0x00083bba       0x2a /home/jeanmarc/arduino-1.5.2/hardware/arduino/sam/variants/arduino_due_x/libsam_sam3x8e_gcc_rel.a(pio.o)
                0x00083bba                PIO_SetPeripheral
 .text.PIO_SetInput
                0x00083be4       0x40 /home/jeanmarc/arduino-1.5.2/hardware/arduino/sam/variants/arduino_due_x/libsam_sam3x8e_gcc_rel.a(pio.o)
                0x00083be4                PIO_SetInput
 .text.PIO_SetOutput
                0x00083c24       0x38 /home/jeanmarc/arduino-1.5.2/hardware/arduino/sam/variants/arduino_due_x/libsam_sam3x8e_gcc_rel.a(pio.o)
                0x00083c24                PIO_SetOutput
 .text.PIO_Configure
                0x00083c5c       0x74 /home/jeanmarc/arduino-1.5.2/hardware/arduino/sam/variants/arduino_due_x/libsam_sam3x8e_gcc_rel.a(pio.o)
                0x00083c5c                PIO_Configure
 .text.PIO_GetOutputDataStatus
                0x00083cd0       0x16 /home/jeanmarc/arduino-1.5.2/hardware/arduino/sam/variants/arduino_due_x/libsam_sam3x8e_gcc_rel.a(pio.o)
                0x00083cd0                PIO_GetOutputDataStatus
 *fill*         0x00083ce6        0x2 00
 .text.pmc_enable_upll_clock
                0x00083ce8       0x18 /home/jeanmarc/arduino-1.5.2/hardware/arduino/sam/variants/arduino_due_x/libsam_sam3x8e_gcc_rel.a(pmc.o)
                0x00083ce8                pmc_enable_upll_clock
 .text.pmc_enable_periph_clk
                0x00083d00       0x48 /home/jeanmarc/arduino-1.5.2/hardware/arduino/sam/variants/arduino_due_x/libsam_sam3x8e_gcc_rel.a(pmc.o)
                0x00083d00                pmc_enable_periph_clk
 .text.pmc_disable_periph_clk
                0x00083d48       0x48 /home/jeanmarc/arduino-1.5.2/hardware/arduino/sam/variants/arduino_due_x/libsam_sam3x8e_gcc_rel.a(pmc.o)
                0x00083d48                pmc_disable_periph_clk
 .text.pmc_switch_udpck_to_upllck
                0x00083d90       0x14 /home/jeanmarc/arduino-1.5.2/hardware/arduino/sam/variants/arduino_due_x/libsam_sam3x8e_gcc_rel.a(pmc.o)
                0x00083d90                pmc_switch_udpck_to_upllck
 .text.pmc_enable_udpck
                0x00083da4        0xc /home/jeanmarc/arduino-1.5.2/hardware/arduino/sam/variants/arduino_due_x/libsam_sam3x8e_gcc_rel.a(pmc.o)
                0x00083da4                pmc_enable_udpck
 .text.SPI_Enable
                0x00083db0        0x6 /home/jeanmarc/arduino-1.5.2/hardware/arduino/sam/variants/arduino_due_x/libsam_sam3x8e_gcc_rel.a(spi.o)
                0x00083db0                SPI_Enable
 *fill*         0x00083db6        0x2 00
 .text.SPI_Configure
                0x00083db8       0x20 /home/jeanmarc/arduino-1.5.2/hardware/arduino/sam/variants/arduino_due_x/libsam_sam3x8e_gcc_rel.a(spi.o)
                0x00083db8                SPI_Configure
 .text.SPI_ConfigureNPCS
                0x00083dd8        0x8 /home/jeanmarc/arduino-1.5.2/hardware/arduino/sam/variants/arduino_due_x/libsam_sam3x8e_gcc_rel.a(spi.o)
                0x00083dd8                SPI_ConfigureNPCS
 .text.TimeTick_Increment
                0x00083de0       0x10 /home/jeanmarc/arduino-1.5.2/hardware/arduino/sam/variants/arduino_due_x/libsam_sam3x8e_gcc_rel.a(timetick.o)
                0x00083de0                TimeTick_Increment
 .text.GetTickCount
                0x00083df0        0xc /home/jeanmarc/arduino-1.5.2/hardware/arduino/sam/variants/arduino_due_x/libsam_sam3x8e_gcc_rel.a(timetick.o)
                0x00083df0                GetTickCount
 .text.WDT_Disable
                0x00083dfc        0x8 /home/jeanmarc/arduino-1.5.2/hardware/arduino/sam/variants/arduino_due_x/libsam_sam3x8e_gcc_rel.a(wdt.o)
                0x00083dfc                WDT_Disable
 .text.SystemInit
                0x00083e04       0x9c /home/jeanmarc/arduino-1.5.2/hardware/arduino/sam/variants/arduino_due_x/libsam_sam3x8e_gcc_rel.a(system_sam3xa.o)
                0x00083e04                SystemInit
 .text.Reset_Handler
                0x00083ea0       0x70 /home/jeanmarc/arduino-1.5.2/hardware/arduino/sam/variants/arduino_due_x/libsam_sam3x8e_gcc_rel.a(startup_sam3xa.o)
                0x00083ea0                Reset_Handler
 .text.adc_init
                0x00083f10       0x3a /home/jeanmarc/arduino-1.5.2/hardware/arduino/sam/variants/arduino_due_x/libsam_sam3x8e_gcc_rel.a(adc.o)
                0x00083f10                adc_init
 .text.adc_configure_trigger
                0x00083f4a       0x10 /home/jeanmarc/arduino-1.5.2/hardware/arduino/sam/variants/arduino_due_x/libsam_sam3x8e_gcc_rel.a(adc.o)
                0x00083f4a                adc_configure_trigger
 .text.adc_configure_timing
                0x00083f5a       0x1a /home/jeanmarc/arduino-1.5.2/hardware/arduino/sam/variants/arduino_due_x/libsam_sam3x8e_gcc_rel.a(adc.o)
                0x00083f5a                adc_configure_timing
 .text.adc_disable_all_channel
                0x00083f74        0x8 /home/jeanmarc/arduino-1.5.2/hardware/arduino/sam/variants/arduino_due_x/libsam_sam3x8e_gcc_rel.a(adc.o)
                0x00083f74                adc_disable_all_channel
 .text.adc_disable_interrupt
                0x00083f7c        0x4 /home/jeanmarc/arduino-1.5.2/hardware/arduino/sam/variants/arduino_due_x/libsam_sam3x8e_gcc_rel.a(adc.o)
                0x00083f7c                adc_disable_interrupt
 .text.UOTGHS_Handler
                0x00083f80       0x10 /home/jeanmarc/arduino-1.5.2/hardware/arduino/sam/variants/arduino_due_x/libsam_sam3x8e_gcc_rel.a(uotghs.o)
                0x00083f80                UOTGHS_Handler
 .text.PIOA_Handler
                0x00083f90       0x2c /home/jeanmarc/workspace/RepRapFirmware/Release/arduino.ar(WInterrupts.c.o)
                0x00083f90                PIOA_Handler
 .text.PIOB_Handler
                0x00083fbc       0x2c /home/jeanmarc/workspace/RepRapFirmware/Release/arduino.ar(WInterrupts.c.o)
                0x00083fbc                PIOB_Handler
 .text.PIOC_Handler
                0x00083fe8       0x2c /home/jeanmarc/workspace/RepRapFirmware/Release/arduino.ar(WInterrupts.c.o)
                0x00083fe8                PIOC_Handler
 .text.PIOD_Handler
                0x00084014       0x2c /home/jeanmarc/workspace/RepRapFirmware/Release/arduino.ar(WInterrupts.c.o)
                0x00084014                PIOD_Handler
 .text.__halt   0x00084040        0x2 /home/jeanmarc/workspace/RepRapFirmware/Release/arduino.ar(cortex_handlers.c.o)
                0x00084040                DACC_Handler
                0x00084040                DebugMon_Handler
                0x00084040                DMAC_Handler
                0x00084040                TRNG_Handler
                0x00084040                HardFault_Handler
                0x00084040                TC2_Handler
                0x00084040                TWI1_Handler
                0x00084040                NMI_Handler
                0x00084040                TC7_Handler
                0x00084040                ADC_Handler
                0x00084040                SMC_Handler
                0x00084040                RTT_Handler
                0x00084040                EFC1_Handler
                0x00084040                RTC_Handler
                0x00084040                UsageFault_Handler
                0x00084040                TC6_Handler
                0x00084040                WDT_Handler
                0x00084040                CAN0_Handler
                0x00084040                TC4_Handler
                0x00084040                TC1_Handler
                0x00084040                HSMCI_Handler
                0x00084040                TC3_Handler
                0x00084040                TWI0_Handler
                0x00084040                SSC_Handler
                0x00084040                EFC0_Handler
                0x00084040                PMC_Handler
                0x00084040                PWM_Handler
                0x00084040                CAN1_Handler
                0x00084040                MemManage_Handler
                0x00084040                SUPC_Handler
                0x00084040                TC8_Handler
                0x00084040                USART2_Handler
                0x00084040                EMAC_Handler
                0x00084040                BusFault_Handler
                0x00084040                RSTC_Handler
                0x00084040                TC0_Handler
                0x00084040                TC5_Handler
                0x00084040                SPI0_Handler
 .text.SysTick_Handler
                0x00084042       0x16 /home/jeanmarc/workspace/RepRapFirmware/Release/arduino.ar(cortex_handlers.c.o)
                0x00084042                SysTick_Handler
 .text.PendSV_Handler
                0x00084058        0x4 /home/jeanmarc/workspace/RepRapFirmware/Release/arduino.ar(cortex_handlers.c.o)
                0x00084058                PendSV_Handler
 .text.SVC_Handler
                0x0008405c        0x4 /home/jeanmarc/workspace/RepRapFirmware/Release/arduino.ar(cortex_handlers.c.o)
                0x0008405c                SVC_Handler
 .text.main     0x00084060       0x30 /home/jeanmarc/workspace/RepRapFirmware/Release/arduino.ar(main.cpp.o)
                0x00084060                main
 .text._Z16USBD_InitControli
                0x00084090       0x14 /home/jeanmarc/workspace/RepRapFirmware/Release/arduino.ar(USBCore.cpp.o)
                0x00084090                _Z16USBD_InitControli
 .text._ZL11USB_SendZlpv
                0x000840a4       0x24 /home/jeanmarc/workspace/RepRapFirmware/Release/arduino.ar(USBCore.cpp.o)
 .text._ZN10USBDevice_6attachEv
                0x000840c8       0x20 /home/jeanmarc/workspace/RepRapFirmware/Release/arduino.ar(USBCore.cpp.o)
                0x000840c8                _ZN10USBDevice_6attachEv
 .text._ZN10USBDevice_C1Ev
                0x000840e8       0x24 /home/jeanmarc/workspace/RepRapFirmware/Release/arduino.ar(USBCore.cpp.o)
                0x000840e8                _ZN10USBDevice_C1Ev
 .text._Z14USBD_Availablem
                0x0008410c       0x2c /home/jeanmarc/workspace/RepRapFirmware/Release/arduino.ar(USBCore.cpp.o)
                0x0008410c                _Z14USBD_Availablem
 .text._Z10USBD_Flushm
                0x00084138       0x16 /home/jeanmarc/workspace/RepRapFirmware/Release/arduino.ar(USBCore.cpp.o)
                0x00084138                _Z10USBD_Flushm
 .text._Z24USBD_SendOtherInterfacesv
                0x0008414e       0x1c /home/jeanmarc/workspace/RepRapFirmware/Release/arduino.ar(USBCore.cpp.o)
                0x0008414e                _Z24USBD_SendOtherInterfacesv
 .text._Z19USBD_SendInterfacesv
                0x0008416a       0x1c /home/jeanmarc/workspace/RepRapFirmware/Release/arduino.ar(USBCore.cpp.o)
                0x0008416a                _Z19USBD_SendInterfacesv
 .text._Z26USBD_ClassInterfaceRequestR5Setup
                0x00084186       0x14 /home/jeanmarc/workspace/RepRapFirmware/Release/arduino.ar(USBCore.cpp.o)
                0x00084186                _Z26USBD_ClassInterfaceRequestR5Setup
 .text._Z16USBD_RecvControlPvm
                0x0008419a       0x1c /home/jeanmarc/workspace/RepRapFirmware/Release/arduino.ar(USBCore.cpp.o)
                0x0008419a                _Z16USBD_RecvControlPvm
 *fill*         0x000841b6        0x2 00
 .text._Z16USBD_SendControlhPKvm
                0x000841b8       0x40 /home/jeanmarc/workspace/RepRapFirmware/Release/arduino.ar(USBCore.cpp.o)
                0x000841b8                _Z16USBD_SendControlhPKvm
 .text._ZL7USB_ISRv
                0x000841f8      0x430 /home/jeanmarc/workspace/RepRapFirmware/Release/arduino.ar(USBCore.cpp.o)
 .text._Z9USBD_SendmPKvm
                0x00084628       0x4c /home/jeanmarc/workspace/RepRapFirmware/Release/arduino.ar(USBCore.cpp.o)
                0x00084628                _Z9USBD_SendmPKvm
 .text._Z9USBD_RecvmPvm
                0x00084674       0x7c /home/jeanmarc/workspace/RepRapFirmware/Release/arduino.ar(USBCore.cpp.o)
                0x00084674                _Z9USBD_RecvmPvm
 .text._Z9USBD_Recvm
                0x000846f0       0x1e /home/jeanmarc/workspace/RepRapFirmware/Release/arduino.ar(USBCore.cpp.o)
                0x000846f0                _Z9USBD_Recvm
 *fill*         0x0008470e        0x2 00
 .text._GLOBAL__I_TxLEDPulse
                0x00084710        0xc /home/jeanmarc/workspace/RepRapFirmware/Release/arduino.ar(USBCore.cpp.o)
 .text.initiateReset
                0x0008471c        0xc /home/jeanmarc/workspace/RepRapFirmware/Release/arduino.ar(Reset.cpp.o)
                0x0008471c                initiateReset
 .text.cancelReset
                0x00084728       0x10 /home/jeanmarc/workspace/RepRapFirmware/Release/arduino.ar(Reset.cpp.o)
                0x00084728                cancelReset
 .text.tickReset
                0x00084738       0x20 /home/jeanmarc/workspace/RepRapFirmware/Release/arduino.ar(Reset.cpp.o)
                0x00084738                tickReset
 .text._ZN7Serial_9availableEv
                0x00084758       0x18 /home/jeanmarc/workspace/RepRapFirmware/Release/arduino.ar(CDC.cpp.o)
                0x00084758                _ZN7Serial_9availableEv
 .text._ZN7Serial_4peekEv
                0x00084770       0x20 /home/jeanmarc/workspace/RepRapFirmware/Release/arduino.ar(CDC.cpp.o)
                0x00084770                _ZN7Serial_4peekEv
 .text._ZN7Serial_5writeEh
                0x00084790       0x14 /home/jeanmarc/workspace/RepRapFirmware/Release/arduino.ar(CDC.cpp.o)
                0x00084790                _ZN7Serial_5writeEh
 .text._ZN7Serial_5writeEPKhj
                0x000847a4       0x28 /home/jeanmarc/workspace/RepRapFirmware/Release/arduino.ar(CDC.cpp.o)
                0x000847a4                _ZN7Serial_5writeEPKhj
 .text._ZN7Serial_5flushEv
                0x000847cc        0x6 /home/jeanmarc/workspace/RepRapFirmware/Release/arduino.ar(CDC.cpp.o)
                0x000847cc                _ZN7Serial_5flushEv
 *fill*         0x000847d2        0x2 00
 .text._ZN7Serial_4readEv
                0x000847d4       0x44 /home/jeanmarc/workspace/RepRapFirmware/Release/arduino.ar(CDC.cpp.o)
                0x000847d4                _ZN7Serial_4readEv
 .text._ZN7Serial_6acceptEv
                0x00084818       0x6c /home/jeanmarc/workspace/RepRapFirmware/Release/arduino.ar(CDC.cpp.o)
                0x00084818                _ZN7Serial_6acceptEv
 .text._Z21CDC_GetOtherInterfacePh
                0x00084884       0x14 /home/jeanmarc/workspace/RepRapFirmware/Release/arduino.ar(CDC.cpp.o)
                0x00084884                _Z21CDC_GetOtherInterfacePh
 .text._Z16CDC_GetInterfacePh
                0x00084898       0x14 /home/jeanmarc/workspace/RepRapFirmware/Release/arduino.ar(CDC.cpp.o)
                0x00084898                _Z16CDC_GetInterfacePh
 .text._Z9CDC_SetupR5Setup
                0x000848ac       0x60 /home/jeanmarc/workspace/RepRapFirmware/Release/arduino.ar(CDC.cpp.o)
                0x000848ac                _Z9CDC_SetupR5Setup
 .text._GLOBAL__I_cdc_rx_buffer
                0x0008490c       0x1c /home/jeanmarc/workspace/RepRapFirmware/Release/arduino.ar(CDC.cpp.o)
 .text._Z9HID_SetupR5Setup
                0x00084928       0x44 /home/jeanmarc/workspace/RepRapFirmware/Release/arduino.ar(HID.cpp.o)
                0x00084928                _Z9HID_SetupR5Setup
 .text._ZN6Mouse_C1Ev
                0x0008496c        0x6 /home/jeanmarc/workspace/RepRapFirmware/Release/arduino.ar(HID.cpp.o)
                0x0008496c                _ZN6Mouse_C1Ev
 *fill*         0x00084972        0x2 00
 .text._ZN9Keyboard_C1Ev
                0x00084974       0x10 /home/jeanmarc/workspace/RepRapFirmware/Release/arduino.ar(HID.cpp.o)
                0x00084974                _ZN9Keyboard_C1Ev
 .text._ZN9Keyboard_5writeEh
                0x00084984       0x1c /home/jeanmarc/workspace/RepRapFirmware/Release/arduino.ar(HID.cpp.o)
                0x00084984                _ZN9Keyboard_5writeEh
 .text._Z14HID_SendReporthPKvm
                0x000849a0       0x2c /home/jeanmarc/workspace/RepRapFirmware/Release/arduino.ar(HID.cpp.o)
                0x000849a0                _Z14HID_SendReporthPKvm
 .text._ZN9Keyboard_10sendReportEP9KeyReport
                0x000849cc        0x8 /home/jeanmarc/workspace/RepRapFirmware/Release/arduino.ar(HID.cpp.o)
                0x000849cc                _ZN9Keyboard_10sendReportEP9KeyReport
 .text._ZN9Keyboard_10releaseAllEv
                0x000849d4       0x18 /home/jeanmarc/workspace/RepRapFirmware/Release/arduino.ar(HID.cpp.o)
                0x000849d4                _ZN9Keyboard_10releaseAllEv
 .text._ZN9Keyboard_7releaseEh
                0x000849ec       0x74 /home/jeanmarc/workspace/RepRapFirmware/Release/arduino.ar(HID.cpp.o)
                0x000849ec                _ZN9Keyboard_7releaseEh
 .text._ZN9Keyboard_5pressEh
                0x00084a60       0x9c /home/jeanmarc/workspace/RepRapFirmware/Release/arduino.ar(HID.cpp.o)
                0x00084a60                _ZN9Keyboard_5pressEh
 .text._Z17HID_GetDescriptori
                0x00084afc       0x10 /home/jeanmarc/workspace/RepRapFirmware/Release/arduino.ar(HID.cpp.o)
                0x00084afc                _Z17HID_GetDescriptori
 .text._Z16HID_GetInterfacePh
                0x00084b0c       0x14 /home/jeanmarc/workspace/RepRapFirmware/Release/arduino.ar(HID.cpp.o)
                0x00084b0c                _Z16HID_GetInterfacePh
 .text._GLOBAL__I_Mouse
                0x00084b20       0x1c /home/jeanmarc/workspace/RepRapFirmware/Release/arduino.ar(HID.cpp.o)
 .text.UDD_SetStack
                0x00084b3c        0xc /home/jeanmarc/arduino-1.5.2/hardware/arduino/sam/variants/arduino_due_x/libsam_sam3x8e_gcc_rel.a(uotghs_device.o)
                0x00084b3c                UDD_SetStack
 .text.UDD_Init
                0x00084b48       0xd0 /home/jeanmarc/arduino-1.5.2/hardware/arduino/sam/variants/arduino_due_x/libsam_sam3x8e_gcc_rel.a(uotghs_device.o)
                0x00084b48                UDD_Init
 .text.UDD_Attach
                0x00084c18       0x4c /home/jeanmarc/arduino-1.5.2/hardware/arduino/sam/variants/arduino_due_x/libsam_sam3x8e_gcc_rel.a(uotghs_device.o)
                0x00084c18                UDD_Attach
 .text.UDD_InitEP
                0x00084c64       0x30 /home/jeanmarc/arduino-1.5.2/hardware/arduino/sam/variants/arduino_due_x/libsam_sam3x8e_gcc_rel.a(uotghs_device.o)
                0x00084c64                UDD_InitEP
 .text.UDD_InitEndpoints
                0x00084c94       0x3c /home/jeanmarc/arduino-1.5.2/hardware/arduino/sam/variants/arduino_due_x/libsam_sam3x8e_gcc_rel.a(uotghs_device.o)
                0x00084c94                UDD_InitEndpoints
 .text.UDD_WaitIN
                0x00084cd0       0x14 /home/jeanmarc/arduino-1.5.2/hardware/arduino/sam/variants/arduino_due_x/libsam_sam3x8e_gcc_rel.a(uotghs_device.o)
                0x00084cd0                UDD_WaitIN
 .text.UDD_WaitOUT
                0x00084ce4       0x14 /home/jeanmarc/arduino-1.5.2/hardware/arduino/sam/variants/arduino_due_x/libsam_sam3x8e_gcc_rel.a(uotghs_device.o)
                0x00084ce4                UDD_WaitOUT
 .text.UDD_ClearIN
                0x00084cf8       0x18 /home/jeanmarc/arduino-1.5.2/hardware/arduino/sam/variants/arduino_due_x/libsam_sam3x8e_gcc_rel.a(uotghs_device.o)
                0x00084cf8                UDD_ClearIN
 .text.UDD_ClearOUT
                0x00084d10       0x18 /home/jeanmarc/arduino-1.5.2/hardware/arduino/sam/variants/arduino_due_x/libsam_sam3x8e_gcc_rel.a(uotghs_device.o)
                0x00084d10                UDD_ClearOUT
 .text.UDD_ReceivedSetupInt
                0x00084d28       0x10 /home/jeanmarc/arduino-1.5.2/hardware/arduino/sam/variants/arduino_due_x/libsam_sam3x8e_gcc_rel.a(uotghs_device.o)
                0x00084d28                UDD_ReceivedSetupInt
 .text.UDD_ClearSetupInt
                0x00084d38       0x10 /home/jeanmarc/arduino-1.5.2/hardware/arduino/sam/variants/arduino_due_x/libsam_sam3x8e_gcc_rel.a(uotghs_device.o)
                0x00084d38                UDD_ClearSetupInt
 .text.UDD_Send
                0x00084d48       0x90 /home/jeanmarc/arduino-1.5.2/hardware/arduino/sam/variants/arduino_due_x/libsam_sam3x8e_gcc_rel.a(uotghs_device.o)
                0x00084d48                UDD_Send
 .text.UDD_Send8
                0x00084dd8       0x28 /home/jeanmarc/arduino-1.5.2/hardware/arduino/sam/variants/arduino_due_x/libsam_sam3x8e_gcc_rel.a(uotghs_device.o)
                0x00084dd8                UDD_Send8
 .text.UDD_Recv8
                0x00084e00       0x28 /home/jeanmarc/arduino-1.5.2/hardware/arduino/sam/variants/arduino_due_x/libsam_sam3x8e_gcc_rel.a(uotghs_device.o)
                0x00084e00                UDD_Recv8
 .text.UDD_Recv
                0x00084e28       0x34 /home/jeanmarc/arduino-1.5.2/hardware/arduino/sam/variants/arduino_due_x/libsam_sam3x8e_gcc_rel.a(uotghs_device.o)
                0x00084e28                UDD_Recv
 .text.UDD_Stall
                0x00084e5c       0x14 /home/jeanmarc/arduino-1.5.2/hardware/arduino/sam/variants/arduino_due_x/libsam_sam3x8e_gcc_rel.a(uotghs_device.o)
                0x00084e5c                UDD_Stall
 .text.UDD_FifoByteCount
                0x00084e70       0x1c /home/jeanmarc/arduino-1.5.2/hardware/arduino/sam/variants/arduino_due_x/libsam_sam3x8e_gcc_rel.a(uotghs_device.o)
                0x00084e70                UDD_FifoByteCount
 .text.UDD_ReleaseRX
                0x00084e8c       0x2c /home/jeanmarc/arduino-1.5.2/hardware/arduino/sam/variants/arduino_due_x/libsam_sam3x8e_gcc_rel.a(uotghs_device.o)
                0x00084e8c                UDD_ReleaseRX
 .text.UDD_ReleaseTX
                0x00084eb8       0x2c /home/jeanmarc/arduino-1.5.2/hardware/arduino/sam/variants/arduino_due_x/libsam_sam3x8e_gcc_rel.a(uotghs_device.o)
                0x00084eb8                UDD_ReleaseTX
 .text.UDD_SetAddress
                0x00084ee4       0x20 /home/jeanmarc/arduino-1.5.2/hardware/arduino/sam/variants/arduino_due_x/libsam_sam3x8e_gcc_rel.a(uotghs_device.o)
                0x00084ee4                UDD_SetAddress
 .text._ZNSt9exceptionD2Ev
                0x00084f04        0xc /home/jeanmarc/arduino-1.5.2/hardware/tools/g++_arm_none_eabi/bin/../lib/gcc/arm-none-eabi/4.4.1/../../../../arm-none-eabi/lib/thumb2/libstdc++.a(eh_exception.o)
                0x00084f04                _ZNSt9exceptionD2Ev
 .text._ZNSt9exceptionD1Ev
                0x00084f10        0xc /home/jeanmarc/arduino-1.5.2/hardware/tools/g++_arm_none_eabi/bin/../lib/gcc/arm-none-eabi/4.4.1/../../../../arm-none-eabi/lib/thumb2/libstdc++.a(eh_exception.o)
                0x00084f10                _ZNSt9exceptionD1Ev
 .text._ZNSt13bad_exceptionD1Ev
                0x00084f1c        0xc /home/jeanmarc/arduino-1.5.2/hardware/tools/g++_arm_none_eabi/bin/../lib/gcc/arm-none-eabi/4.4.1/../../../../arm-none-eabi/lib/thumb2/libstdc++.a(eh_exception.o)
                0x00084f1c                _ZNSt13bad_exceptionD1Ev
 .text._ZNKSt9exception4whatEv
                0x00084f28        0xc /home/jeanmarc/arduino-1.5.2/hardware/tools/g++_arm_none_eabi/bin/../lib/gcc/arm-none-eabi/4.4.1/../../../../arm-none-eabi/lib/thumb2/libstdc++.a(eh_exception.o)
                0x00084f28                _ZNKSt9exception4whatEv
 .text._ZNKSt13bad_exception4whatEv
                0x00084f34        0xc /home/jeanmarc/arduino-1.5.2/hardware/tools/g++_arm_none_eabi/bin/../lib/gcc/arm-none-eabi/4.4.1/../../../../arm-none-eabi/lib/thumb2/libstdc++.a(eh_exception.o)
                0x00084f34                _ZNKSt13bad_exception4whatEv
 .text._ZNSt9exceptionD0Ev
                0x00084f40       0x14 /home/jeanmarc/arduino-1.5.2/hardware/tools/g++_arm_none_eabi/bin/../lib/gcc/arm-none-eabi/4.4.1/../../../../arm-none-eabi/lib/thumb2/libstdc++.a(eh_exception.o)
                0x00084f40                _ZNSt9exceptionD0Ev
 .text._ZNSt13bad_exceptionD0Ev
                0x00084f54       0x14 /home/jeanmarc/arduino-1.5.2/hardware/tools/g++_arm_none_eabi/bin/../lib/gcc/arm-none-eabi/4.4.1/../../../../arm-none-eabi/lib/thumb2/libstdc++.a(eh_exception.o)
                0x00084f54                _ZNSt13bad_exceptionD0Ev
 .text.__cxa_rethrow
                0x00084f68       0x74 /home/jeanmarc/arduino-1.5.2/hardware/tools/g++_arm_none_eabi/bin/../lib/gcc/arm-none-eabi/4.4.1/../../../../arm-none-eabi/lib/thumb2/libstdc++.a(eh_throw.o)
                0x00084f68                __cxa_rethrow
 .text.__cxa_throw
                0x00084fdc       0x68 /home/jeanmarc/arduino-1.5.2/hardware/tools/g++_arm_none_eabi/bin/../lib/gcc/arm-none-eabi/4.4.1/../../../../arm-none-eabi/lib/thumb2/libstdc++.a(eh_throw.o)
                0x00084fdc                __cxa_throw
 .text._ZL23__gxx_exception_cleanup19_Unwind_Reason_CodeP21_Unwind_Control_Block
                0x00085044       0x2c /home/jeanmarc/arduino-1.5.2/hardware/tools/g++_arm_none_eabi/bin/../lib/gcc/arm-none-eabi/4.4.1/../../../../arm-none-eabi/lib/thumb2/libstdc++.a(eh_throw.o)
 .text._ZdlPv   0x00085070        0x8 /home/jeanmarc/arduino-1.5.2/hardware/tools/g++_arm_none_eabi/bin/../lib/gcc/arm-none-eabi/4.4.1/../../../../arm-none-eabi/lib/thumb2/libstdc++.a(del_op.o)
                0x00085070                _ZdlPv
 .text.__cxa_end_catch
                0x00085078       0x94 /home/jeanmarc/arduino-1.5.2/hardware/tools/g++_arm_none_eabi/bin/../lib/gcc/arm-none-eabi/4.4.1/../../../../arm-none-eabi/lib/thumb2/libstdc++.a(eh_catch.o)
                0x00085078                __cxa_end_catch
 .text.__cxa_begin_catch
                0x0008510c       0x94 /home/jeanmarc/arduino-1.5.2/hardware/tools/g++_arm_none_eabi/bin/../lib/gcc/arm-none-eabi/4.4.1/../../../../arm-none-eabi/lib/thumb2/libstdc++.a(eh_catch.o)
                0x0008510c                __cxa_begin_catch
 .text._ZNK10__cxxabiv120__si_class_type_info11__do_upcastEPKNS_17__class_type_infoEPKvRNS1_15__upcast_resultE
                0x000851a0       0x28 /home/jeanmarc/arduino-1.5.2/hardware/tools/g++_arm_none_eabi/bin/../lib/gcc/arm-none-eabi/4.4.1/../../../../arm-none-eabi/lib/thumb2/libstdc++.a(si_class_type_info.o)
                0x000851a0                _ZNK10__cxxabiv120__si_class_type_info11__do_upcastEPKNS_17__class_type_infoEPKvRNS1_15__upcast_resultE
 .text._ZNK10__cxxabiv120__si_class_type_info12__do_dyncastEiNS_17__class_type_info10__sub_kindEPKS1_PKvS4_S6_RNS1_16__dyncast_resultE
                0x000851c8       0x88 /home/jeanmarc/arduino-1.5.2/hardware/tools/g++_arm_none_eabi/bin/../lib/gcc/arm-none-eabi/4.4.1/../../../../arm-none-eabi/lib/thumb2/libstdc++.a(si_class_type_info.o)
                0x000851c8                _ZNK10__cxxabiv120__si_class_type_info12__do_dyncastEiNS_17__class_type_info10__sub_kindEPKS1_PKvS4_S6_RNS1_16__dyncast_resultE
 .text._ZNK10__cxxabiv120__si_class_type_info20__do_find_public_srcEiPKvPKNS_17__class_type_infoES2_
                0x00085250       0x38 /home/jeanmarc/arduino-1.5.2/hardware/tools/g++_arm_none_eabi/bin/../lib/gcc/arm-none-eabi/4.4.1/../../../../arm-none-eabi/lib/thumb2/libstdc++.a(si_class_type_info.o)
                0x00085250                _ZNK10__cxxabiv120__si_class_type_info20__do_find_public_srcEiPKvPKNS_17__class_type_infoES2_
 .text._ZN10__cxxabiv120__si_class_type_infoD1Ev
                0x00085288       0x14 /home/jeanmarc/arduino-1.5.2/hardware/tools/g++_arm_none_eabi/bin/../lib/gcc/arm-none-eabi/4.4.1/../../../../arm-none-eabi/lib/thumb2/libstdc++.a(si_class_type_info.o)
                0x00085288                _ZN10__cxxabiv120__si_class_type_infoD1Ev
 .text._ZN10__cxxabiv120__si_class_type_infoD0Ev
                0x0008529c       0x1c /home/jeanmarc/arduino-1.5.2/hardware/tools/g++_arm_none_eabi/bin/../lib/gcc/arm-none-eabi/4.4.1/../../../../arm-none-eabi/lib/thumb2/libstdc++.a(si_class_type_info.o)
                0x0008529c                _ZN10__cxxabiv120__si_class_type_infoD0Ev
 .text.__cxa_get_globals_fast
                0x000852b8        0xc /home/jeanmarc/arduino-1.5.2/hardware/tools/g++_arm_none_eabi/bin/../lib/gcc/arm-none-eabi/4.4.1/../../../../arm-none-eabi/lib/thumb2/libstdc++.a(eh_globals.o)
                0x000852b8                __cxa_get_globals_fast
 .text.__cxa_get_globals
                0x000852c4        0xc /home/jeanmarc/arduino-1.5.2/hardware/tools/g++_arm_none_eabi/bin/../lib/gcc/arm-none-eabi/4.4.1/../../../../arm-none-eabi/lib/thumb2/libstdc++.a(eh_globals.o)
                0x000852c4                __cxa_get_globals
 .text._Znaj    0x000852d0       0x18 /home/jeanmarc/arduino-1.5.2/hardware/tools/g++_arm_none_eabi/bin/../lib/gcc/arm-none-eabi/4.4.1/../../../../arm-none-eabi/lib/thumb2/libstdc++.a(new_opv.o)
                0x000852d0                _Znaj
 .text._Znwj    0x000852e8       0x68 /home/jeanmarc/arduino-1.5.2/hardware/tools/g++_arm_none_eabi/bin/../lib/gcc/arm-none-eabi/4.4.1/../../../../arm-none-eabi/lib/thumb2/libstdc++.a(new_op.o)
                0x000852e8                _Znwj
 .text._ZL21base_of_encoded_valuehP15_Unwind_Context
                0x00085350       0x4c /home/jeanmarc/arduino-1.5.2/hardware/tools/g++_arm_none_eabi/bin/../lib/gcc/arm-none-eabi/4.4.1/../../../../arm-none-eabi/lib/thumb2/libstdc++.a(eh_personality.o)
 .text._ZL17parse_lsda_headerP15_Unwind_ContextPKhP16lsda_header_info
                0x0008539c      0x190 /home/jeanmarc/arduino-1.5.2/hardware/tools/g++_arm_none_eabi/bin/../lib/gcc/arm-none-eabi/4.4.1/../../../../arm-none-eabi/lib/thumb2/libstdc++.a(eh_personality.o)
 .text.__gxx_personality_v0
                0x0008552c      0x754 /home/jeanmarc/arduino-1.5.2/hardware/tools/g++_arm_none_eabi/bin/../lib/gcc/arm-none-eabi/4.4.1/../../../../arm-none-eabi/lib/thumb2/libstdc++.a(eh_personality.o)
                0x0008552c                __gxx_personality_v0
 .text.__cxa_call_terminate
                0x00085c80       0x50 /home/jeanmarc/arduino-1.5.2/hardware/tools/g++_arm_none_eabi/bin/../lib/gcc/arm-none-eabi/4.4.1/../../../../arm-none-eabi/lib/thumb2/libstdc++.a(eh_call.o)
                0x00085c80                __cxa_call_terminate
 .text.__cxa_call_unexpected
                0x00085cd0      0x128 /home/jeanmarc/arduino-1.5.2/hardware/tools/g++_arm_none_eabi/bin/../lib/gcc/arm-none-eabi/4.4.1/../../../../arm-none-eabi/lib/thumb2/libstdc++.a(eh_call.o)
                0x00085cd0                __cxa_call_unexpected
 .text._GLOBAL__I___cxa_allocate_exception
                0x00085df8        0x4 /home/jeanmarc/arduino-1.5.2/hardware/tools/g++_arm_none_eabi/bin/../lib/gcc/arm-none-eabi/4.4.1/../../../../arm-none-eabi/lib/thumb2/libstdc++.a(eh_alloc.o)
 .text.__cxa_free_exception
                0x00085dfc       0x38 /home/jeanmarc/arduino-1.5.2/hardware/tools/g++_arm_none_eabi/bin/../lib/gcc/arm-none-eabi/4.4.1/../../../../arm-none-eabi/lib/thumb2/libstdc++.a(eh_alloc.o)
                0x00085dfc                __cxa_free_exception
 .text.__cxa_allocate_exception
                0x00085e34       0x90 /home/jeanmarc/arduino-1.5.2/hardware/tools/g++_arm_none_eabi/bin/../lib/gcc/arm-none-eabi/4.4.1/../../../../arm-none-eabi/lib/thumb2/libstdc++.a(eh_alloc.o)
                0x00085e34                __cxa_allocate_exception
 .text._ZN10__cxxabiv111__terminateEPFvvE
                0x00085ec4       0x20 /home/jeanmarc/arduino-1.5.2/hardware/tools/g++_arm_none_eabi/bin/../lib/gcc/arm-none-eabi/4.4.1/../../../../arm-none-eabi/lib/thumb2/libstdc++.a(eh_terminate.o)
                0x00085ec4                _ZN10__cxxabiv111__terminateEPFvvE
 .text._ZSt9terminatev
                0x00085ee4       0x10 /home/jeanmarc/arduino-1.5.2/hardware/tools/g++_arm_none_eabi/bin/../lib/gcc/arm-none-eabi/4.4.1/../../../../arm-none-eabi/lib/thumb2/libstdc++.a(eh_terminate.o)
                0x00085ee4                _ZSt9terminatev
 .text._ZN10__cxxabiv112__unexpectedEPFvvE
                0x00085ef4        0x8 /home/jeanmarc/arduino-1.5.2/hardware/tools/g++_arm_none_eabi/bin/../lib/gcc/arm-none-eabi/4.4.1/../../../../arm-none-eabi/lib/thumb2/libstdc++.a(eh_terminate.o)
                0x00085ef4                _ZN10__cxxabiv112__unexpectedEPFvvE
 .text._ZSt10unexpectedv
                0x00085efc       0x10 /home/jeanmarc/arduino-1.5.2/hardware/tools/g++_arm_none_eabi/bin/../lib/gcc/arm-none-eabi/4.4.1/../../../../arm-none-eabi/lib/thumb2/libstdc++.a(eh_terminate.o)
                0x00085efc                _ZSt10unexpectedv
 .text          0x00085f0c        0xc /home/jeanmarc/arduino-1.5.2/hardware/tools/g++_arm_none_eabi/bin/../lib/gcc/arm-none-eabi/4.4.1/../../../../arm-none-eabi/lib/thumb2/libstdc++.a(eh_arm.o)
                0x00085f0c                __cxa_end_cleanup
 .text.__cxa_type_match
                0x00085f18      0x100 /home/jeanmarc/arduino-1.5.2/hardware/tools/g++_arm_none_eabi/bin/../lib/gcc/arm-none-eabi/4.4.1/../../../../arm-none-eabi/lib/thumb2/libstdc++.a(eh_arm.o)
                0x00085f18                __cxa_type_match
 .text.__cxa_begin_cleanup
                0x00086018       0x70 /home/jeanmarc/arduino-1.5.2/hardware/tools/g++_arm_none_eabi/bin/../lib/gcc/arm-none-eabi/4.4.1/../../../../arm-none-eabi/lib/thumb2/libstdc++.a(eh_arm.o)
                0x00086018                __cxa_begin_cleanup
 .text.__gnu_end_cleanup
                0x00086088       0x74 /home/jeanmarc/arduino-1.5.2/hardware/tools/g++_arm_none_eabi/bin/../lib/gcc/arm-none-eabi/4.4.1/../../../../arm-none-eabi/lib/thumb2/libstdc++.a(eh_arm.o)
                0x00086088                __gnu_end_cleanup
 .text._ZNSt9type_infoD2Ev
                0x000860fc        0xc /home/jeanmarc/arduino-1.5.2/hardware/tools/g++_arm_none_eabi/bin/../lib/gcc/arm-none-eabi/4.4.1/../../../../arm-none-eabi/lib/thumb2/libstdc++.a(tinfo.o)
                0x000860fc                _ZNSt9type_infoD2Ev
 .text._ZNSt9type_infoD1Ev
                0x00086108        0xc /home/jeanmarc/arduino-1.5.2/hardware/tools/g++_arm_none_eabi/bin/../lib/gcc/arm-none-eabi/4.4.1/../../../../arm-none-eabi/lib/thumb2/libstdc++.a(tinfo.o)
                0x00086108                _ZNSt9type_infoD1Ev
 .text._ZNKSt9type_infoeqERKS_
                0x00086114       0x10 /home/jeanmarc/arduino-1.5.2/hardware/tools/g++_arm_none_eabi/bin/../lib/gcc/arm-none-eabi/4.4.1/../../../../arm-none-eabi/lib/thumb2/libstdc++.a(tinfo.o)
                0x00086114                _ZNKSt9type_infoeqERKS_
 .text._ZNKSt9type_info14__is_pointer_pEv
                0x00086124        0x4 /home/jeanmarc/arduino-1.5.2/hardware/tools/g++_arm_none_eabi/bin/../lib/gcc/arm-none-eabi/4.4.1/../../../../arm-none-eabi/lib/thumb2/libstdc++.a(tinfo.o)
                0x00086124                _ZNKSt9type_info14__is_pointer_pEv
 .text._ZNKSt9type_info15__is_function_pEv
                0x00086128        0x4 /home/jeanmarc/arduino-1.5.2/hardware/tools/g++_arm_none_eabi/bin/../lib/gcc/arm-none-eabi/4.4.1/../../../../arm-none-eabi/lib/thumb2/libstdc++.a(tinfo.o)
                0x00086128                _ZNKSt9type_info15__is_function_pEv
 .text._ZNKSt9type_info10__do_catchEPKS_PPvj
                0x0008612c       0x10 /home/jeanmarc/arduino-1.5.2/hardware/tools/g++_arm_none_eabi/bin/../lib/gcc/arm-none-eabi/4.4.1/../../../../arm-none-eabi/lib/thumb2/libstdc++.a(tinfo.o)
                0x0008612c                _ZNKSt9type_info10__do_catchEPKS_PPvj
 .text._ZNKSt9type_info11__do_upcastEPKN10__cxxabiv117__class_type_infoEPPv
                0x0008613c        0x4 /home/jeanmarc/arduino-1.5.2/hardware/tools/g++_arm_none_eabi/bin/../lib/gcc/arm-none-eabi/4.4.1/../../../../arm-none-eabi/lib/thumb2/libstdc++.a(tinfo.o)
                0x0008613c                _ZNKSt9type_info11__do_upcastEPKN10__cxxabiv117__class_type_infoEPPv
 .text._ZNSt9type_infoD0Ev
                0x00086140       0x14 /home/jeanmarc/arduino-1.5.2/hardware/tools/g++_arm_none_eabi/bin/../lib/gcc/arm-none-eabi/4.4.1/../../../../arm-none-eabi/lib/thumb2/libstdc++.a(tinfo.o)
                0x00086140                _ZNSt9type_infoD0Ev
 .text.__cxa_bad_typeid
                0x00086154       0x24 /home/jeanmarc/arduino-1.5.2/hardware/tools/g++_arm_none_eabi/bin/../lib/gcc/arm-none-eabi/4.4.1/../../../../arm-none-eabi/lib/thumb2/libstdc++.a(eh_aux_runtime.o)
                0x00086154                __cxa_bad_typeid
 .text._ZN10__cxxabiv123__fundamental_type_infoD1Ev
                0x00086178       0x14 /home/jeanmarc/arduino-1.5.2/hardware/tools/g++_arm_none_eabi/bin/../lib/gcc/arm-none-eabi/4.4.1/../../../../arm-none-eabi/lib/thumb2/libstdc++.a(fundamental_type_info.o)
                0x00086178                _ZN10__cxxabiv123__fundamental_type_infoD1Ev
 .text._ZN10__cxxabiv123__fundamental_type_infoD0Ev
                0x0008618c       0x1c /home/jeanmarc/arduino-1.5.2/hardware/tools/g++_arm_none_eabi/bin/../lib/gcc/arm-none-eabi/4.4.1/../../../../arm-none-eabi/lib/thumb2/libstdc++.a(fundamental_type_info.o)
                0x0008618c                _ZN10__cxxabiv123__fundamental_type_infoD0Ev
 .text._ZNKSt9bad_alloc4whatEv
                0x000861a8        0xc /home/jeanmarc/arduino-1.5.2/hardware/tools/g++_arm_none_eabi/bin/../lib/gcc/arm-none-eabi/4.4.1/../../../../arm-none-eabi/lib/thumb2/libstdc++.a(new_handler.o)
                0x000861a8                _ZNKSt9bad_alloc4whatEv
 .text._ZNSt9bad_allocD1Ev
                0x000861b4       0x14 /home/jeanmarc/arduino-1.5.2/hardware/tools/g++_arm_none_eabi/bin/../lib/gcc/arm-none-eabi/4.4.1/../../../../arm-none-eabi/lib/thumb2/libstdc++.a(new_handler.o)
                0x000861b4                _ZNSt9bad_allocD1Ev
 .text._ZNSt9bad_allocD0Ev
                0x000861c8       0x1c /home/jeanmarc/arduino-1.5.2/hardware/tools/g++_arm_none_eabi/bin/../lib/gcc/arm-none-eabi/4.4.1/../../../../arm-none-eabi/lib/thumb2/libstdc++.a(new_handler.o)
                0x000861c8                _ZNSt9bad_allocD0Ev
 .text._ZNK10__cxxabiv117__class_type_info11__do_upcastEPKS0_PPv
                0x000861e4       0x38 /home/jeanmarc/arduino-1.5.2/hardware/tools/g++_arm_none_eabi/bin/../lib/gcc/arm-none-eabi/4.4.1/../../../../arm-none-eabi/lib/thumb2/libstdc++.a(class_type_info.o)
                0x000861e4                _ZNK10__cxxabiv117__class_type_info11__do_upcastEPKS0_PPv
 .text._ZNK10__cxxabiv117__class_type_info20__do_find_public_srcEiPKvPKS0_S2_
                0x0008621c        0xc /home/jeanmarc/arduino-1.5.2/hardware/tools/g++_arm_none_eabi/bin/../lib/gcc/arm-none-eabi/4.4.1/../../../../arm-none-eabi/lib/thumb2/libstdc++.a(class_type_info.o)
                0x0008621c                _ZNK10__cxxabiv117__class_type_info20__do_find_public_srcEiPKvPKS0_S2_
 .text._ZNK10__cxxabiv117__class_type_info11__do_upcastEPKS0_PKvRNS0_15__upcast_resultE
                0x00086228       0x1c /home/jeanmarc/arduino-1.5.2/hardware/tools/g++_arm_none_eabi/bin/../lib/gcc/arm-none-eabi/4.4.1/../../../../arm-none-eabi/lib/thumb2/libstdc++.a(class_type_info.o)
                0x00086228                _ZNK10__cxxabiv117__class_type_info11__do_upcastEPKS0_PKvRNS0_15__upcast_resultE
 .text._ZNK10__cxxabiv117__class_type_info12__do_dyncastEiNS0_10__sub_kindEPKS0_PKvS3_S5_RNS0_16__dyncast_resultE
                0x00086244       0x3c /home/jeanmarc/arduino-1.5.2/hardware/tools/g++_arm_none_eabi/bin/../lib/gcc/arm-none-eabi/4.4.1/../../../../arm-none-eabi/lib/thumb2/libstdc++.a(class_type_info.o)
                0x00086244                _ZNK10__cxxabiv117__class_type_info12__do_dyncastEiNS0_10__sub_kindEPKS0_PKvS3_S5_RNS0_16__dyncast_resultE
 .text._ZNK10__cxxabiv117__class_type_info10__do_catchEPKSt9type_infoPPvj
                0x00086280       0x28 /home/jeanmarc/arduino-1.5.2/hardware/tools/g++_arm_none_eabi/bin/../lib/gcc/arm-none-eabi/4.4.1/../../../../arm-none-eabi/lib/thumb2/libstdc++.a(class_type_info.o)
                0x00086280                _ZNK10__cxxabiv117__class_type_info10__do_catchEPKSt9type_infoPPvj
 .text._ZN10__cxxabiv117__class_type_infoD1Ev
                0x000862a8       0x14 /home/jeanmarc/arduino-1.5.2/hardware/tools/g++_arm_none_eabi/bin/../lib/gcc/arm-none-eabi/4.4.1/../../../../arm-none-eabi/lib/thumb2/libstdc++.a(class_type_info.o)
                0x000862a8                _ZN10__cxxabiv117__class_type_infoD1Ev
 .text._ZN10__cxxabiv117__class_type_infoD2Ev
                0x000862bc       0x14 /home/jeanmarc/arduino-1.5.2/hardware/tools/g++_arm_none_eabi/bin/../lib/gcc/arm-none-eabi/4.4.1/../../../../arm-none-eabi/lib/thumb2/libstdc++.a(class_type_info.o)
                0x000862bc                _ZN10__cxxabiv117__class_type_infoD2Ev
 .text._ZN10__cxxabiv117__class_type_infoD0Ev
                0x000862d0       0x1c /home/jeanmarc/arduino-1.5.2/hardware/tools/g++_arm_none_eabi/bin/../lib/gcc/arm-none-eabi/4.4.1/../../../../arm-none-eabi/lib/thumb2/libstdc++.a(class_type_info.o)
                0x000862d0                _ZN10__cxxabiv117__class_type_infoD0Ev
 .text._ZNKSt10bad_typeid4whatEv
                0x000862ec        0xc /home/jeanmarc/arduino-1.5.2/hardware/tools/g++_arm_none_eabi/bin/../lib/gcc/arm-none-eabi/4.4.1/../../../../arm-none-eabi/lib/thumb2/libstdc++.a(bad_typeid.o)
                0x000862ec                _ZNKSt10bad_typeid4whatEv
 .text._ZNSt10bad_typeidD1Ev
                0x000862f8       0x14 /home/jeanmarc/arduino-1.5.2/hardware/tools/g++_arm_none_eabi/bin/../lib/gcc/arm-none-eabi/4.4.1/../../../../arm-none-eabi/lib/thumb2/libstdc++.a(bad_typeid.o)
                0x000862f8                _ZNSt10bad_typeidD1Ev
 .text._ZNSt10bad_typeidD0Ev
                0x0008630c       0x1c /home/jeanmarc/arduino-1.5.2/hardware/tools/g++_arm_none_eabi/bin/../lib/gcc/arm-none-eabi/4.4.1/../../../../arm-none-eabi/lib/thumb2/libstdc++.a(bad_typeid.o)
                0x0008630c                _ZNSt10bad_typeidD0Ev
 .text._ZN9__gnu_cxx27__verbose_terminate_handlerEv
                0x00086328      0x140 /home/jeanmarc/arduino-1.5.2/hardware/tools/g++_arm_none_eabi/bin/../lib/gcc/arm-none-eabi/4.4.1/../../../../arm-none-eabi/lib/thumb2/libstdc++.a(vterminate.o)
                0x00086328                _ZN9__gnu_cxx27__verbose_terminate_handlerEv
 .text._ZNK10__cxxabiv119__pointer_type_info14__is_pointer_pEv
                0x00086468        0x4 /home/jeanmarc/arduino-1.5.2/hardware/tools/g++_arm_none_eabi/bin/../lib/gcc/arm-none-eabi/4.4.1/../../../../arm-none-eabi/lib/thumb2/libstdc++.a(pointer_type_info.o)
                0x00086468                _ZNK10__cxxabiv119__pointer_type_info14__is_pointer_pEv
 .text._ZNK10__cxxabiv119__pointer_type_info15__pointer_catchEPKNS_17__pbase_type_infoEPPvj
                0x0008646c       0x4c /home/jeanmarc/arduino-1.5.2/hardware/tools/g++_arm_none_eabi/bin/../lib/gcc/arm-none-eabi/4.4.1/../../../../arm-none-eabi/lib/thumb2/libstdc++.a(pointer_type_info.o)
                0x0008646c                _ZNK10__cxxabiv119__pointer_type_info15__pointer_catchEPKNS_17__pbase_type_infoEPPvj
 .text._ZN10__cxxabiv119__pointer_type_infoD1Ev
                0x000864b8       0x14 /home/jeanmarc/arduino-1.5.2/hardware/tools/g++_arm_none_eabi/bin/../lib/gcc/arm-none-eabi/4.4.1/../../../../arm-none-eabi/lib/thumb2/libstdc++.a(pointer_type_info.o)
                0x000864b8                _ZN10__cxxabiv119__pointer_type_infoD1Ev
 .text._ZN10__cxxabiv119__pointer_type_infoD0Ev
                0x000864cc       0x1c /home/jeanmarc/arduino-1.5.2/hardware/tools/g++_arm_none_eabi/bin/../lib/gcc/arm-none-eabi/4.4.1/../../../../arm-none-eabi/lib/thumb2/libstdc++.a(pointer_type_info.o)
                0x000864cc                _ZN10__cxxabiv119__pointer_type_infoD0Ev
 .text.__cxa_current_exception_type
                0x000864e8       0x1c /home/jeanmarc/arduino-1.5.2/hardware/tools/g++_arm_none_eabi/bin/../lib/gcc/arm-none-eabi/4.4.1/../../../../arm-none-eabi/lib/thumb2/libstdc++.a(eh_type.o)
                0x000864e8                __cxa_current_exception_type
 .text          0x00086504     0x38b8 /home/jeanmarc/arduino-1.5.2/hardware/tools/g++_arm_none_eabi/bin/../lib/gcc/arm-none-eabi/4.4.1/../../../../arm-none-eabi/lib/thumb2/libstdc++.a(cp-demangle.o)
                0x0008992c                __gcclibcxx_demangle_callback
                0x0008995c                __cxa_demangle
 .text._ZNK10__cxxabiv117__pbase_type_info15__pointer_catchEPKS0_PPvj
                0x00089dbc       0x14 /home/jeanmarc/arduino-1.5.2/hardware/tools/g++_arm_none_eabi/bin/../lib/gcc/arm-none-eabi/4.4.1/../../../../arm-none-eabi/lib/thumb2/libstdc++.a(pbase_type_info.o)
                0x00089dbc                _ZNK10__cxxabiv117__pbase_type_info15__pointer_catchEPKS0_PPvj
 .text._ZNK10__cxxabiv117__pbase_type_info10__do_catchEPKSt9type_infoPPvj
                0x00089dd0       0x68 /home/jeanmarc/arduino-1.5.2/hardware/tools/g++_arm_none_eabi/bin/../lib/gcc/arm-none-eabi/4.4.1/../../../../arm-none-eabi/lib/thumb2/libstdc++.a(pbase_type_info.o)
                0x00089dd0                _ZNK10__cxxabiv117__pbase_type_info10__do_catchEPKSt9type_infoPPvj
 .text._ZN10__cxxabiv117__pbase_type_infoD1Ev
                0x00089e38       0x14 /home/jeanmarc/arduino-1.5.2/hardware/tools/g++_arm_none_eabi/bin/../lib/gcc/arm-none-eabi/4.4.1/../../../../arm-none-eabi/lib/thumb2/libstdc++.a(pbase_type_info.o)
                0x00089e38                _ZN10__cxxabiv117__pbase_type_infoD1Ev
 .text._ZN10__cxxabiv117__pbase_type_infoD2Ev
                0x00089e4c       0x14 /home/jeanmarc/arduino-1.5.2/hardware/tools/g++_arm_none_eabi/bin/../lib/gcc/arm-none-eabi/4.4.1/../../../../arm-none-eabi/lib/thumb2/libstdc++.a(pbase_type_info.o)
                0x00089e4c                _ZN10__cxxabiv117__pbase_type_infoD2Ev
 .text._ZN10__cxxabiv117__pbase_type_infoD0Ev
                0x00089e60       0x1c /home/jeanmarc/arduino-1.5.2/hardware/tools/g++_arm_none_eabi/bin/../lib/gcc/arm-none-eabi/4.4.1/../../../../arm-none-eabi/lib/thumb2/libstdc++.a(pbase_type_info.o)
                0x00089e60                _ZN10__cxxabiv117__pbase_type_infoD0Ev
 .text          0x00089e7c       0x24 /home/jeanmarc/arduino-1.5.2/hardware/tools/g++_arm_none_eabi/bin/../lib/gcc/arm-none-eabi/4.4.1/../../../../arm-none-eabi/lib/thumb2/libm.a(lib_a-s_isinfd.o)
                0x00089e7c                __isinfd
 .text          0x00089ea0       0x1c /home/jeanmarc/arduino-1.5.2/hardware/tools/g++_arm_none_eabi/bin/../lib/gcc/arm-none-eabi/4.4.1/../../../../arm-none-eabi/lib/thumb2/libm.a(lib_a-s_isnand.o)
                0x00089ea0                __isnand
 *fill*         0x00089ebc        0x4 00
 .text          0x00089ec0      0x100 /home/jeanmarc/arduino-1.5.2/hardware/tools/g++_arm_none_eabi/bin/../lib/gcc/arm-none-eabi/4.4.1/../../../../arm-none-eabi/lib/thumb2/libm.a(lib_a-w_exp.o)
                0x00089ec0                exp
 .text          0x00089fc0      0x318 /home/jeanmarc/arduino-1.5.2/hardware/tools/g++_arm_none_eabi/bin/../lib/gcc/arm-none-eabi/4.4.1/../../../../arm-none-eabi/lib/thumb2/libm.a(lib_a-e_exp.o)
                0x00089fc0                __ieee754_exp
 .text          0x0008a2d8       0x10 /home/jeanmarc/arduino-1.5.2/hardware/tools/g++_arm_none_eabi/bin/../lib/gcc/arm-none-eabi/4.4.1/../../../../arm-none-eabi/lib/thumb2/libm.a(lib_a-s_finite.o)
                0x0008a2d8                finite
 .text          0x0008a2e8        0x4 /home/jeanmarc/arduino-1.5.2/hardware/tools/g++_arm_none_eabi/bin/../lib/gcc/arm-none-eabi/4.4.1/../../../../arm-none-eabi/lib/thumb2/libm.a(lib_a-s_matherr.o)
                0x0008a2e8                matherr
 .text          0x0008a2ec      0x370 /home/jeanmarc/arduino-1.5.2/hardware/tools/g++_arm_none_eabi/bin/../lib/gcc/arm-none-eabi/4.4.1/thumb2/libgcc.a(_arm_addsubdf3.o)
                0x0008a2ec                __aeabi_drsub
                0x0008a2f4                __aeabi_dsub
                0x0008a2f4                __subdf3
                0x0008a2f8                __adddf3
                0x0008a2f8                __aeabi_dadd
                0x0008a570                __aeabi_ui2d
                0x0008a570                __floatunsidf
                0x0008a590                __floatsidf
                0x0008a590                __aeabi_i2d
                0x0008a5b4                __extendsfdf2
                0x0008a5b4                __aeabi_f2d
                0x0008a5f0                __aeabi_ul2d
                0x0008a5f0                __floatundidf
                0x0008a600                __floatdidf
                0x0008a600                __aeabi_l2d
 .text          0x0008a65c      0x424 /home/jeanmarc/arduino-1.5.2/hardware/tools/g++_arm_none_eabi/bin/../lib/gcc/arm-none-eabi/4.4.1/thumb2/libgcc.a(_arm_muldivdf3.o)
                0x0008a65c                __aeabi_dmul
                0x0008a65c                __muldf3
                0x0008a8b0                __aeabi_ddiv
                0x0008a8b0                __divdf3
 .text          0x0008aa80      0x110 /home/jeanmarc/arduino-1.5.2/hardware/tools/g++_arm_none_eabi/bin/../lib/gcc/arm-none-eabi/4.4.1/thumb2/libgcc.a(_arm_cmpdf2.o)
                0x0008aa80                __gtdf2
                0x0008aa80                __gedf2
                0x0008aa88                __ltdf2
                0x0008aa88                __ledf2
                0x0008aa90                __cmpdf2
                0x0008aa90                __eqdf2
                0x0008aa90                __nedf2
                0x0008ab0c                __aeabi_cdrcmple
                0x0008ab1c                __aeabi_cdcmple
                0x0008ab1c                __aeabi_cdcmpeq
                0x0008ab2c                __aeabi_dcmpeq
                0x0008ab40                __aeabi_dcmplt
                0x0008ab54                __aeabi_dcmple
                0x0008ab68                __aeabi_dcmpge
                0x0008ab7c                __aeabi_dcmpgt